Component: ARM Compiler 5.06 update 7 (build 960) Tool: armlink [4d3601]

==============================================================================

Section Cross References

    main.o(i.main) refers to board.o(i.board_lowlevel_init) for board_lowlevel_init
    main.o(i.main) refers to tasks.o(i.xTaskCreate) for xTaskCreate
    main.o(i.main) refers to tasks.o(i.vTaskStartScheduler) for vTaskStartScheduler
    main.o(i.main) refers to main.o(i.main_init) for main_init
    main.o(i.main_init) refers to board.o(i.board_init) for board_init
    main.o(i.main_init) refers to welcome_page.o(i.welcome_page_display) for welcome_page_display
    main.o(i.main_init) refers to wifi.o(i.wifi_init) for wifi_init
    main.o(i.main_init) refers to wifi_page.o(i.wifi_page_display) for wifi_page_display
    main.o(i.main_init) refers to wifi.o(i.wifi_wait_connect) for wifi_wait_connect
    main.o(i.main_init) refers to main_page.o(i.main_page_display) for main_page_display
    main.o(i.main_init) refers to mloop.o(i.main_loop_init) for main_loop_init
    main.o(i.main_init) refers to tasks.o(i.vTaskDelete) for vTaskDelete
    mloop.o(i.inner_update) refers to timers.o(i.xTimerGenericCommand) for xTimerGenericCommand
    mloop.o(i.inner_update) refers to aht20.o(i.aht20_start_measurement) for aht20_start_measurement
    mloop.o(i.inner_update) refers to aht20.o(i.aht20_wait_for_measurement) for aht20_wait_for_measurement
    mloop.o(i.inner_update) refers to aht20.o(i.aht20_read_measurement) for aht20_read_measurement
    mloop.o(i.inner_update) refers to f2d.o(x$fpl$f2d) for __aeabi_f2d
    mloop.o(i.inner_update) refers to usart.o(i.usart_printf) for usart_printf
    mloop.o(i.inner_update) refers to main_page.o(i.main_page_redraw_inner_temperature) for main_page_redraw_inner_temperature
    mloop.o(i.inner_update) refers to main_page.o(i.main_page_redraw_inner_humidity) for main_page_redraw_inner_humidity
    mloop.o(i.inner_update) refers to mloop.o(.data) for .data
    mloop.o(i.main_loop_func) refers to mloop.o(i.time_sync) for time_sync
    mloop.o(i.main_loop_func) refers to mloop.o(i.wifi_update) for wifi_update
    mloop.o(i.main_loop_func) refers to mloop.o(i.time_update) for time_update
    mloop.o(i.main_loop_func) refers to mloop.o(i.inner_update) for inner_update
    mloop.o(i.main_loop_func) refers to mloop.o(i.outdoor_update) for outdoor_update
    mloop.o(i.main_loop_func) refers to tasks.o(i.ulTaskGenericNotifyTake) for ulTaskGenericNotifyTake
    mloop.o(i.main_loop_init) refers to timers.o(i.xTimerCreate) for xTimerCreate
    mloop.o(i.main_loop_init) refers to tasks.o(i.xTaskCreate) for xTaskCreate
    mloop.o(i.main_loop_init) refers to tasks.o(i.xTaskGenericNotify) for xTaskGenericNotify
    mloop.o(i.main_loop_init) refers to tasks.o(i.xTaskGetTickCount) for xTaskGetTickCount
    mloop.o(i.main_loop_init) refers to timers.o(i.xTimerGenericCommand) for xTimerGenericCommand
    mloop.o(i.main_loop_init) refers to mloop.o(i.time_sync_cb) for time_sync_cb
    mloop.o(i.main_loop_init) refers to mloop.o(.data) for .data
    mloop.o(i.main_loop_init) refers to mloop.o(i.main_loop_func) for main_loop_func
    mloop.o(i.outdoor_update) refers to timers.o(i.xTimerGenericCommand) for xTimerGenericCommand
    mloop.o(i.outdoor_update) refers to rt_memclr_w.o(.text) for __aeabi_memclr4
    mloop.o(i.outdoor_update) refers to esp_at.o(i.esp_at_http_get) for esp_at_http_get
    mloop.o(i.outdoor_update) refers to weather.o(i.parse_seniverse_response) for parse_seniverse_response
    mloop.o(i.outdoor_update) refers to memcmp.o(.text) for memcmp
    mloop.o(i.outdoor_update) refers to rt_memcpy_w.o(.text) for __aeabi_memcpy4
    mloop.o(i.outdoor_update) refers to f2d.o(x$fpl$f2d) for __aeabi_f2d
    mloop.o(i.outdoor_update) refers to usart.o(i.usart_printf) for usart_printf
    mloop.o(i.outdoor_update) refers to main_page.o(i.main_page_redraw_outdoor_temperature) for main_page_redraw_outdoor_temperature
    mloop.o(i.outdoor_update) refers to main_page.o(i.main_page_redraw_outdoor_weather_icon) for main_page_redraw_outdoor_weather_icon
    mloop.o(i.outdoor_update) refers to mloop.o(.data) for .data
    mloop.o(i.outdoor_update) refers to mloop.o(.conststring) for .conststring
    mloop.o(i.outdoor_update) refers to mloop.o(.bss) for .bss
    mloop.o(i.time_sync) refers to timers.o(i.xTimerGenericCommand) for xTimerGenericCommand
    mloop.o(i.time_sync) refers to esp_at.o(i.esp_at_sntp_get) for esp_at_sntp_get
    mloop.o(i.time_sync) refers to usart.o(i.usart_printf) for usart_printf
    mloop.o(i.time_sync) refers to rtc.o(i.rtc_set_time) for rtc_set_time
    mloop.o(i.time_sync) refers to tasks.o(i.xTaskGenericNotify) for xTaskGenericNotify
    mloop.o(i.time_sync) refers to mloop.o(.data) for .data
    mloop.o(i.time_sync_cb) refers to timers.o(i.pvTimerGetTimerID) for pvTimerGetTimerID
    mloop.o(i.time_sync_cb) refers to tasks.o(i.xTaskGenericNotify) for xTaskGenericNotify
[...]
    main_loop_init                           0x08004b69   Thumb Code   226  mloop.o(i.main_loop_init)
    main_page_display                        0x08004ca5   Thumb Code   268  main_page.o(i.main_page_display)
    main_page_redraw_date                    0x08004e0d   Thumb Code   114  main_page.o(i.main_page_redraw_date)
    main_page_redraw_inner_humidity          0x08004ebd   Thumb Code    68  main_page.o(i.main_page_redraw_inner_humidity)
    main_page_redraw_inner_temperature       0x08004f11   Thumb Code    74  main_page.o(i.main_page_redraw_inner_temperature)
    main_page_redraw_outdoor_city            0x08004f75   Thumb Code    42  main_page.o(i.main_page_redraw_outdoor_city)
    main_page_redraw_outdoor_temperature     0x08004fa9   Thumb Code    74  main_page.o(i.main_page_redraw_outdoor_temperature)
    main_page_redraw_outdoor_weather_icon    0x0800500d   Thumb Code   146  main_page.o(i.main_page_redraw_outdoor_weather_icon)
    main_page_redraw_time                    0x080050c1   Thumb Code    56  main_page.o(i.main_page_redraw_time)
    main_page_redraw_wifi_ssid               0x08005109   Thumb Code    44  main_page.o(i.main_page_redraw_wifi_ssid)
    parse_seniverse_response                 0x080053bd   Thumb Code   196  weather.o(i.parse_seniverse_response)
    pvPortMalloc                             0x08005ebd   Thumb Code   230  heap_4.o(i.pvPortMalloc)
    pvTimerGetTimerID                        0x08005fd1   Thumb Code    32  timers.o(i.pvTimerGetTimerID)
    pxPortInitialiseStack                    0x08006011   Thumb Code    30  port.o(i.pxPortInitialiseStack)
    rtc_get_time                             0x08006035   Thumb Code    40  rtc.o(i.rtc_get_time)
    rtc_init                                 0x0800605d   Thumb Code    26  rtc.o(i.rtc_init)
    rtc_set_time                             0x08006077   Thumb Code    28  rtc.o(i.rtc_set_time)
    st7789_draw_image                        0x08006161   Thumb Code    86  st7789.o(i.st7789_draw_image)
    st7789_fill_color                        0x080061b7   Thumb Code    72  st7789.o(i.st7789_fill_color)
    st7789_init                              0x080061ff   Thumb Code    22  st7789.o(i.st7789_init)
    st7789_write_string                      0x08006751   Thumb Code   114  st7789.o(i.st7789_write_string)
    ulTaskGenericNotifyTake                  0x08006985   Thumb Code   136  tasks.o(i.ulTaskGenericNotifyTake)
    usart_init                               0x08006a85   Thumb Code    22  usart.o(i.usart_init)
    usart_printf                             0x08006b15   Thumb Code    40  usart.o(i.usart_printf)
    usart_write_data                         0x08006b95   Thumb Code    72  usart.o(i.usart_write_data)
    usart_write_string                       0x08006be5   Thumb Code    22  usart.o(i.usart_write_string)
    uxListRemove                             0x08006bfb   Thumb Code    38  list.o(i.uxListRemove)
    vApplicationMallocFailedHook             0x08006c21   Thumb Code    20  board.o(i.vApplicationMallocFailedHook)
    vApplicationStackOverflowHook            0x08006c5d   Thumb Code    20  board.o(i.vApplicationStackOverflowHook)
    vAssertCalled                            0x08006ca1   Thumb Code    10  board.o(i.vAssertCalled)
    vListInitialise                          0x08006cc5   Thumb Code    22  list.o(i.vListInitialise)
    vListInitialiseItem                      0x08006cdb   Thumb Code     6  list.o(i.vListInitialiseItem)
    vListInsert                              0x08006ce1   Thumb Code    48  list.o(i.vListInsert)
    vListInsertEnd                           0x08006d11   Thumb Code    24  list.o(i.vListInsertEnd)
    vPortEnterCritical                       0x08006d29   Thumb Code    48  port.o(i.vPortEnterCritical)
    vPortExitCritical                        0x08006d89   Thumb Code    36  port.o(i.vPortExitCritical)
    vPortFree                                0x08006dd9   Thumb Code    96  heap_4.o(i.vPortFree)
    vPortSetupTimerInterrupt                 0x08006e65   Thumb Code    32  port.o(i.vPortSetupTimerInterrupt)
    vPortValidateInterruptPriority           0x08006e89   Thumb Code    66  port.o(i.vPortValidateInterruptPriority)
    vQueueAddToRegistry                      0x08006efd   Thumb Code    32  queue.o(i.vQueueAddToRegistry)
    vQueueWaitForMessageRestricted           0x08006f21   Thumb Code    70  queue.o(i.vQueueWaitForMessageRestricted)
    vTaskDelay                               0x08006f69   Thumb Code    64  tasks.o(i.vTaskDelay)
    vTaskDelete                              0x08006fd1   Thumb Code   156  tasks.o(i.vTaskDelete)
    vTaskInternalSetTimeOutState             0x0800709d   Thumb Code    12  tasks.o(i.vTaskInternalSetTimeOutState)
    vTaskMissedYield                         0x080070ad   Thumb Code     8  tasks.o(i.vTaskMissedYield)
    vTaskPlaceOnEventList                    0x080070b9   Thumb Code    44  tasks.o(i.vTaskPlaceOnEventList)
    vTaskPlaceOnEventListRestricted          0x08007109   Thumb Code    52  tasks.o(i.vTaskPlaceOnEventListRestricted)
    vTaskStartScheduler                      0x08007161   Thumb Code    90  tasks.o(i.vTaskStartScheduler)
    vTaskSuspendAll                          0x080071ed   Thumb Code    10  tasks.o(i.vTaskSuspendAll)
    vTaskSwitchContext                       0x080071fd   Thumb Code   104  tasks.o(i.vTaskSwitchContext)
    welcome_page_display                     0x080072c5   Thumb Code    92  welcome_page.o(i.welcome_page_display)
    wifi_init                                0x08007351   Thumb Code    82  wifi.o(i.wifi_init)
    wifi_is_connected                        0x08007431   Thumb Code    24  esp_at.o(i.wifi_is_connected)
    wifi_page_display                        0x08007449   Thumb Code   130  wifi_page.o(i.wifi_page_display)
    wifi_wait_connect                        0x0800761d   Thumb Code   210  wifi.o(i.wifi_wait_connect)
    xPortStartScheduler                      0x08007815   Thumb Code   218  port.o(i.xPortStartScheduler)
    xQueueGenericCreate                      0x0800792d   Thumb Code    98  queue.o(i.xQueueGenericCreate)
    xQueueGenericReset                       0x080079b1   Thumb Code   128  queue.o(i.xQueueGenericReset)
    xQueueGenericSend                        0x08007a55   Thumb Code   364  queue.o(i.xQueueGenericSend)
    xQueueGenericSendFromISR                 0x08007be5   Thumb Code   208  queue.o(i.xQueueGenericSendFromISR)
    xQueueReceive                            0x08007cd5   Thumb Code   290  queue.o(i.xQueueReceive)
    xTaskCheckForTimeOut                     0x08007e1d   Thumb Code   110  tasks.o(i.xTaskCheckForTimeOut)
    xTaskCreate                              0x08007eb1   Thumb Code    96  tasks.o(i.xTaskCreate)
    xTaskGenericNotify                       0x08007f11   Thumb Code   236  tasks.o(i.xTaskGenericNotify)
    xTaskGetSchedulerState                   0x08008029   Thumb Code    24  tasks.o(i.xTaskGetSchedulerState)
    xTaskGetTickCount                        0x08008045   Thumb Code     6  tasks.o(i.xTaskGetTickCount)
    xTaskIncrementTick                       0x08008051   Thumb Code   192  tasks.o(i.xTaskIncrementTick)
    xTaskPriorityDisinherit                  0x08008139   Thumb Code   124  tasks.o(i.xTaskPriorityDisinherit)
    xTaskRemoveFromEventList                 0x080081dd   Thumb Code   108  tasks.o(i.xTaskRemoveFromEventList)
    xTaskResumeAll                           0x08008271   Thumb Code   184  tasks.o(i.xTaskResumeAll)
    xTimerCreate                             0x08008355   Thumb Code    52  timers.o(i.xTimerCreate)
    xTimerCreateTimerTask                    0x08008389   Thumb Code    54  timers.o(i.xTimerCreateTimerTask)
    xTimerGenericCommand                     0x080083f1   Thumb Code   108  timers.o(i.xTimerGenericCommand)
    _get_lc_numeric                          0x08008481   Thumb Code    44  lc_numeric_c.o(locale$$code)
    _get_lc_ctype                            0x080084ad   Thumb Code    44  lc_ctype_c.o(locale$$code)
    __aeabi_d2f                              0x080084d9   Thumb Code     0  d2f.o(x$fpl$d2f)
    _d2f                                     0x080084d9   Thumb Code    98  d2f.o(x$fpl$d2f)
    __fpl_dcheck_NaN1                        0x0800853d   Thumb Code    10  dcheck1.o(x$fpl$dcheck1)
    __fpl_dcmp_Inf                           0x0800854d   Thumb Code    24  dcmpi.o(x$fpl$dcmpinf)
    __aeabi_cdcmpeq                          0x08008565   Thumb Code     0  deqf.o(x$fpl$deqf)
    _dcmpeq                                  0x08008565   Thumb Code   120  deqf.o(x$fpl$deqf)
    __aeabi_cdcmple                          0x080085dd   Thumb Code     0  dleqf.o(x$fpl$dleqf)
    _dcmple                                  0x080085dd   Thumb Code   120  dleqf.o(x$fpl$dleqf)
    __fpl_dcmple_InfNaN                      0x0800863f   Thumb Code     0  dleqf.o(x$fpl$dleqf)
    __aeabi_dmul                             0x08008655   Thumb Code     0  dmul.o(x$fpl$dmul)
    _dmul                                    0x08008655   Thumb Code   332  dmul.o(x$fpl$dmul)
    __fpl_dnaninf                            0x080087a9   Thumb Code   156  dnaninf.o(x$fpl$dnaninf)
    __fpl_dretinf                            0x08008845   Thumb Code    12  dretinf.o(x$fpl$dretinf)
    __aeabi_cdrcmple                         0x08008851   Thumb Code     0  drleqf.o(x$fpl$drleqf)
    _drcmple                                 0x08008851   Thumb Code   108  drleqf.o(x$fpl$drleqf)
    __aeabi_f2d                              0x080088bd   Thumb Code     0  f2d.o(x$fpl$f2d)
    _f2d                                     0x080088bd   Thumb Code    86  f2d.o(x$fpl$f2d)
    __fpl_fnaninf                            0x08008913   Thumb Code   140  fnaninf.o(x$fpl$fnaninf)
    _fp_init                                 0x0800899f   Thumb Code    10  fpinit.o(x$fpl$fpinit)
    __fplib_config_fpu_vfp                   0x080089a7   Thumb Code     0  fpinit.o(x$fpl$fpinit)
    __fplib_config_pureend_doubles           0x080089a7   Thumb Code     0  fpinit.o(x$fpl$fpinit)
    __fpl_fretinf                            0x080089a9   Thumb Code    10  fretinf.o(x$fpl$fretinf)
    __ieee_status                            0x080089b3   Thumb Code     6  istatus.o(x$fpl$ieeestatus)
    _printf_fp_dec                           0x080089b9   Thumb Code     4  printf1.o(x$fpl$printf1)
    _printf_fp_hex                           0x080089bd   Thumb Code     4  printf2.o(x$fpl$printf2)
    __fpl_return_NaN                         0x080089c1   Thumb Code   100  retnan.o(x$fpl$retnan)
    __ARM_scalbn                             0x08008a25   Thumb Code    92  scalbn.o(x$fpl$scalbn)
    _scanf_real                              0x08008a81   Thumb Code     4  scanf1.o(x$fpl$scanf1)
    _scanf_hex_real                          0x08008a85   Thumb Code     4  scanf2.o(x$fpl$scanf2)
    _scanf_infnan                            0x08008a89   Thumb Code     4  scanf2.o(x$fpl$scanf2)
    __fpl_cmpreturn                          0x08008a8d   Thumb Code    48  trapv.o(x$fpl$trapveneer)
    __I$use$fp                               0x08008abc   Number         0  usenofp.o(x$fpl$usenofp)
    font16_maple                             0x080090ac   Data          16  font16_maple.o(.constdata)
    font20_maple_bold                        0x0800a574   Data          16  font20_maple_bold.o(.constdata)
    font24_maple_bold                        0x0800bcac   Data          16  font24_maple_bold.o(.constdata)
    font32_maple_bold                        0x0800d94c   Data          16  font24_maple_semibold.o(.constdata)
    font24_maple_semibold                    0x0800ddc4   Data          16  font32_maple_bold.o(.constdata)
    font54_maple_semibold                    0x08012dfc   Data          16  font54_maple_semibold.o(.constdata)
    font64_maple_extrabold                   0x08018d0c   Data          16  font64_maple_extrabold.o(.constdata)
    font76_maple_extrabold                   0x08021a20   Data          16  font76_maple_extrabold.o(.constdata)
    icon_duoyun                              0x080230f8   Data           8  icon_duoyun.o(.constdata)
    icon_leizhenyu                           0x080247c8   Data           8  icon_leizhenyu.o(.constdata)
    icon_na                                  0x08025e98   Data           8  icon_na.o(.constdata)
    icon_qing                                0x08027568   Data           8  icon_qing.o(.constdata)
    icon_wenduji                             0x08027dd0   Data           8  icon_wenduji.o(.constdata)
    icon_wifi                                0x08028258   Data           8  icon_wifi.o(.constdata)
    icon_yintian                             0x08029928   Data           8  icon_yintian.o(.constdata)
    icon_yueliang                            0x0802aff8   Data           8  icon_yueliang.o(.constdata)
    icon_zhongxue                            0x0802c6c8   Data           8  icon_zhongxue.o(.constdata)
    icon_zhongyu                             0x0802dd98   Data           8  icon_zhongyu.o(.constdata)
    img_meihua                               0x0803dac0   Data           8  img_meihua.o(.constdata)
    img_wifi                                 0x0804c168   Data           8  img_wifi.o(.constdata)
    Region$$Table$$Base                      0x0804c470   Number         0  anon$$obj.o(Region$$Table)
    Region$$Table$$Limit                     0x0804c490   Number         0  anon$$obj.o(Region$$Table)
    __aeabi_HUGE_VAL                         0x0804c490   Data           0  fpconst.o(c$$dinf)
    __aeabi_HUGE_VALL                        0x0804c490   Data           0  fpconst.o(c$$dinf)
    __aeabi_INFINITY                         0x0804c490   Data           0  fpconst.o(c$$dinf)
    __dInf                                   0x0804c490   Data           0  fpconst.o(c$$dinf)
    __huge_val                               0x0804c490   Data           0  fpconst.o(c$$dinf)
    __dbl_max                                0x0804c498   Data           0  fpconst.o(c$$dmax)
    __ctype                                  0x0804c4c9   Data           0  lc_ctype_c.o(locale$$data)
    usart_recv_callback                      0x20000034   Data           4  usart.o(.data)
    SystemCoreClock                          0x2000003c   Data           4  system_stm32f4xx.o(.data)
    AHBPrescTable                            0x20000040   Data          16  system_stm32f4xx.o(.data)
    pxCurrentTCB                             0x2000008c   Data           4  tasks.o(.data)
    uxTopUsedPriority                        0x200000bc   Data           4  tasks.o(.data)
    xQueueRegistry                           0x2001a0d8   Data          80  queue.o(.bss)
    __libspace_start                         0x2001a27c   Data          96  libspace.o(.bss)
    __temporary_stack_top$libspace           0x2001a2dc   Data           0  libspace.o(.bss)



==============================================================================

Memory Map of the image

  Image Entry point : 0x08000189

  Load Region LR_IROM1 (Base: 0x08000000, Size: 0x0004c6ac, Max: 0x00080000, ABSOLUTE)

    Execution Region ER_IROM1 (Exec base: 0x08000000, Load base: 0x08000000, Size: 0x0004c5cc, Max: 0x00080000, ABSOLUTE)

    Exec Addr    Load Addr    Size         Type   Attr      Idx    E Section Name        Object

    0x08000000   0x08000000   0x00000188   Data   RO         1806    RESET               startup_stm32f40_41xxx.o
    0x08000188   0x08000188   0x00000008   Code   RO         8276  * !!!main             c_w.l(__main.o)
    0x08000190   0x08000190   0x00000034   Code   RO         8696    !!!scatter          c_w.l(__scatter.o)
    0x080001c4   0x080001c4   0x0000001a   Code   RO         8698    !!handler_copy      c_w.l(__scatter_copy.o)
    0x080001de   0x080001de   0x00000002   PAD
    0x080001e0   0x080001e0   0x0000001c   Code   RO         8700    !!handler_zi        c_w.l(__scatter_zi.o)
    0x080001fc   0x080001fc   0x00000000   Code   RO         8245    .ARM.Collect$$_printf_percent$$00000000  c_w.l(_printf_percent.o)
    0x080001fc   0x080001fc   0x00000006   Code   RO         8341    .ARM.Collect$$_printf_percent$$00000001  c_w.l(_printf_n.o)
    0x08000202   0x08000202   0x00000006   Code   RO         8343    .ARM.Collect$$_printf_percent$$00000002  c_w.l(_printf_p.o)
    0x08000208   0x08000208   0x00000006   Code   RO         8244    .ARM.Collect$$_printf_percent$$00000003  c_w.l(_printf_f.o)
    0x0800020e   0x0800020e   0x00000006   Code   RO         8347    .ARM.Collect$$_printf_percent$$00000004  c_w.l(_printf_e.o)
    0x08000214   0x08000214   0x00000006   Code   RO         8348    .ARM.Collect$$_printf_percent$$00000005  c_w.l(_printf_g.o)
    0x0800021a   0x0800021a   0x00000006   Code   RO         8349    .ARM.Collect$$_printf_percent$$00000006  c_w.l(_printf_a.o)
    0x08000220   0x08000220   0x0000000a   Code   RO         8354    .ARM.Collect$$_printf_percent$$00000007  c_w.l(_printf_ll.o)
    0x0800022a   0x0800022a   0x00000006   Code   RO         8345    .ARM.Collect$$_printf_percent$$00000008  c_w.l(_printf_i.o)
    0x08000230   0x08000230   0x00000006   Code   RO         8346    .ARM.Collect$$_printf_percent$$00000009  c_w.l(_printf_d.o)
    0x08000236   0x08000236   0x00000006   Code   RO         8243    .ARM.Collect$$_printf_percent$$0000000A  c_w.l(_printf_u.o)
    0x0800023c   0x0800023c   0x00000006   Code   RO         8344    .ARM.Collect$$_printf_percent$$0000000B  c_w.l(_printf_o.o)
    0x08000242   0x08000242   0x00000006   Code   RO         8342    .ARM.Collect$$_printf_percent$$0000000C  c_w.l(_printf_x.o)
    0x08000248   0x08000248   0x00000006   Code   RO         8351    .ARM.Collect$$_printf_percent$$0000000D  c_w.l(_printf_lli.o)
    0x0800024e   0x0800024e   0x00000006   Code   RO         8352    .ARM.Collect$$_printf_percent$$0000000E  c_w.l(_printf_lld.o)
    0x08000254   0x08000254   0x00000006   Code   RO         8353    .ARM.Collect$$_printf_percent$$0000000F  c_w.l(_printf_llu.o)
    0x0800025a   0x0800025a   0x00000006   Code   RO         8358    .ARM.Collect$$_printf_percent$$00000010  c_w.l(_printf_llo.o)
    0x08000260   0x08000260   0x00000006   Code   RO         8359    .ARM.Collect$$_printf_percent$$00000011  c_w.l(_printf_llx.o)
    0x08000266   0x08000266   0x0000000a   Code   RO         8355    .ARM.Collect$$_printf_percent$$00000012  c_w.l(_printf_l.o)
    0x08000270   0x08000270   0x00000006   Code   RO         8241    .ARM.Collect$$_printf_percent$$00000013  c_w.l(_printf_c.o)
    0x08000276   0x08000276   0x00000006   Code   RO         8242    .ARM.Collect$$_printf_percent$$00000014  c_w.l(_printf_s.o)
    0x0800027c   0x0800027c   0x00000006   Code   RO         8356    .ARM.Collect$$_printf_percent$$00000015  c_w.l(_printf_lc.o)
    0x08000282   0x08000282   0x00000006   Code   RO         8357    .ARM.Collect$$_printf_percent$$00000016  c_w.l(_printf_ls.o)
    0x08000288   0x08000288   0x00000004   Code   RO         8350    .ARM.Collect$$_printf_percent$$00000017  c_w.l(_printf_percent_end.o)
    0x0800028c   0x0800028c   0x00000002   Code   RO         8475    .ARM.Collect$$libinit$$00000000  c_w.l(libinit.o)
    0x0800028e   0x0800028e   0x00000004   Code   RO         8476    .ARM.Collect$$libinit$$00000001  c_w.l(libinit2.o)
    0x08000292   0x08000292   0x00000000   Code   RO         8479    .ARM.Collect$$libinit$$00000004  c_w.l(libinit2.o)
    0x08000292   0x08000292   0x00000000   Code   RO         8482    .ARM.Collect$$libinit$$0000000A  c_w.l(libinit2.o)
    0x08000292   0x08000292   0x00000000   Code   RO         8484    .ARM.Collect$$libinit$$0000000C  c_w.l(libinit2.o)
    0x08000292   0x08000292   0x00000000   Code   RO         8486    .ARM.Collect$$libinit$$0000000E  c_w.l(libinit2.o)
    0x08000292   0x08000292   0x00000006   Code   RO         8487    .ARM.Collect$$libinit$$0000000F  c_w.l(libinit2.o)
    0x08000298   0x08000298   0x00000000   Code   RO         8489    .ARM.Collect$$libinit$$00000011  c_w.l(libinit2.o)
    0x08000298   0x08000298   0x0000000c   Code   RO         8490    .ARM.Collect$$libinit$$00000012  c_w.l(libinit2.o)
    0x080002a4   0x080002a4   0x00000000   Code   RO         8491    .ARM.Collect$$libinit$$00000013  c_w.l(libinit2.o)
    0x080002a4   0x080002a4   0x00000000   Code   RO         8493    .ARM.Collect$$libinit$$00000015  c_w.l(libinit2.o)
    0x080002a4   0x080002a4   0x0000000a   Code   RO         8494    .ARM.Collect$$libinit$$00000016  c_w.l(libinit2.o)
    0x080002ae   0x080002ae   0x00000000   Code   RO         8495    .ARM.Collect$$libinit$$00000017  c_w.l(libinit2.o)
    0x080002ae   0x080002ae   0x00000000   Code   RO         8497    .ARM.Collect$$libinit$$00000019  c_w.l(libinit2.o)
    0x080002ae   0x080002ae   0x00000000   Code   RO         8499    .ARM.Collect$$libinit$$0000001B  c_w.l(libinit2.o)
    0x080002ae   0x080002ae   0x00000000   Code   RO         8501    .ARM.Collect$$libinit$$0000001D  c_w.l(libinit2.o)
    0x080002ae   0x080002ae   0x00000000   Code   RO         8503    .ARM.Collect$$libinit$$0000001F  c_w.l(libinit2.o)
    0x080002ae   0x080002ae   0x00000000   Code   RO         8505    .ARM.Collect$$libinit$$00000021  c_w.l(libinit2.o)
    0x080002ae   0x080002ae   0x00000000   Code   RO         8507    .ARM.Collect$$libinit$$00000023  c_w.l(libinit2.o)
    0x080002ae   0x080002ae   0x00000000   Code   RO         8509    .ARM.Collect$$libinit$$00000025  c_w.l(libinit2.o)
    0x080002ae   0x080002ae   0x00000000   Code   RO         8513    .ARM.Collect$$libinit$$0000002C  c_w.l(libinit2.o)
    0x080002ae   0x080002ae   0x00000000   Code   RO         8515    .ARM.Collect$$libinit$$0000002E  c_w.l(libinit2.o)
    0x080002ae   0x080002ae   0x00000000   Code   RO         8517    .ARM.Collect$$libinit$$00000030  c_w.l(libinit2.o)
    0x080002ae   0x080002ae   0x00000000   Code   RO         8519    .ARM.Collect$$libinit$$00000032  c_w.l(libinit2.o)
    0x080002ae   0x080002ae   0x00000002   Code   RO         8520    .ARM.Collect$$libinit$$00000033  c_w.l(libinit2.o)
    0x080002b0   0x080002b0   0x00000002   Code   RO         8587    .ARM.Collect$$libshutdown$$00000000  c_w.l(libshutdown.o)
    0x080002b2   0x080002b2   0x00000000   Code   RO         8620    .ARM.Collect$$libshutdown$$00000002  c_w.l(libshutdown2.o)
    0x080002b2   0x080002b2   0x00000000   Code   RO         8622    .ARM.Collect$$libshutdown$$00000004  c_w.l(libshutdown2.o)
    0x080002b2   0x080002b2   0x00000000   Code   RO         8624    .ARM.Collect$$libshutdown$$00000006  c_w.l(libshutdown2.o)
    0x080002b2   0x080002b2   0x00000000   Code   RO         8627    .ARM.Collect$$libshutdown$$00000009  c_w.l(libshutdown2.o)
    0x080002b2   0x080002b2   0x00000000   Code   RO         8630    .ARM.Collect$$libshutdown$$0000000C  c_w.l(libshutdown2.o)
    0x080002b2   0x080002b2   0x00000000   Code   RO         8632    .ARM.Collect$$libshutdown$$0000000E  c_w.l(libshutdown2.o)
    0x080002b2   0x080002b2   0x00000000   Code   RO         8635    .ARM.Collect$$libshutdown$$00000011  c_w.l(libshutdown2.o)
    0x080002b2   0x080002b2   0x00000002   Code   RO         8636    .ARM.Collect$$libshutdown$$00000012  c_w.l(libshutdown2.o)
    0x080002b4   0x080002b4   0x00000000   Code   RO         8290    .ARM.Collect$$rtentry$$00000000  c_w.l(__rtentry.o)
    0x080002b4   0x080002b4   0x00000000   Code   RO         8384    .ARM.Collect$$rtentry$$00000002  c_w.l(__rtentry2.o)
    0x080002b4   0x080002b4   0x00000006   Code   RO         8396    .ARM.Collect$$rtentry$$00000004  c_w.l(__rtentry4.o)
    0x080002ba   0x080002ba   0x00000000   Code   RO         8386    .ARM.Collect$$rtentry$$00000009  c_w.l(__rtentry2.o)
    0x080002ba   0x080002ba   0x00000004   Code   RO         8387    .ARM.Collect$$rtentry$$0000000A  c_w.l(__rtentry2.o)
    0x080002be   0x080002be   0x00000000   Code   RO         8389    .ARM.Collect$$rtentry$$0000000C  c_w.l(__rtentry2.o)
    0x080002be   0x080002be   0x00000008   Code   RO         8390    .ARM.Collect$$rtentry$$0000000D  c_w.l(__rtentry2.o)
    0x080002c6   0x080002c6   0x00000002   Code   RO         8521    .ARM.Collect$$rtexit$$00000000  c_w.l(rtexit.o)
    0x080002c8   0x080002c8   0x00000000   Code   RO         8549    .ARM.Collect$$rtexit$$00000002  c_w.l(rtexit2.o)
    0x080002c8   0x080002c8   0x00000004   Code   RO         8550    .ARM.Collect$$rtexit$$00000003  c_w.l(rtexit2.o)
    0x080002cc   0x080002cc   0x00000006   Code   RO         8551    .ARM.Collect$$rtexit$$00000004  c_w.l(rtexit2.o)
    0x080002d2   0x080002d2   0x00000002   PAD
    0x080002d4   0x080002d4   0x000000be   Code   RO         6939    .emb_text           port.o
    0x08000392   0x08000392   0x00000002   PAD
    0x08000394   0x08000394   0x00000040   Code   RO         1807    .text               startup_stm32f40_41xxx.o
    0x080003d4   0x080003d4   0x00000034   Code   RO         8207    .text               c_w.l(vsnprintf.o)
    0x08000408   0x08000408   0x00000038   Code   RO         8209    .text               c_w.l(__2snprintf.o)
    0x08000440   0x08000440   0x0000004e   Code   RO         8215    .text               c_w.l(_printf_pad.o)
    0x0800048e   0x0800048e   0x00000052   Code   RO         8217    .text               c_w.l(_printf_str.o)
    0x080004e0   0x080004e0   0x00000078   Code   RO         8219    .text               c_w.l(_printf_dec.o)
    0x08000558   0x08000558   0x00000188   Code   RO         8238    .text               c_w.l(__printf_flags_ss_wp.o)
    0x080006e0   0x080006e0   0x0000003c   Code   RO         8246    .text               c_w.l(__0sscanf.o)
    0x0800071c   0x0800071c   0x0000014c   Code   RO         8248    .text               c_w.l(_scanf_int.o)
    0x08000868   0x08000868   0x000000e0   Code   RO         8250    .text               c_w.l(_scanf_str.o)
    0x08000948   0x08000948   0x00000024   Code   RO         8252    .text               c_w.l(strstr.o)
    0x0800096c   0x0800096c   0x00000058   Code   RO         8254    .text               c_w.l(memcmp.o)
    0x080009c4   0x080009c4   0x0000003e   Code   RO         8256    .text               c_w.l(strlen.o)
    0x08000a02   0x08000a02   0x0000008a   Code   RO         8258    .text               c_w.l(rt_memcpy_v6.o)
    0x08000a8c   0x08000a8c   0x00000064   Code   RO         8260    .text               c_w.l(rt_memcpy_w.o)
    0x08000af0   0x08000af0   0x00000010   Code   RO         8264    .text               c_w.l(aeabi_memset.o)
    0x08000b00   0x08000b00   0x00000044   Code   RO         8266    .text               c_w.l(rt_memclr.o)
    0x08000b44   0x08000b44   0x0000004e   Code   RO         8268    .text               c_w.l(rt_memclr_w.o)
    0x08000b92   0x08000b92   0x00000056   Code   RO         8270    .text               c_w.l(strncpy.o)
    0x08000be8   0x08000be8   0x00000080   Code   RO         8272    .text               c_w.l(strcmpv7m.o)
    0x08000c68   0x08000c68   0x00000006   Code   RO         8274    .text               c_w.l(heapauxi.o)
    0x08000c6e   0x08000c6e   0x00000016   Code   RO         8291    .text               c_w.l(_rserrno.o)
    0x08000c84   0x08000c84   0x00000024   Code   RO         8293    .text               c_w.l(_printf_truncate.o)
    0x08000ca8   0x08000ca8   0x000000b2   Code   RO         8295    .text               c_w.l(_printf_intcommon.o)
    0x08000d5a   0x08000d5a   0x00000028   Code   RO         8297    .text               c_w.l(_printf_charcount.o)
    0x08000d82   0x08000d82   0x0000041e   Code   RO         8299    .text               c_w.l(_printf_fp_dec.o)
    0x080011a0   0x080011a0   0x00000030   Code   RO         8301    .text               c_w.l(_printf_char_common.o)
    0x080011d0   0x080011d0   0x0000000a   Code   RO         8303    .text               c_w.l(_sputc.o)
    0x080011da   0x080011da   0x00000010   Code   RO         8305    .text               c_w.l(_snputc.o)
    0x080011ea   0x080011ea   0x0000002c   Code   RO         8307    .text               c_w.l(_printf_char.o)
    0x08001216   0x08001216   0x00000002   PAD
    0x08001218   0x08001218   0x000000bc   Code   RO         8309    .text               c_w.l(_printf_wctomb.o)
    0x080012d4   0x080012d4   0x0000007c   Code   RO         8312    .text               c_w.l(_printf_longlong_dec.o)
    0x08001350   0x08001350   0x00000070   Code   RO         8318    .text               c_w.l(_printf_oct_int_ll.o)
    0x080013c0   0x080013c0   0x00000094   Code   RO         8338    .text               c_w.l(_printf_hex_int_ll_ptr.o)
    0x08001454   0x08001454   0x0000001c   Code   RO         8360    .text               c_w.l(_chval.o)
    0x08001470   0x08001470   0x0000002c   Code   RO         8362    .text               c_w.l(scanf_char.o)
    0x0800149c   0x0800149c   0x00000040   Code   RO         8364    .text               c_w.l(_sgetc.o)
    0x080014dc   0x080014dc   0x000000a4   Code   RO         8366    .text               c_w.l(strtod.o)
    0x08001580   0x08001580   0x00000008   Code   RO         8401    .text               c_w.l(rt_locale_intlibspace.o)
    0x08001588   0x08001588   0x00000008   Code   RO         8406    .text               c_w.l(rt_errno_addr_intlibspace.o)
    0x08001590   0x08001590   0x0000008a   Code   RO         8408    .text               c_w.l(lludiv10.o)
    0x0800161a   0x0800161a   0x00000012   Code   RO         8410    .text               c_w.l(isspace.o)
    0x0800162c   0x0800162c   0x000002fc   Code   RO         8412    .text               c_w.l(_printf_fp_hex.o)
    0x08001928   0x08001928   0x00000080   Code   RO         8415    .text               c_w.l(_printf_fp_infnan.o)
    0x080019a8   0x080019a8   0x0000002c   Code   RO         8419    .text               c_w.l(_printf_wchar.o)
    0x080019d4   0x080019d4   0x00000374   Code   RO         8421    .text               c_w.l(_scanf.o)
    0x08001d48   0x08001d48   0x000000e4   Code   RO         8423    .text               c_w.l(bigflt0.o)
    0x08001e2c   0x08001e2c   0x00000040   Code   RO         8448    .text               c_w.l(_wcrtomb.o)
    0x08001e6c   0x08001e6c   0x00000008   Code   RO         8459    .text               c_w.l(libspace.o)
    0x08001e74   0x08001e74   0x0000004a   Code   RO         8462    .text               c_w.l(sys_stackheap_outer.o)
    0x08001ebe   0x08001ebe   0x00000002   PAD
    0x08001ec0   0x08001ec0   0x00000010   Code   RO         8464    .text               c_w.l(rt_ctype_table.o)
    0x08001ed0   0x08001ed0   0x000004f8   Code   RO         8466    .text               c_w.l(scanf_fp.o)
    0x080023c8   0x080023c8   0x00000012   Code   RO         8468    .text               c_w.l(exit.o)
    0x080023da   0x080023da   0x00000002   PAD
    0x080023dc   0x080023dc   0x00000320   Code   RO         8555    .text               c_w.l(scanf_hexfp.o)
    0x080026fc   0x080026fc   0x00000134   Code   RO         8557    .text               c_w.l(scanf_infnan.o)
    0x08002830   0x08002830   0x0000000c   Code   RO         8575    .text               c_w.l(sys_exit.o)
    0x0800283c   0x0800283c   0x00000026   Code   RO         8579    .text               c_w.l(llshl.o)
    0x08002862   0x08002862   0x00000002   Code   RO         8610    .text               c_w.l(use_no_semi.o)
    0x08002864   0x08002864   0x00000000   Code   RO         8612    .text               c_w.l(indicate_semi.o)
    0x08002864   0x08002864   0x0000003e   Code   RO         8426    CL$$btod_d2e        c_w.l(btod.o)
    0x080028a2   0x080028a2   0x00000046   Code   RO         8428    CL$$btod_d2e_denorm_low  c_w.l(btod.o)
    0x080028e8   0x080028e8   0x00000060   Code   RO         8427    CL$$btod_d2e_norm_op1  c_w.l(btod.o)
    0x08002948   0x08002948   0x00000338   Code   RO         8436    CL$$btod_div_common  c_w.l(btod.o)
    0x08002c80   0x08002c80   0x00000084   Code   RO         8434    CL$$btod_e2d        c_w.l(btod.o)
    0x08002d04   0x08002d04   0x000000dc   Code   RO         8433    CL$$btod_e2e        c_w.l(btod.o)
    0x08002de0   0x08002de0   0x0000002a   Code   RO         8430    CL$$btod_ediv       c_w.l(btod.o)
    0x08002e0a   0x08002e0a   0x0000002a   Code   RO         8432    CL$$btod_edivd      c_w.l(btod.o)
    0x08002e34   0x08002e34   0x0000002a   Code   RO         8429    CL$$btod_emul       c_w.l(btod.o)
    0x08002e5e   0x08002e5e   0x0000002a   Code   RO         8431    CL$$btod_emuld      c_w.l(btod.o)
    0x08002e88   0x08002e88   0x00000244   Code   RO         8435    CL$$btod_mult_common  c_w.l(btod.o)
    0x080030cc   0x080030cc   0x0000002c   Code   RO         2928    i.DMA_ClearFlag     stm32f4xx_dma.o
    0x080030f8   0x080030f8   0x00000018   Code   RO         2930    i.DMA_Cmd           stm32f4xx_dma.o
    0x08003110   0x08003110   0x00000034   Code   RO         2939    i.DMA_GetFlagStatus  stm32f4xx_dma.o
    0x08003144   0x08003144   0x00000054   Code   RO         2942    i.DMA_Init          stm32f4xx_dma.o
    0x08003198   0x08003198   0x00000022   Code   RO         2946    i.DMA_StructInit    stm32f4xx_dma.o
    0x080031ba   0x080031ba   0x00000012   Code   RO         1520    i.EXTI4_IRQHandler  key.o
    0x080031cc   0x080031cc   0x0000000c   Code   RO         3217    i.EXTI_ClearITPendingBit  stm32f4xx_exti.o
    0x080031d8   0x080031d8   0x0000007c   Code   RO         3730    i.GPIO_Init         stm32f4xx_gpio.o
    0x08003254   0x08003254   0x00000020   Code   RO         3731    i.GPIO_PinAFConfig  stm32f4xx_gpio.o
    0x08003274   0x08003274   0x0000000e   Code   RO         3736    i.GPIO_ReadOutputDataBit  stm32f4xx_gpio.o
    0x08003282   0x08003282   0x00000006   Code   RO         3737    i.GPIO_ResetBits    stm32f4xx_gpio.o
    0x08003288   0x08003288   0x00000004   Code   RO         3738    i.GPIO_SetBits      stm32f4xx_gpio.o
    0x0800328c   0x0800328c   0x00000012   Code   RO         3739    i.GPIO_StructInit   stm32f4xx_gpio.o
    0x0800329e   0x0800329e   0x0000000e   Code   RO         3742    i.GPIO_WriteBit     stm32f4xx_gpio.o
    0x080032ac   0x080032ac   0x00000018   Code   RO         4018    i.I2C_AcknowledgeConfig  stm32f4xx_i2c.o
    0x080032c4   0x080032c4   0x0000002a   Code   RO         4021    i.I2C_CheckEvent    stm32f4xx_i2c.o
    0x080032ee   0x080032ee   0x00000018   Code   RO         4032    i.I2C_GenerateSTART  stm32f4xx_i2c.o
    0x08003306   0x08003306   0x00000018   Code   RO         4033    i.I2C_GenerateSTOP  stm32f4xx_i2c.o
    0x0800331e   0x0800331e   0x00000002   PAD
    0x08003320   0x08003320   0x000000bc   Code   RO         4039    i.I2C_Init          stm32f4xx_i2c.o
    0x080033dc   0x080033dc   0x00000006   Code   RO         4044    i.I2C_ReceiveData   stm32f4xx_i2c.o
    0x080033e2   0x080033e2   0x00000012   Code   RO         4046    i.I2C_Send7bitAddress  stm32f4xx_i2c.o
    0x080033f4   0x080033f4   0x00000004   Code   RO         4047    i.I2C_SendData      stm32f4xx_i2c.o
    0x080033f8   0x080033f8   0x0000001c   Code   RO         4050    i.I2C_StructInit    stm32f4xx_i2c.o
    0x08003414   0x08003414   0x00000068   Code   RO         1855    i.NVIC_Init         misc.o
    0x0800347c   0x0800347c   0x00000014   Code   RO         1856    i.NVIC_PriorityGroupConfig  misc.o
    0x08003490   0x08003490   0x0000000c   Code   RO         4521    i.PWR_BackupAccessCmd  stm32f4xx_pwr.o
    0x0800349c   0x0800349c   0x0000001c   Code   RO         4656    i.RCC_AHB1PeriphClockCmd  stm32f4xx_rcc.o
    0x080034b8   0x080034b8   0x0000001c   Code   RO         4665    i.RCC_APB1PeriphClockCmd  stm32f4xx_rcc.o
    0x080034d4   0x080034d4   0x0000001c   Code   RO         4668    i.RCC_APB2PeriphClockCmd  stm32f4xx_rcc.o
    0x080034f0   0x080034f0   0x000000a0   Code   RO         4677    i.RCC_GetClocksFreq  stm32f4xx_rcc.o
    0x08003590   0x08003590   0x00000038   Code   RO         4678    i.RCC_GetFlagStatus  stm32f4xx_rcc.o
    0x080035c8   0x080035c8   0x00000020   Code   RO         4686    i.RCC_LSEConfig     stm32f4xx_rcc.o
    0x080035e8   0x080035e8   0x0000000c   Code   RO         4700    i.RCC_RTCCLKCmd     stm32f4xx_rcc.o
    0x080035f4   0x080035f4   0x00000030   Code   RO         4701    i.RCC_RTCCLKConfig  stm32f4xx_rcc.o
    0x08003624   0x08003624   0x00000012   Code   RO         5063    i.RTC_Bcd2ToByte    stm32f4xx_rtc.o
    0x08003636   0x08003636   0x00000018   Code   RO         5065    i.RTC_ByteToBcd2    stm32f4xx_rtc.o
    0x0800364e   0x0800364e   0x0000000e   Code   RO         5072    i.RTC_DateStructInit  stm32f4xx_rtc.o
    0x0800365c   0x0800365c   0x00000044   Code   RO         5075    i.RTC_EnterInitMode  stm32f4xx_rtc.o
    0x080036a0   0x080036a0   0x00000010   Code   RO         5076    i.RTC_ExitInitMode  stm32f4xx_rtc.o
    0x080036b0   0x080036b0   0x00000048   Code   RO         5079    i.RTC_GetDate       stm32f4xx_rtc.o
    0x080036f8   0x080036f8   0x0000004c   Code   RO         5084    i.RTC_GetTime       stm32f4xx_rtc.o
    0x08003744   0x08003744   0x00000050   Code   RO         5089    i.RTC_Init          stm32f4xx_rtc.o
    0x08003794   0x08003794   0x000000a4   Code   RO         5095    i.RTC_SetDate       stm32f4xx_rtc.o
    0x08003838   0x08003838   0x000000a8   Code   RO         5096    i.RTC_SetTime       stm32f4xx_rtc.o
    0x080038e0   0x080038e0   0x0000000e   Code   RO         5099    i.RTC_StructInit    stm32f4xx_rtc.o
    0x080038ee   0x080038ee   0x0000000c   Code   RO         5111    i.RTC_TimeStructInit  stm32f4xx_rtc.o
    0x080038fa   0x080038fa   0x00000002   PAD
    0x080038fc   0x080038fc   0x0000004c   Code   RO         5112    i.RTC_WaitForSynchro  stm32f4xx_rtc.o
    0x08003948   0x08003948   0x00000018   Code   RO         5814    i.SPI_Cmd           stm32f4xx_spi.o
    0x08003960   0x08003960   0x00000010   Code   RO         5815    i.SPI_DataSizeConfig  stm32f4xx_spi.o
    0x08003970   0x08003970   0x00000014   Code   RO         5820    i.SPI_I2S_DMACmd    stm32f4xx_spi.o
    0x08003984   0x08003984   0x0000000e   Code   RO         5822    i.SPI_I2S_GetFlagStatus  stm32f4xx_spi.o
    0x08003992   0x08003992   0x00000004   Code   RO         5826    i.SPI_I2S_SendData  stm32f4xx_spi.o
    0x08003996   0x08003996   0x00000038   Code   RO         5827    i.SPI_Init          stm32f4xx_spi.o
    0x080039ce   0x080039ce   0x00000018   Code   RO         5830    i.SPI_StructInit    stm32f4xx_spi.o
    0x080039e6   0x080039e6   0x00000002   PAD
    0x080039e8   0x080039e8   0x000000b8   Code   RO         1814    i.SetSysClock       system_stm32f4xx.o
    0x08003aa0   0x08003aa0   0x0000002c   Code   RO         6940    i.SysTick_Handler   port.o
    0x08003acc   0x08003acc   0x0000005c   Code   RO         1816    i.SystemInit        system_stm32f4xx.o
    0x08003b28   0x08003b28   0x0000003c   Code   RO         1365    i.TIM6_DAC_IRQHandler  timer.o
    0x08003b64   0x08003b64   0x00000006   Code   RO         6047    i.TIM_ClearITPendingBit  stm32f4xx_tim.o
    0x08003b6a   0x08003b6a   0x00000018   Code   RO         6073    i.TIM_GetITStatus   stm32f4xx_tim.o
    0x08003b82   0x08003b82   0x00000002   PAD
    0x08003b84   0x08003b84   0x00000034   Code   RO         1247    i.USART1_IRQHandler  usart.o
    0x08003bb8   0x08003bb8   0x00000008   Code   RO         6602    i.USART_ClearFlag   stm32f4xx_usart.o
    0x08003bc0   0x08003bc0   0x00000018   Code   RO         6606    i.USART_Cmd         stm32f4xx_usart.o
    0x08003bd8   0x08003bd8   0x00000014   Code   RO         6607    i.USART_DMACmd      stm32f4xx_usart.o
    0x08003bec   0x08003bec   0x0000000e   Code   RO         6609    i.USART_GetFlagStatus  stm32f4xx_usart.o
    0x08003bfa   0x08003bfa   0x00000040   Code   RO         6610    i.USART_GetITStatus  stm32f4xx_usart.o
    0x08003c3a   0x08003c3a   0x00000036   Code   RO         6612    i.USART_ITConfig    stm32f4xx_usart.o
    0x08003c70   0x08003c70   0x000000bc   Code   RO         6613    i.USART_Init        stm32f4xx_usart.o
    0x08003d2c   0x08003d2c   0x00000008   Code   RO         6620    i.USART_ReceiveData  stm32f4xx_usart.o
    0x08003d34   0x08003d34   0x00000008   Code   RO         6623    i.USART_SendData    stm32f4xx_usart.o
    0x08003d3c   0x08003d3c   0x00000016   Code   RO         6629    i.USART_StructInit  stm32f4xx_usart.o
    0x08003d52   0x08003d52   0x00000030   Code   RO         8457    i.__ARM_fpclassify  m_wm.l(fpclassify.o)
    0x08003d82   0x08003d82   0x00000006   PAD
    0x08003d88   0x08003d88   0x000000f8   Code   RO         8540    i.__hardfp___mathlib_tofloat  m_wm.l(narrow.o)
    0x08003e80   0x08003e80   0x00000038   Code   RO         8284    i.__hardfp_atof     m_wm.l(atof.o)
    0x08003eb8   0x08003eb8   0x000000d0   Code   RO         8594    i.__hardfp_ldexp    m_wm.l(ldexp.o)
    0x08003f88   0x08003f88   0x00000020   Code   RO         8643    i.__mathlib_dbl_overflow  m_wm.l(dunder.o)
    0x08003fa8   0x08003fa8   0x00000020   Code   RO         8645    i.__mathlib_dbl_underflow  m_wm.l(dunder.o)
    0x08003fc8   0x08003fc8   0x00000012   Code   RO         8541    i.__mathlib_narrow  m_wm.l(narrow.o)
    0x08003fda   0x08003fda   0x00000014   Code   RO         8596    i.__support_ldexp   m_wm.l(ldexp.o)
    0x08003fee   0x08003fee   0x0000000e   Code   RO         8231    i._is_digit         c_w.l(__printf_wp.o)
    0x08003ffc   0x08003ffc   0x00000050   Code   RO         1694    i._rtc_get_time_once  rtc.o
    0x0800404c   0x0800404c   0x00000050   Code   RO         1695    i._rtc_set_time_once  rtc.o
    0x0800409c   0x0800409c   0x000000c4   Code   RO         1740    i.aht20_init        aht20.o
    0x08004160   0x08004160   0x00000016   Code   RO         1741    i.aht20_is_busy     aht20.o
    0x08004176   0x08004176   0x00000018   Code   RO         1742    i.aht20_is_ready    aht20.o
    0x0800418e   0x0800418e   0x00000002   PAD
    0x08004190   0x08004190   0x000000d0   Code   RO         1743    i.aht20_read        aht20.o
    0x08004260   0x08004260   0x0000008c   Code   RO         1744    i.aht20_read_measurement  aht20.o
    0x080042ec   0x080042ec   0x00000028   Code   RO         1745    i.aht20_read_status  aht20.o
    0x08004314   0x08004314   0x00000018   Code   RO         1746    i.aht20_start_measurement  aht20.o
    0x0800432c   0x0800432c   0x0000001e   Code   RO         1747    i.aht20_wait_for_measurement  aht20.o
    0x0800434a   0x0800434a   0x00000002   PAD
    0x0800434c   0x0800434c   0x000000c4   Code   RO         1748    i.aht20_write       aht20.o
    0x08004410   0x08004410   0x00000054   Code   RO         1112    i.board_init        board.o
    0x08004464   0x08004464   0x00000098   Code   RO         1113    i.board_lowlevel_init  board.o
    0x080044fc   0x080044fc   0x0000005c   Code   RO         1556    i.esp_at_connect_wifi  esp_at.o
    0x08004558   0x08004558   0x00000008   Code   RO         1557    i.esp_at_get_response  esp_at.o
    0x08004560   0x08004560   0x00000060   Code   RO         1558    i.esp_at_get_wifi_info  esp_at.o
    0x080045c0   0x080045c0   0x0000004c   Code   RO         1559    i.esp_at_http_get   esp_at.o
    0x0800460c   0x0800460c   0x00000044   Code   RO         1560    i.esp_at_init       esp_at.o
    0x08004650   0x08004650   0x00000038   Code   RO         1561    i.esp_at_sntp_get   esp_at.o
    0x08004688   0x08004688   0x0000002c   Code   RO         1562    i.esp_at_sntp_init  esp_at.o
    0x080046b4   0x080046b4   0x00000078   Code   RO         1563    i.esp_at_usart_init  esp_at.o
    0x0800472c   0x0800472c   0x00000088   Code   RO         1564    i.esp_at_usart_wait_receive  esp_at.o
    0x080047b4   0x080047b4   0x00000058   Code   RO         1565    i.esp_at_usart_write  esp_at.o
    0x0800480c   0x0800480c   0x00000024   Code   RO         1566    i.esp_at_wait_boot  esp_at.o
    0x08004830   0x08004830   0x00000012   Code   RO         1567    i.esp_at_wait_ready  esp_at.o
    0x08004842   0x08004842   0x00000002   PAD
    0x08004844   0x08004844   0x00000018   Code   RO         1568    i.esp_at_wifi_init  esp_at.o
    0x0800485c   0x0800485c   0x00000016   Code   RO         1569    i.esp_usart_write_command  esp_at.o
    0x08004872   0x08004872   0x00000006   PAD
    0x08004878   0x08004878   0x0000008c   Code   RO         8569    i.frexp             m_wm.l(frexp.o)
    0x08004904   0x08004904   0x00000168   Code   RO          206    i.inner_update      mloop.o
    0x08004a6c   0x08004a6c   0x0000000e   Code   RO         1402    i.is_gb2312         st7789.o
    0x08004a7a   0x08004a7a   0x00000002   PAD
    0x08004a7c   0x08004a7c   0x00000034   Code   RO         1326    i.led_set           led.o
    0x08004ab0   0x08004ab0   0x00000020   Code   RO         1327    i.led_toggle        led.o
    0x08004ad0   0x08004ad0   0x00000034   Code   RO            4    i.main              main.o
    0x08004b04   0x08004b04   0x00000028   Code   RO            5    i.main_init         main.o
    0x08004b2c   0x08004b2c   0x0000003c   Code   RO          207    i.main_loop_func    mloop.o
    0x08004b68   0x08004b68   0x0000013c   Code   RO          208    i.main_loop_init    mloop.o
    0x08004ca4   0x08004ca4   0x00000168   Code   RO          989    i.main_page_display  main_page.o
    0x08004e0c   0x08004e0c   0x000000b0   Code   RO          990    i.main_page_redraw_date  main_page.o
    0x08004ebc   0x08004ebc   0x00000054   Code   RO          991    i.main_page_redraw_inner_humidity  main_page.o
    0x08004f10   0x08004f10   0x00000064   Code   RO          992    i.main_page_redraw_inner_temperature  main_page.o
    0x08004f74   0x08004f74   0x00000034   Code   RO          993    i.main_page_redraw_outdoor_city  main_page.o
    0x08004fa8   0x08004fa8   0x00000064   Code   RO          994    i.main_page_redraw_outdoor_temperature  main_page.o
    0x0800500c   0x0800500c   0x000000b4   Code   RO          995    i.main_page_redraw_outdoor_weather_icon  main_page.o
    0x080050c0   0x080050c0   0x00000048   Code   RO          996    i.main_page_redraw_time  main_page.o
    0x08005108   0x08005108   0x00000038   Code   RO          997    i.main_page_redraw_wifi_ssid  main_page.o
    0x08005140   0x08005140   0x0000002c   Code   RO         1570    i.match_internal_ack  esp_at.o
    0x0800516c   0x0800516c   0x00000038   Code   RO         1571    i.month_to_num      esp_at.o
    0x080051a4   0x080051a4   0x000000d4   Code   RO          209    i.outdoor_update    mloop.o
    0x08005278   0x08005278   0x00000088   Code   RO         1572    i.parse_cipsntptime_response  esp_at.o
    0x08005300   0x08005300   0x00000060   Code   RO         1573    i.parse_cwjap_response  esp_at.o
    0x08005360   0x08005360   0x0000005c   Code   RO         1574    i.parse_cwstate_response  esp_at.o
    0x080053bc   0x080053bc   0x0000017c   Code   RO         1223    i.parse_seniverse_response  weather.o
    0x08005538   0x08005538   0x00000070   Code   RO         7584    i.prvAddCurrentTaskToDelayedList  tasks.o
    0x080055a8   0x080055a8   0x00000088   Code   RO         7585    i.prvAddNewTaskToReadyList  tasks.o
    0x08005630   0x08005630   0x00000050   Code   RO         7981    i.prvCheckForValidListAndQueue  timers.o
    0x08005680   0x08005680   0x0000003c   Code   RO         7586    i.prvCheckTasksWaitingTermination  tasks.o
    0x080056bc   0x080056bc   0x00000028   Code   RO         7190    i.prvCopyDataFromQueue  queue.o
    0x080056e4   0x080056e4   0x0000006e   Code   RO         7191    i.prvCopyDataToQueue  queue.o
    0x08005752   0x08005752   0x00000014   Code   RO         7587    i.prvDeleteTCB      tasks.o
    0x08005766   0x08005766   0x00000002   PAD
    0x08005768   0x08005768   0x00000024   Code   RO         7982    i.prvGetNextExpireTime  timers.o
    0x0800578c   0x0800578c   0x0000004c   Code   RO         6860    i.prvHeapInit       heap_4.o
    0x080057d8   0x080057d8   0x00000028   Code   RO         7588    i.prvIdleTask       tasks.o
    0x08005800   0x08005800   0x00000020   Code   RO         7194    i.prvInitialiseNewQueue  queue.o
    0x08005820   0x08005820   0x000000d0   Code   RO         7589    i.prvInitialiseNewTask  tasks.o
    0x080058f0   0x080058f0   0x0000006c   Code   RO         7983    i.prvInitialiseNewTimer  timers.o
    0x0800595c   0x0800595c   0x00000058   Code   RO         7590    i.prvInitialiseTaskLists  tasks.o
    0x080059b4   0x080059b4   0x00000054   Code   RO         6861    i.prvInsertBlockIntoFreeList  heap_4.o
    0x08005a08   0x08005a08   0x00000040   Code   RO         7984    i.prvInsertTimerInActiveList  timers.o
    0x08005a48   0x08005a48   0x0000001a   Code   RO         7195    i.prvIsQueueEmpty   queue.o
    0x08005a62   0x08005a62   0x0000001e   Code   RO         7196    i.prvIsQueueFull    queue.o
    0x08005a80   0x08005a80   0x00000090   Code   RO         7197    i.prvNotifyQueueSetContainer  queue.o
    0x08005b10   0x08005b10   0x00000084   Code   RO         7985    i.prvProcessExpiredTimer  timers.o
    0x08005b94   0x08005b94   0x0000010c   Code   RO         7986    i.prvProcessReceivedCommands  timers.o
    0x08005ca0   0x08005ca0   0x0000006c   Code   RO         7987    i.prvProcessTimerOrBlockTask  timers.o
    0x08005d0c   0x08005d0c   0x00000020   Code   RO         7591    i.prvResetNextTaskUnblockTime  tasks.o
    0x08005d2c   0x08005d2c   0x0000002c   Code   RO         7988    i.prvSampleTimeNow  timers.o
    0x08005d58   0x08005d58   0x00000088   Code   RO         7989    i.prvSwitchTimerLists  timers.o
    0x08005de0   0x08005de0   0x0000004c   Code   RO         6941    i.prvTaskExitError  port.o
    0x08005e2c   0x08005e2c   0x00000014   Code   RO         7990    i.prvTimerTask      timers.o
    0x08005e40   0x08005e40   0x0000007c   Code   RO         7198    i.prvUnlockQueue    queue.o
    0x08005ebc   0x08005ebc   0x00000114   Code   RO         6862    i.pvPortMalloc      heap_4.o
    0x08005fd0   0x08005fd0   0x00000040   Code   RO         7991    i.pvTimerGetTimerID  timers.o
    0x08006010   0x08006010   0x00000024   Code   RO         6942    i.pxPortInitialiseStack  port.o
    0x08006034   0x08006034   0x00000028   Code   RO         1696    i.rtc_get_time      rtc.o
    0x0800605c   0x0800605c   0x0000001a   Code   RO         1697    i.rtc_init          rtc.o
    0x08006076   0x08006076   0x0000001c   Code   RO         1698    i.rtc_set_time      rtc.o
    0x08006092   0x08006092   0x00000002   PAD
    0x08006094   0x08006094   0x0000004c   Code   RO         1403    i.st7789_dma_init   st7789.o
    0x080060e0   0x080060e0   0x00000080   Code   RO         1404    i.st7789_draw_font  st7789.o
    0x08006160   0x08006160   0x00000056   Code   RO         1405    i.st7789_draw_image  st7789.o
    0x080061b6   0x080061b6   0x00000048   Code   RO         1406    i.st7789_fill_color  st7789.o
    0x080061fe   0x080061fe   0x00000016   Code   RO         1407    i.st7789_init       st7789.o
    0x08006214   0x08006214   0x00000188   Code   RO         1408    i.st7789_init_display  st7789.o
    0x0800639c   0x0800639c   0x00000094   Code   RO         1409    i.st7789_io_init    st7789.o
    0x08006430   0x08006430   0x0000002e   Code   RO         1410    i.st7789_is_in_range  st7789.o
    0x0800645e   0x0800645e   0x00000002   PAD
    0x08006460   0x08006460   0x00000028   Code   RO         1411    i.st7789_reset      st7789.o
    0x08006488   0x08006488   0x00000044   Code   RO         1412    i.st7789_setCursor  st7789.o
    0x080064cc   0x080064cc   0x00000010   Code   RO         1413    i.st7789_set_backlight  st7789.o
    0x080064dc   0x080064dc   0x0000000a   Code   RO         1414    i.st7789_set_gram_mode  st7789.o
    0x080064e6   0x080064e6   0x00000002   PAD
    0x080064e8   0x080064e8   0x0000005c   Code   RO         1415    i.st7789_spi_init   st7789.o
    0x08006544   0x08006544   0x0000005a   Code   RO         1416    i.st7789_write_ascii  st7789.o
    0x0800659e   0x0800659e   0x00000064   Code   RO         1417    i.st7789_write_chinese  st7789.o
    0x08006602   0x08006602   0x00000002   PAD
    0x08006604   0x08006604   0x000000bc   Code   RO         1418    i.st7789_write_gram  st7789.o
    0x080066c0   0x080066c0   0x00000090   Code   RO         1419    i.st7789_write_register  st7789.o
    0x08006750   0x08006750   0x00000072   Code   RO         1420    i.st7789_write_string  st7789.o
    0x080067c2   0x080067c2   0x00000002   PAD
    0x080067c4   0x080067c4   0x00000150   Code   RO          210    i.time_sync         mloop.o
    0x08006914   0x08006914   0x0000001c   Code   RO          211    i.time_sync_cb      mloop.o
    0x08006930   0x08006930   0x00000054   Code   RO          212    i.time_update       mloop.o
    0x08006984   0x08006984   0x000000b0   Code   RO         7597    i.ulTaskGenericNotifyTake  tasks.o
    0x08006a34   0x08006a34   0x00000050   Code   RO         1248    i.usart_dma_init    usart.o
    0x08006a84   0x08006a84   0x00000016   Code   RO         1249    i.usart_init        usart.o
    0x08006a9a   0x08006a9a   0x0000002a   Code   RO         1250    i.usart_interrupt_init  usart.o
    0x08006ac4   0x08006ac4   0x00000050   Code   RO         1251    i.usart_io_init     usart.o
    0x08006b14   0x08006b14   0x0000002c   Code   RO         1252    i.usart_printf      usart.o
    0x08006b40   0x08006b40   0x00000054   Code   RO         1254    i.usart_usart_init  usart.o
    0x08006b94   0x08006b94   0x00000050   Code   RO         1255    i.usart_write_data  usart.o
    0x08006be4   0x08006be4   0x00000016   Code   RO         1256    i.usart_write_string  usart.o
    0x08006bfa   0x08006bfa   0x00000026   Code   RO         7141    i.uxListRemove      list.o
    0x08006c20   0x08006c20   0x0000003c   Code   RO         1114    i.vApplicationMallocFailedHook  board.o
    0x08006c5c   0x08006c5c   0x00000044   Code   RO         1115    i.vApplicationStackOverflowHook  board.o
    0x08006ca0   0x08006ca0   0x00000024   Code   RO         1116    i.vAssertCalled     board.o
    0x08006cc4   0x08006cc4   0x00000016   Code   RO         7142    i.vListInitialise   list.o
    0x08006cda   0x08006cda   0x00000006   Code   RO         7143    i.vListInitialiseItem  list.o
    0x08006ce0   0x08006ce0   0x00000030   Code   RO         7144    i.vListInsert       list.o
    0x08006d10   0x08006d10   0x00000018   Code   RO         7145    i.vListInsertEnd    list.o
    0x08006d28   0x08006d28   0x00000060   Code   RO         6944    i.vPortEnterCritical  port.o
    0x08006d88   0x08006d88   0x00000050   Code   RO         6945    i.vPortExitCritical  port.o
    0x08006dd8   0x08006dd8   0x0000008c   Code   RO         6863    i.vPortFree         heap_4.o
    0x08006e64   0x08006e64   0x00000024   Code   RO         6946    i.vPortSetupTimerInterrupt  port.o
    0x08006e88   0x08006e88   0x00000074   Code   RO         6947    i.vPortValidateInterruptPriority  port.o
    0x08006efc   0x08006efc   0x00000024   Code   RO         7202    i.vQueueAddToRegistry  queue.o
    0x08006f20   0x08006f20   0x00000046   Code   RO         7205    i.vQueueWaitForMessageRestricted  queue.o
    0x08006f66   0x08006f66   0x00000002   PAD
    0x08006f68   0x08006f68   0x00000068   Code   RO         7605    i.vTaskDelay        tasks.o
    0x08006fd0   0x08006fd0   0x000000cc   Code   RO         7606    i.vTaskDelete       tasks.o
    0x0800709c   0x0800709c   0x00000010   Code   RO         7609    i.vTaskInternalSetTimeOutState  tasks.o
    0x080070ac   0x080070ac   0x0000000c   Code   RO         7610    i.vTaskMissedYield  tasks.o
    0x080070b8   0x080070b8   0x00000050   Code   RO         7611    i.vTaskPlaceOnEventList  tasks.o
    0x08007108   0x08007108   0x00000058   Code   RO         7612    i.vTaskPlaceOnEventListRestricted  tasks.o
    0x08007160   0x08007160   0x0000008c   Code   RO         7620    i.vTaskStartScheduler  tasks.o
    0x080071ec   0x080071ec   0x00000010   Code   RO         7622    i.vTaskSuspendAll   tasks.o
    0x080071fc   0x080071fc   0x00000090   Code   RO         7623    i.vTaskSwitchContext  tasks.o
    0x0800728c   0x0800728c   0x00000038   Code   RO         1575    i.weekday_to_num    esp_at.o
    0x080072c4   0x080072c4   0x0000008c   Code   RO         1062    i.welcome_page_display  welcome_page.o
    0x08007350   0x08007350   0x000000e0   Code   RO         1190    i.wifi_init         wifi.o
    0x08007430   0x08007430   0x00000018   Code   RO         1576    i.wifi_is_connected  esp_at.o
    0x08007448   0x08007448   0x000000a8   Code   RO         1086    i.wifi_page_display  wifi_page.o
    0x080074f0   0x080074f0   0x0000012c   Code   RO          213    i.wifi_update       mloop.o
    0x0800761c   0x0800761c   0x000001f8   Code   RO         1191    i.wifi_wait_connect  wifi.o
    0x08007814   0x08007814   0x00000118   Code   RO         6948    i.xPortStartScheduler  port.o
    0x0800792c   0x0800792c   0x00000084   Code   RO         7210    i.xQueueGenericCreate  queue.o
    0x080079b0   0x080079b0   0x000000a4   Code   RO         7211    i.xQueueGenericReset  queue.o
    0x08007a54   0x08007a54   0x00000190   Code   RO         7212    i.xQueueGenericSend  queue.o
    0x08007be4   0x08007be4   0x000000f0   Code   RO         7213    i.xQueueGenericSendFromISR  queue.o
    0x08007cd4   0x08007cd4   0x00000148   Code   RO         7220    i.xQueueReceive     queue.o
    0x08007e1c   0x08007e1c   0x00000094   Code   RO         7625    i.xTaskCheckForTimeOut  tasks.o
    0x08007eb0   0x08007eb0   0x00000060   Code   RO         7626    i.xTaskCreate       tasks.o
    0x08007f10   0x08007f10   0x00000118   Code   RO         7628    i.xTaskGenericNotify  tasks.o
    0x08008028   0x08008028   0x0000001c   Code   RO         7635    i.xTaskGetSchedulerState  tasks.o
    0x08008044   0x08008044   0x0000000c   Code   RO         7636    i.xTaskGetTickCount  tasks.o
    0x08008050   0x08008050   0x000000e8   Code   RO         7638    i.xTaskIncrementTick  tasks.o
    0x08008138   0x08008138   0x000000a4   Code   RO         7639    i.xTaskPriorityDisinherit  tasks.o
    0x080081dc   0x080081dc   0x00000094   Code   RO         7641    i.xTaskRemoveFromEventList  tasks.o
    0x08008270   0x08008270   0x000000e4   Code   RO         7642    i.xTaskResumeAll    tasks.o
    0x08008354   0x08008354   0x00000034   Code   RO         7995    i.xTimerCreate      timers.o
    0x08008388   0x08008388   0x00000068   Code   RO         7996    i.xTimerCreateTimerTask  timers.o
    0x080083f0   0x080083f0   0x00000090   Code   RO         7997    i.xTimerGenericCommand  timers.o
    0x08008480   0x08008480   0x0000002c   Code   RO         8451    locale$$code        c_w.l(lc_numeric_c.o)
    0x080084ac   0x080084ac   0x0000002c   Code   RO         8524    locale$$code        c_w.l(lc_ctype_c.o)
    0x080084d8   0x080084d8   0x00000062   Code   RO         8278    x$fpl$d2f           fz_wm.l(d2f.o)
    0x0800853a   0x0800853a   0x00000002   PAD
    0x0800853c   0x0800853c   0x00000010   Code   RO         8664    x$fpl$dcheck1       fz_wm.l(dcheck1.o)
    0x0800854c   0x0800854c   0x00000018   Code   RO         8588    x$fpl$dcmpinf       fz_wm.l(dcmpi.o)
    0x08008564   0x08008564   0x00000078   Code   RO         8563    x$fpl$deqf          fz_wm.l(deqf.o)
    0x080085dc   0x080085dc   0x00000078   Code   RO         8590    x$fpl$dleqf         fz_wm.l(dleqf.o)
    0x08008654   0x08008654   0x00000154   Code   RO         8592    x$fpl$dmul          fz_wm.l(dmul.o)
    0x080087a8   0x080087a8   0x0000009c   Code   RO         8368    x$fpl$dnaninf       fz_wm.l(dnaninf.o)
    0x08008844   0x08008844   0x0000000c   Code   RO         8370    x$fpl$dretinf       fz_wm.l(dretinf.o)
    0x08008850   0x08008850   0x0000006c   Code   RO         8565    x$fpl$drleqf        fz_wm.l(drleqf.o)
    0x080088bc   0x080088bc   0x00000056   Code   RO         8280    x$fpl$f2d           fz_wm.l(f2d.o)
    0x08008912   0x08008912   0x0000008c   Code   RO         8372    x$fpl$fnaninf       fz_wm.l(fnaninf.o)
    0x0800899e   0x0800899e   0x0000000a   Code   RO         8532    x$fpl$fpinit        fz_wm.l(fpinit.o)
    0x080089a8   0x080089a8   0x0000000a   Code   RO         8374    x$fpl$fretinf       fz_wm.l(fretinf.o)
    0x080089b2   0x080089b2   0x00000006   Code   RO         8453    x$fpl$ieeestatus    fz_wm.l(istatus.o)
    0x080089b8   0x080089b8   0x00000004   Code   RO         8282    x$fpl$printf1       fz_wm.l(printf1.o)
    0x080089bc   0x080089bc   0x00000004   Code   RO         8376    x$fpl$printf2       fz_wm.l(printf2.o)
    0x080089c0   0x080089c0   0x00000064   Code   RO         8674    x$fpl$retnan        fz_wm.l(retnan.o)
    0x08008a24   0x08008a24   0x0000005c   Code   RO         8637    x$fpl$scalbn        fz_wm.l(scalbn.o)
    0x08008a80   0x08008a80   0x00000004   Code   RO         8455    x$fpl$scanf1        fz_wm.l(scanf1.o)
    0x08008a84   0x08008a84   0x00000008   Code   RO         8534    x$fpl$scanf2        fz_wm.l(scanf2.o)
    0x08008a8c   0x08008a8c   0x00000030   Code   RO         8692    x$fpl$trapveneer    fz_wm.l(trapv.o)
    0x08008abc   0x08008abc   0x00000000   Code   RO         8382    x$fpl$usenofp       fz_wm.l(usenofp.o)
    0x08008abc   0x08008abc   0x000005f0   Data   RO          303    .constdata          font16_maple.o
    0x080090ac   0x080090ac   0x00000010   Data   RO          304    .constdata          font16_maple.o
    0x080090bc   0x080090bc   0x0000003c   Data   RO          329    .constdata          font20_maple_bold.o
    0x080090f8   0x080090f8   0x0000003c   Data   RO          330    .constdata          font20_maple_bold.o
    0x08009134   0x08009134   0x0000003c   Data   RO          331    .constdata          font20_maple_bold.o
    0x08009170   0x08009170   0x0000003c   Data   RO          332    .constdata          font20_maple_bold.o
    0x080091ac   0x080091ac   0x0000003c   Data   RO          333    .constdata          font20_maple_bold.o
    0x080091e8   0x080091e8   0x0000003c   Data   RO          334    .constdata          font20_maple_bold.o
    0x08009224   0x08009224   0x0000003c   Data   RO          335    .constdata          font20_maple_bold.o
    0x08009260   0x08009260   0x0000003c   Data   RO          336    .constdata          font20_maple_bold.o
    0x0800929c   0x0800929c   0x0000003c   Data   RO          337    .constdata          font20_maple_bold.o
    0x080092d8   0x080092d8   0x0000003c   Data   RO          338    .constdata          font20_maple_bold.o
    0x08009314   0x08009314   0x0000003c   Data   RO          339    .constdata          font20_maple_bold.o
    0x08009350   0x08009350   0x0000003c   Data   RO          340    .constdata          font20_maple_bold.o
    0x0800938c   0x0800938c   0x0000003c   Data   RO          341    .constdata          font20_maple_bold.o
    0x080093c8   0x080093c8   0x0000003c   Data   RO          342    .constdata          font20_maple_bold.o
    0x08009404   0x08009404   0x0000003c   Data   RO          343    .constdata          font20_maple_bold.o
    0x08009440   0x08009440   0x0000003c   Data   RO          344    .constdata          font20_maple_bold.o
    0x0800947c   0x0800947c   0x0000003c   Data   RO          345    .constdata          font20_maple_bold.o
    0x080094b8   0x080094b8   0x0000003c   Data   RO          346    .constdata          font20_maple_bold.o
    0x080094f4   0x080094f4   0x0000003c   Data   RO          347    .constdata          font20_maple_bold.o
    0x08009530   0x08009530   0x0000003c   Data   RO          348    .constdata          font20_maple_bold.o
    0x0800956c   0x0800956c   0x0000003c   Data   RO          349    .constdata          font20_maple_bold.o
    0x080095a8   0x080095a8   0x0000003c   Data   RO          350    .constdata          font20_maple_bold.o
    0x080095e4   0x080095e4   0x00000ed8   Data   RO          351    .constdata          font20_maple_bold.o
    0x0800a4bc   0x0800a4bc   0x000000b8   Data   RO          352    .constdata          font20_maple_bold.o
    0x0800a574   0x0800a574   0x00000010   Data   RO          353    .constdata          font20_maple_bold.o
    0x0800a584   0x0800a584   0x00000048   Data   RO          379    .constdata          font24_maple_bold.o
    0x0800a5cc   0x0800a5cc   0x00000048   Data   RO          380    .constdata          font24_maple_bold.o
    0x0800a614   0x0800a614   0x00000048   Data   RO          381    .constdata          font24_maple_bold.o
    0x0800a65c   0x0800a65c   0x00000048   Data   RO          382    .constdata          font24_maple_bold.o
    0x0800a6a4   0x0800a6a4   0x00000048   Data   RO          383    .constdata          font24_maple_bold.o
    0x0800a6ec   0x0800a6ec   0x00000048   Data   RO          384    .constdata          font24_maple_bold.o
    0x0800a734   0x0800a734   0x00000048   Data   RO          385    .constdata          font24_maple_bold.o
    0x0800a77c   0x0800a77c   0x00000048   Data   RO          386    .constdata          font24_maple_bold.o
    0x0800a7c4   0x0800a7c4   0x00000048   Data   RO          387    .constdata          font24_maple_bold.o
    0x0800a80c   0x0800a80c   0x00000048   Data   RO          388    .constdata          font24_maple_bold.o
    0x0800a854   0x0800a854   0x00000048   Data   RO          389    .constdata          font24_maple_bold.o
    0x0800a89c   0x0800a89c   0x00000048   Data   RO          390    .constdata          font24_maple_bold.o
    0x0800a8e4   0x0800a8e4   0x00000048   Data   RO          391    .constdata          font24_maple_bold.o
    0x0800a92c   0x0800a92c   0x00000048   Data   RO          392    .constdata          font24_maple_bold.o
    0x0800a974   0x0800a974   0x00000048   Data   RO          393    .constdata          font24_maple_bold.o
    0x0800a9bc   0x0800a9bc   0x00000048   Data   RO          394    .constdata          font24_maple_bold.o
    0x0800aa04   0x0800aa04   0x00000048   Data   RO          395    .constdata          font24_maple_bold.o
    0x0800aa4c   0x0800aa4c   0x000011d0   Data   RO          396    .constdata          font24_maple_bold.o
    0x0800bc1c   0x0800bc1c   0x00000090   Data   RO          397    .constdata          font24_maple_bold.o
    0x0800bcac   0x0800bcac   0x00000010   Data   RO          398    .constdata          font24_maple_bold.o
    0x0800bcbc   0x0800bcbc   0x00000080   Data   RO          424    .constdata          font24_maple_semibold.o
    0x0800bd3c   0x0800bd3c   0x00000080   Data   RO          425    .constdata          font24_maple_semibold.o
    0x0800bdbc   0x0800bdbc   0x00000080   Data   RO          426    .constdata          font24_maple_semibold.o
    0x0800be3c   0x0800be3c   0x00000080   Data   RO          427    .constdata          font24_maple_semibold.o
    0x0800bebc   0x0800bebc   0x00000080   Data   RO          428    .constdata          font24_maple_semibold.o
    0x0800bf3c   0x0800bf3c   0x00000080   Data   RO          429    .constdata          font24_maple_semibold.o
    0x0800bfbc   0x0800bfbc   0x00000080   Data   RO          430    .constdata          font24_maple_semibold.o
    0x0800c03c   0x0800c03c   0x00000080   Data   RO          431    .constdata          font24_maple_semibold.o
    0x0800c0bc   0x0800c0bc   0x00000080   Data   RO          432    .constdata          font24_maple_semibold.o
    0x0800c13c   0x0800c13c   0x000017c0   Data   RO          433    .constdata          font24_maple_semibold.o
    0x0800d8fc   0x0800d8fc   0x00000050   Data   RO          434    .constdata          font24_maple_semibold.o
    0x0800d94c   0x0800d94c   0x00000010   Data   RO          435    .constdata          font24_maple_semibold.o
    0x0800d95c   0x0800d95c   0x00000048   Data   RO          461    .constdata          font32_maple_bold.o
    0x0800d9a4   0x0800d9a4   0x00000048   Data   RO          462    .constdata          font32_maple_bold.o
    0x0800d9ec   0x0800d9ec   0x00000048   Data   RO          463    .constdata          font32_maple_bold.o
    0x0800da34   0x0800da34   0x00000048   Data   RO          464    .constdata          font32_maple_bold.o
    0x0800da7c   0x0800da7c   0x00000048   Data   RO          465    .constdata          font32_maple_bold.o
    0x0800dac4   0x0800dac4   0x00000048   Data   RO          466    .constdata          font32_maple_bold.o
    0x0800db0c   0x0800db0c   0x00000048   Data   RO          467    .constdata          font32_maple_bold.o
    0x0800db54   0x0800db54   0x00000048   Data   RO          468    .constdata          font32_maple_bold.o
    0x0800db9c   0x0800db9c   0x00000048   Data   RO          469    .constdata          font32_maple_bold.o
    0x0800dbe4   0x0800dbe4   0x00000048   Data   RO          470    .constdata          font32_maple_bold.o
    0x0800dc2c   0x0800dc2c   0x00000048   Data   RO          471    .constdata          font32_maple_bold.o
    0x0800dc74   0x0800dc74   0x00000048   Data   RO          472    .constdata          font32_maple_bold.o
    0x0800dcbc   0x0800dcbc   0x00000048   Data   RO          473    .constdata          font32_maple_bold.o
    0x0800dd04   0x0800dd04   0x00000048   Data   RO          474    .constdata          font32_maple_bold.o
    0x0800dd4c   0x0800dd4c   0x00000078   Data   RO          475    .constdata          font32_maple_bold.o
    0x0800ddc4   0x0800ddc4   0x00000010   Data   RO          476    .constdata          font32_maple_bold.o
    0x0800ddd4   0x0800ddd4   0x00005028   Data   RO          528    .constdata          font54_maple_semibold.o
    0x08012dfc   0x08012dfc   0x00000010   Data   RO          529    .constdata          font54_maple_semibold.o
    0x08012e0c   0x08012e0c   0x00005f00   Data   RO          555    .constdata          font64_maple_extrabold.o
    0x08018d0c   0x08018d0c   0x00000010   Data   RO          556    .constdata          font64_maple_extrabold.o
    0x08018d1c   0x08018d1c   0x00008d04   Data   RO          582    .constdata          font76_maple_extrabold.o
    0x08021a20   0x08021a20   0x00000010   Data   RO          583    .constdata          font76_maple_extrabold.o
    0x08021a30   0x08021a30   0x000016c8   Data   RO          609    .constdata          icon_duoyun.o
    0x080230f8   0x080230f8   0x00000008   Data   RO          610    .constdata          icon_duoyun.o
    0x08023100   0x08023100   0x000016c8   Data   RO          635    .constdata          icon_leizhenyu.o
    0x080247c8   0x080247c8   0x00000008   Data   RO          636    .constdata          icon_leizhenyu.o
    0x080247d0   0x080247d0   0x000016c8   Data   RO          661    .constdata          icon_na.o
    0x08025e98   0x08025e98   0x00000008   Data   RO          662    .constdata          icon_na.o
    0x08025ea0   0x08025ea0   0x000016c8   Data   RO          687    .constdata          icon_qing.o
    0x08027568   0x08027568   0x00000008   Data   RO          688    .constdata          icon_qing.o
    0x08027570   0x08027570   0x0000085e   Data   RO          713    .constdata          icon_wenduji.o
    0x08027dce   0x08027dce   0x00000002   PAD
    0x08027dd0   0x08027dd0   0x00000008   Data   RO          714    .constdata          icon_wenduji.o
    0x08027dd8   0x08027dd8   0x00000480   Data   RO          739    .constdata          icon_wifi.o
    0x08028258   0x08028258   0x00000008   Data   RO          740    .constdata          icon_wifi.o
    0x08028260   0x08028260   0x000016c8   Data   RO          765    .constdata          icon_yintian.o
    0x08029928   0x08029928   0x00000008   Data   RO          766    .constdata          icon_yintian.o
    0x08029930   0x08029930   0x000016c8   Data   RO          791    .constdata          icon_yueliang.o
    0x0802aff8   0x0802aff8   0x00000008   Data   RO          792    .constdata          icon_yueliang.o
    0x0802b000   0x0802b000   0x000016c8   Data   RO          817    .constdata          icon_zhongxue.o
    0x0802c6c8   0x0802c6c8   0x00000008   Data   RO          818    .constdata          icon_zhongxue.o
    0x0802c6d0   0x0802c6d0   0x000016c8   Data   RO          843    .constdata          icon_zhongyu.o
    0x0802dd98   0x0802dd98   0x00000008   Data   RO          844    .constdata          icon_zhongyu.o
    0x0802dda0   0x0802dda0   0x0000fd20   Data   RO          895    .constdata          img_meihua.o
    0x0803dac0   0x0803dac0   0x00000008   Data   RO          896    .constdata          img_meihua.o
    0x0803dac8   0x0803dac8   0x0000e6a0   Data   RO          921    .constdata          img_wifi.o
    0x0804c168   0x0804c168   0x00000008   Data   RO          922    .constdata          img_wifi.o
    0x0804c170   0x0804c170   0x00000007   Data   RO          998    .constdata          main_page.o
    0x0804c177   0x0804c177   0x00000001   PAD
    0x0804c178   0x0804c178   0x0000006c   Data   RO         1578    .constdata          esp_at.o
    0x0804c1e4   0x0804c1e4   0x00000011   Data   RO         8239    .constdata          c_w.l(__printf_flags_ss_wp.o)
    0x0804c1f5   0x0804c1f5   0x00000003   PAD
    0x0804c1f8   0x0804c1f8   0x00000008   Data   RO         8310    .constdata          c_w.l(_printf_wctomb.o)
    0x0804c200   0x0804c200   0x00000028   Data   RO         8339    .constdata          c_w.l(_printf_hex_int_ll_ptr.o)
    0x0804c228   0x0804c228   0x00000026   Data   RO         8413    .constdata          c_w.l(_printf_fp_hex.o)
    0x0804c24e   0x0804c24e   0x00000002   PAD
    0x0804c250   0x0804c250   0x00000094   Data   RO         8424    .constdata          c_w.l(bigflt0.o)
    0x0804c2e4   0x0804c2e4   0x00000068   Data   RO          215    .conststring        mloop.o
    0x0804c34c   0x0804c34c   0x00000053   Data   RO          354    .conststring        font20_maple_bold.o
    0x0804c39f   0x0804c39f   0x00000001   PAD
    0x0804c3a0   0x0804c3a0   0x00000013   Data   RO          399    .conststring        font24_maple_bold.o
    0x0804c3b3   0x0804c3b3   0x00000001   PAD
    0x0804c3b4   0x0804c3b4   0x0000001f   Data   RO          436    .conststring        font24_maple_semibold.o
    0x0804c3d3   0x0804c3d3   0x00000001   PAD
    0x0804c3d4   0x0804c3d4   0x0000000e   Data   RO          530    .conststring        font54_maple_semibold.o
    0x0804c3e2   0x0804c3e2   0x00000002   PAD
    0x0804c3e4   0x0804c3e4   0x0000000e   Data   RO          584    .conststring        font76_maple_extrabold.o
    0x0804c3f2   0x0804c3f2   0x00000002   PAD
    0x0804c3f4   0x0804c3f4   0x00000006   Data   RO         1087    .conststring        wifi_page.o
    0x0804c3fa   0x0804c3fa   0x00000002   PAD
    0x0804c3fc   0x0804c3fc   0x00000074   Data   RO         1579    .conststring        esp_at.o
    0x0804c470   0x0804c470   0x00000020   Data   RO         8694    Region$$Table       anon$$obj.o
    0x0804c490   0x0804c490   0x00000008   Data   RO         8528    c$$dinf             fz_wm.l(fpconst.o)
    0x0804c498   0x0804c498   0x00000008   Data   RO         8531    c$$dmax             fz_wm.l(fpconst.o)
    0x0804c4a0   0x0804c4a0   0x0000001c   Data   RO         8450    locale$$data        c_w.l(lc_numeric_c.o)
    0x0804c4bc   0x0804c4bc   0x00000110   Data   RO         8523    locale$$data        c_w.l(lc_ctype_c.o)


    Execution Region RW_IRAM1 (Exec base: 0x20000000, Load base: 0x0804c5cc, Size: 0x0001c2e0, Max: 0x00020000, ABSOLUTE)

    Exec Addr    Load Addr    Size         Type   Attr      Idx    E Section Name        Object

    0x20000000   0x0804c5cc   0x00000028   Data   RW          216    .data               mloop.o
    0x20000028   0x0804c5f4   0x00000004   Data   RW         1088    .data               wifi_page.o
    0x2000002c   0x0804c5f8   0x00000008   Data   RW         1193    .data               wifi.o
    0x20000034   0x0804c600   0x00000004   Data   RW         1258    .data               usart.o
    0x20000038   0x0804c604   0x00000004   Data   RW         1368    .data               timer.o
    0x2000003c   0x0804c608   0x00000014   Data   RW         1817    .data               system_stm32f4xx.o
    0x20000050   0x0804c61c   0x00000010   Data   RW         4709    .data               stm32f4xx_rcc.o
    0x20000060   0x0804c62c   0x00000020   Data   RW         6869    .data               heap_4.o
    0x20000080   0x0804c64c   0x0000000c   Data   RW         6949    .data               port.o
    0x2000008c   0x0804c658   0x00000040   Data   RW         7645    .data               tasks.o
    0x200000cc   0x0804c698   0x00000014   Data   RW         8003    .data               timers.o
    0x200000e0        -       0x00000118   Zero   RW          214    .bss                mloop.o
    0x200001f8        -       0x00000060   Zero   RW         1192    .bss                wifi.o
    0x20000258        -       0x00000200   Zero   RW         1257    .bss                usart.o
    0x20000458        -       0x00002880   Zero   RW         1421    .bss                st7789.o
    0x20002cd8        -       0x00000400   Zero   RW         1577    .bss                esp_at.o
    0x200030d8        -       0x00017000   Zero   RW         6868    .bss                heap_4.o
    0x2001a0d8        -       0x00000050   Zero   RW         7227    .bss                queue.o
    0x2001a128        -       0x0000012c   Zero   RW         7644    .bss                tasks.o
    0x2001a254        -       0x00000028   Zero   RW         8002    .bss                timers.o
    0x2001a27c        -       0x00000060   Zero   RW         8460    .bss                c_w.l(libspace.o)
    0x2001a2dc   0x0804c6ac   0x00000004   PAD
    0x2001a2e0        -       0x00001000   Zero   RW         1805    HEAP                startup_stm32f40_41xxx.o
    0x2001b2e0        -       0x00001000   Zero   RW         1804    STACK               startup_stm32f40_41xxx.o


==============================================================================

Image component sizes


      Code (inc. data)   RO Data    RW Data    ZI Data      Debug   Object Name

       880         64          0          0          0       6997   aht20.o
       400        166          0          0          0       3034   board.o
         0          0          0          0          0       1891   error_page.o
      1388        354        224          0       1024      14221   esp_at.o
         0          0          0          0          0      11148   event_groups.o
         0          0       1536          0          0       1591   font16_maple.o
         0          0       5403          0          0       1643   font20_maple_bold.o
         0          0       5963          0          0       1643   font24_maple_bold.o
         0          0       7359          0          0       1655   font24_maple_semibold.o
         0          0       1144          0          0       1603   font32_maple_bold.o
         0          0      20550          0          0       1619   font54_maple_semibold.o
         0          0      24336          0          0       1627   font64_maple_extrabold.o
         0          0      36130          0          0       1627   font76_maple_extrabold.o
       576        104          0         32      94208       6595   heap_4.o
         0          0       5840          0          0       1452   icon_duoyun.o
         0          0       5840          0          0       1464   icon_leizhenyu.o
         0          0       5840          0          0       1436   icon_na.o
         0          0       5840          0          0       1444   icon_qing.o
         0          0       2150          0          0       1456   icon_wenduji.o
         0          0       1160          0          0       1444   icon_wifi.o
         0          0       5840          0          0       1456   icon_yintian.o
         0          0       5840          0          0       1460   icon_yueliang.o
         0          0       5840          0          0       1460   icon_zhongxue.o
         0          0       5840          0          0       1456   icon_zhongyu.o
         0          0      64808          0          0       1448   img_meihua.o
         0          0      59048          0          0       1440   img_wifi.o
        18          0          0          0          0        475   key.o
        84         14          0          0          0       1035   led.o
       138          0          0          0          0       3358   list.o
        92         18          0          0          0     351113   main.o
      1180        294          7          0          0       6363   main_page.o
       124         16          0          0          0       1671   misc.o
      1696        628        104         40        280       8661   mloop.o
       954        280          0         12          0      10469   port.o
      1876        212          0          0         80      16210   queue.o
       254          0          0          0          0       3105   rtc.o
      1846        150          0          0      10368      13300   st7789.o
        64         26        392          0       8192        844   startup_stm32f40_41xxx.o
       238         28          0          0          0       4422   stm32f4xx_dma.o
        12          6          0          0          0        525   stm32f4xx_exti.o
       212          0          0          0          0       4722   stm32f4xx_gpio.o
       358         10          0          0          0       6295   stm32f4xx_i2c.o
        12          6          0          0          0        514   stm32f4xx_pwr.o
       392         54          0         16          0       7294   stm32f4xx_rcc.o
       802         52          0          0          0       9094   stm32f4xx_rtc.o
       158          0          0          0          0       4755   stm32f4xx_spi.o
        30          0          0          0          0       1954   stm32f4xx_tim.o
       410          8          0          0          0       7517   stm32f4xx_usart.o
       276         34          0         20          0       1937   system_stm32f4xx.o
      3012        652          0         64        300      33685   tasks.o
        60          8          0          4          0        558   timer.o
      1360        314          0         20         40      16050   timers.o
       506         40          0          4        512       5290   usart.o
       380        184          0          0          0       1655   weather.o
       140         48          0          0          0        911   welcome_page.o
       728        436          0          8         96       1348   wifi.o
       168         38          6          4          0       1144   wifi_page.o

    ----------------------------------------------------------------------
     20862       4244     277084        224     115100     600584   Object Totals
         0          0         32          0          0          0   (incl. Generated)
        38          0         12          0          0          0   (incl. Padding)

    ----------------------------------------------------------------------

      Code (inc. data)   RO Data    RW Data    ZI Data      Debug   Library Member Name

        60          8          0          0          0         84   __0sscanf.o
        56          6          0          0          0         88   __2snprintf.o
         8          0          0          0          0         68   __main.o
       392          4         17          0          0         92   __printf_flags_ss_wp.o
        14          0          0          0          0         68   __printf_wp.o
         0          0          0          0          0          0   __rtentry.o
        12          0          0          0          0          0   __rtentry2.o
         6          0          0          0          0          0   __rtentry4.o
        52          8          0          0          0          0   __scatter.o
        26          0          0          0          0          0   __scatter_copy.o
        28          0          0          0          0          0   __scatter_zi.o
        28          0          0          0          0         68   _chval.o
         6          0          0          0          0          0   _printf_a.o
         6          0          0          0          0          0   _printf_c.o
        44          0          0          0          0        108   _printf_char.o
        48          6          0          0          0         96   _printf_char_common.o
        40          0          0          0          0         68   _printf_charcount.o
         6          0          0          0          0          0   _printf_d.o
       120         16          0          0          0         92   _printf_dec.o
         6          0          0          0          0          0   _printf_e.o
         6          0          0          0          0          0   _printf_f.o
      1054          0          0          0          0        216   _printf_fp_dec.o
       764          8         38          0          0        100   _printf_fp_hex.o
       128         16          0          0          0         84   _printf_fp_infnan.o
         6          0          0          0          0          0   _printf_g.o
       148          4         40          0          0        160   _printf_hex_int_ll_ptr.o
         6          0          0          0          0          0   _printf_i.o
       178          0          0          0          0         88   _printf_intcommon.o
        10          0          0          0          0          0   _printf_l.o
         6          0          0          0          0          0   _printf_lc.o
        10          0          0          0          0          0   _printf_ll.o
         6          0          0          0          0          0   _printf_lld.o
         6          0          0          0          0          0   _printf_lli.o
         6          0          0          0          0          0   _printf_llo.o
         6          0          0          0          0          0   _printf_llu.o
         6          0          0          0          0          0   _printf_llx.o
       124         16          0          0          0         92   _printf_longlong_dec.o
         6          0          0          0          0          0   _printf_ls.o
         6          0          0          0          0          0   _printf_n.o
         6          0          0          0          0          0   _printf_o.o
       112         10          0          0          0        124   _printf_oct_int_ll.o
         6          0          0          0          0          0   _printf_p.o
        78          0          0          0          0        108   _printf_pad.o
         0          0          0          0          0          0   _printf_percent.o
         4          0          0          0          0          0   _printf_percent_end.o
         6          0          0          0          0          0   _printf_s.o
        82          0          0          0          0         80   _printf_str.o
        36          0          0          0          0         84   _printf_truncate.o
         6          0          0          0          0          0   _printf_u.o
        44          0          0          0          0        108   _printf_wchar.o
       188          6          8          0          0         92   _printf_wctomb.o
         6          0          0          0          0          0   _printf_x.o
        22          0          0          0          0        100   _rserrno.o
       884          4          0          0          0        100   _scanf.o
       332          0          0          0          0         96   _scanf_int.o
       224          0          0          0          0         96   _scanf_str.o
        64          0          0          0          0         84   _sgetc.o
        16          0          0          0          0         68   _snputc.o
        10          0          0          0          0         68   _sputc.o
        64          0          0          0          0         92   _wcrtomb.o
        16          0          0          0          0         68   aeabi_memset.o
       228          4        148          0          0         96   bigflt0.o
      2152        136          0          0          0        960   btod.o
        18          0          0          0          0         80   exit.o
         6          0          0          0          0        152   heapauxi.o
         0          0          0          0          0          0   indicate_semi.o
        18          0          0          0          0         76   isspace.o
        44         10        272          0          0         76   lc_ctype_c.o
        44         10         28          0          0         76   lc_numeric_c.o
         2          0          0          0          0          0   libinit.o
        34          0          0          0          0          0   libinit2.o
         2          0          0          0          0          0   libshutdown.o
         2          0          0          0          0          0   libshutdown2.o
         8          4          0          0         96         68   libspace.o
        38          0          0          0          0         68   llshl.o
       138          0          0          0          0         80   lludiv10.o
        88          0          0          0          0         76   memcmp.o
        16          4          0          0          0         76   rt_ctype_table.o
         8          4          0          0          0         68   rt_errno_addr_intlibspace.o
         8          4          0          0          0         68   rt_locale_intlibspace.o
        68          0          0          0          0         68   rt_memclr.o
        78          0          0          0          0         80   rt_memclr_w.o
       138          0          0          0          0         68   rt_memcpy_v6.o
       100          0          0          0          0         80   rt_memcpy_w.o
         2          0          0          0          0          0   rtexit.o
        10          0          0          0          0          0   rtexit2.o
        44          8          0          0          0         84   scanf_char.o
      1272         16          0          0          0        168   scanf_fp.o
       800         14          0          0          0        100   scanf_hexfp.o
       308         16          0          0          0        100   scanf_infnan.o
       128          0          0          0          0         68   strcmpv7m.o
        62          0          0          0          0         76   strlen.o
        86          0          0          0          0         76   strncpy.o
        36          0          0          0          0         80   strstr.o
       164         14          0          0          0        120   strtod.o
        12          4          0          0          0         68   sys_exit.o
        74          0          0          0          0         80   sys_stackheap_outer.o
         2          0          0          0          0         68   use_no_semi.o
        52          4          0          0          0         80   vsnprintf.o
        98          4          0          0          0        140   d2f.o
        16          4          0          0          0        116   dcheck1.o
        24          0          0          0          0        116   dcmpi.o
       120          4          0          0          0        140   deqf.o
       120          4          0          0          0        140   dleqf.o
       340         12          0          0          0        152   dmul.o
       156          4          0          0          0        140   dnaninf.o
        12          0          0          0          0        116   dretinf.o
       108          0          0          0          0        128   drleqf.o
        86          4          0          0          0        132   f2d.o
       140          4          0          0          0        132   fnaninf.o
         0          0         16          0          0          0   fpconst.o
        10          0          0          0          0        116   fpinit.o
        10          0          0          0          0        116   fretinf.o
         6          0          0          0          0        116   istatus.o
         4          0          0          0          0        116   printf1.o
         4          0          0          0          0        116   printf2.o
       100          0          0          0          0        116   retnan.o
        92          0          0          0          0        116   scalbn.o
         4          0          0          0          0        116   scanf1.o
         8          0          0          0          0        132   scanf2.o
        48          0          0          0          0        116   trapv.o
         0          0          0          0          0          0   usenofp.o
        56         12          0          0          0        132   atof.o
        64         16          0          0          0        248   dunder.o
        48          0          0          0          0        124   fpclassify.o
       140         22          0          0          0        132   frexp.o
       228          8          0          0          0        308   ldexp.o
       266         16          0          0          0        308   narrow.o

    ----------------------------------------------------------------------
     14262        478        572          0        100      10304   Library Totals
        18          0          5          0          4          0   (incl. Padding)

    ----------------------------------------------------------------------

      Code (inc. data)   RO Data    RW Data    ZI Data      Debug   Library Name

     11936        364        551          0         96       6424   c_w.l
      1506         40         16          0          0       2628   fz_wm.l
       802         74          0          0          0       1252   m_wm.l

    ----------------------------------------------------------------------
     14262        478        572          0        100      10304   Library Totals

    ----------------------------------------------------------------------

==============================================================================


      Code (inc. data)   RO Data    RW Data    ZI Data      Debug   

     35124       4722     277656        224     115200     581300   Grand Totals
     35124       4722     277656        224     115200     581300   ELF Image Totals
     35124       4722     277656        224          0          0   ROM Totals

==============================================================================

    Total RO  Size (Code + RO Data)               312780 ( 305.45kB)
    Total RW  Size (RW Data + ZI Data)            115424 ( 112.72kB)
    Total ROM Size (Code + RO Data + RW Data)     313004 ( 305.67kB)

==============================================================================

