Component: ARM Compiler 5.06 update 7 (build 960) Tool: armlink [4d3601]

==============================================================================

Section Cross References

    main.o(i.key_press) refers to key.o(i.key_is_pressed) for key_is_pressed
    main.o(i.key_press) refers to uitls.o(i.delay_ms) for delay_ms
    main.o(i.main) refers to board.o(i.board_init) for board_init
    main.o(i.main) refers to led.o(i.led_init) for led_init
    main.o(i.main) refers to uitls.o(i.delay_init) for delay_init
    main.o(i.main) refers to ringbuffer.o(i.rb8_new) for rb8_new
    main.o(i.main) refers to usart.o(i.usart_recv_handler_register) for usart_recv_handler_register
    main.o(i.main) refers to usart.o(i.usart_init) for usart_init
    main.o(i.main) refers to key.o(i.key_init) for key_init
    main.o(i.main) refers to timer.o(i.timer_pwm_init) for timer_pwm_init
    main.o(i.main) refers to bl24c512.o(i.bl24c512_init) for bl24c512_init
    main.o(i.main) refers to usart.o(i.usart_write_string) for usart_write_string
    main.o(i.main) refers to usart.o(i.usart_printf) for usart_printf
    main.o(i.main) refers to main.o(i.key_press) for key_press
    main.o(i.main) refers to led.o(i.led_toggle) for led_toggle
    main.o(i.main) refers to ringbuffer.o(i.rb8_gets) for rb8_gets
    main.o(i.main) refers to main.o(.bss) for .bss
    main.o(i.main) refers to main.o(.data) for .data
    main.o(i.main) refers to main.o(i.usart_recv_handler) for usart_recv_handler
    main.o(i.usart_recv_handler) refers to ringbuffer.o(i.rb8_puts) for rb8_puts
    main.o(i.usart_recv_handler) refers to main.o(.data) for .data
    board.o(i.board_init) refers to stm32f4xx_rcc.o(i.RCC_AHB1PeriphClockCmd) for RCC_AHB1PeriphClockCmd
    board.o(i.board_init) refers to stm32f4xx_rcc.o(i.RCC_APB2PeriphClockCmd) for RCC_APB2PeriphClockCmd
    board.o(i.board_init) refers to stm32f4xx_rcc.o(i.RCC_APB1PeriphClockCmd) for RCC_APB1PeriphClockCmd
    uitls.o(i.SysTick_Handler) refers to uitls.o(.data) for .data
    uitls.o(i.bl_now) refers to uitls.o(.data) for .data
    uitls.o(i.delay_init) refers to system_stm32f4xx.o(.data) for SystemCoreClock
    uitls.o(i.delay_ms) refers to uitls.o(.data) for .data
    usart.o(i.USART1_IRQHandler) refers to stm32f4xx_usart.o(i.USART_GetITStatus) for USART_GetITStatus
    usart.o(i.USART1_IRQHandler) refers to stm32f4xx_usart.o(i.USART_ReceiveData) for USART_ReceiveData
    usart.o(i.USART1_IRQHandler) refers to usart.o(.data) for .data
    usart.o(i.usart_init) refers to stm32f4xx_gpio.o(i.GPIO_PinAFConfig) for GPIO_PinAFConfig
    usart.o(i.usart_init) refers to stm32f4xx_gpio.o(i.GPIO_StructInit) for GPIO_StructInit
    usart.o(i.usart_init) refers to stm32f4xx_gpio.o(i.GPIO_Init) for GPIO_Init
    usart.o(i.usart_init) refers to stm32f4xx_usart.o(i.USART_StructInit) for USART_StructInit
    usart.o(i.usart_init) refers to stm32f4xx_usart.o(i.USART_Init) for USART_Init
    usart.o(i.usart_init) refers to misc.o(i.NVIC_PriorityGroupConfig) for NVIC_PriorityGroupConfig
    usart.o(i.usart_init) refers to misc.o(i.NVIC_Init) for NVIC_Init
    usart.o(i.usart_init) refers to stm32f4xx_usart.o(i.USART_ITConfig) for USART_ITConfig
    usart.o(i.usart_init) refers to stm32f4xx_usart.o(i.USART_Cmd) for USART_Cmd
    usart.o(i.usart_printf) refers to vsnprintf.o(.text) for vsnprintf
    usart.o(i.usart_printf) refers to usart.o(i.usart_write_string) for usart_write_string
    usart.o(i.usart_recv_handler_register) refers to usart.o(.data) for .data
    usart.o(i.usart_write_data) refers to stm32f4xx_usart.o(i.USART_GetFlagStatus) for USART_GetFlagStatus
    usart.o(i.usart_write_data) refers to stm32f4xx_usart.o(i.USART_SendData) for USART_SendData
    usart.o(i.usart_write_string) refers to strlen.o(.text) for strlen
    usart.o(i.usart_write_string) refers to usart.o(i.usart_write_data) for usart_write_data
    led.o(i.led_init) refers to stm32f4xx_gpio.o(i.GPIO_Init) for GPIO_Init
    led.o(i.led_set) refers to stm32f4xx_gpio.o(i.GPIO_WriteBit) for GPIO_WriteBit
    led.o(i.led_toggle) refers to stm32f4xx_gpio.o(i.GPIO_ReadOutputDataBit) for GPIO_ReadOutputDataBit
    led.o(i.led_toggle) refers to led.o(i.led_set) for led_set
    key.o(i.EXTI4_IRQHandler) refers to led.o(i.led_set) for led_set
    key.o(i.EXTI4_IRQHandler) refers to stm32f4xx_exti.o(i.EXTI_ClearITPendingBit) for EXTI_ClearITPendingBit
    key.o(i.key_init) refers to stm32f4xx_gpio.o(i.GPIO_StructInit) for GPIO_StructInit
    key.o(i.key_init) refers to stm32f4xx_gpio.o(i.GPIO_Init) for GPIO_Init
    key.o(i.key_init) refers to stm32f4xx_exti.o(i.EXTI_StructInit) for EXTI_StructInit
    key.o(i.key_init) refers to stm32f4xx_syscfg.o(i.SYSCFG_EXTILineConfig) for SYSCFG_EXTILineConfig
    key.o(i.key_init) refers to stm32f4xx_exti.o(i.EXTI_Init) for EXTI_Init
    key.o(i.key_init) refers to misc.o(i.NVIC_Init) for NVIC_Init
    key.o(i.key_is_pressed) refers to stm32f4xx_gpio.o(i.GPIO_ReadInputDataBit) for GPIO_ReadInputDataBit
[...]
    .ARM.Collect$$libinit$$0000000F          0x08000292   Section        6  libinit2.o(.ARM.Collect$$libinit$$0000000F)
    .ARM.Collect$$libinit$$00000011          0x08000298   Section        0  libinit2.o(.ARM.Collect$$libinit$$00000011)
    .ARM.Collect$$libinit$$00000012          0x08000298   Section       12  libinit2.o(.ARM.Collect$$libinit$$00000012)
    .ARM.Collect$$libinit$$00000013          0x080002a4   Section        0  libinit2.o(.ARM.Collect$$libinit$$00000013)
    .ARM.Collect$$libinit$$00000015          0x080002a4   Section        0  libinit2.o(.ARM.Collect$$libinit$$00000015)
    .ARM.Collect$$libinit$$00000016          0x080002a4   Section       10  libinit2.o(.ARM.Collect$$libinit$$00000016)
    .ARM.Collect$$libinit$$00000017          0x080002ae   Section        0  libinit2.o(.ARM.Collect$$libinit$$00000017)
    .ARM.Collect$$libinit$$00000019          0x080002ae   Section        0  libinit2.o(.ARM.Collect$$libinit$$00000019)
    .ARM.Collect$$libinit$$0000001B          0x080002ae   Section        0  libinit2.o(.ARM.Collect$$libinit$$0000001B)
    .ARM.Collect$$libinit$$0000001D          0x080002ae   Section        0  libinit2.o(.ARM.Collect$$libinit$$0000001D)
    .ARM.Collect$$libinit$$0000001F          0x080002ae   Section        0  libinit2.o(.ARM.Collect$$libinit$$0000001F)
    .ARM.Collect$$libinit$$00000021          0x080002ae   Section        0  libinit2.o(.ARM.Collect$$libinit$$00000021)
    .ARM.Collect$$libinit$$00000023          0x080002ae   Section        0  libinit2.o(.ARM.Collect$$libinit$$00000023)
    .ARM.Collect$$libinit$$00000025          0x080002ae   Section        0  libinit2.o(.ARM.Collect$$libinit$$00000025)
    .ARM.Collect$$libinit$$0000002C          0x080002ae   Section        0  libinit2.o(.ARM.Collect$$libinit$$0000002C)
    .ARM.Collect$$libinit$$0000002E          0x080002ae   Section        0  libinit2.o(.ARM.Collect$$libinit$$0000002E)
    .ARM.Collect$$libinit$$00000030          0x080002ae   Section        0  libinit2.o(.ARM.Collect$$libinit$$00000030)
    .ARM.Collect$$libinit$$00000032          0x080002ae   Section        0  libinit2.o(.ARM.Collect$$libinit$$00000032)
    .ARM.Collect$$libinit$$00000033          0x080002ae   Section        2  libinit2.o(.ARM.Collect$$libinit$$00000033)
    .ARM.Collect$$libshutdown$$00000000      0x080002b0   Section        2  libshutdown.o(.ARM.Collect$$libshutdown$$00000000)
    .ARM.Collect$$libshutdown$$00000002      0x080002b2   Section        0  libshutdown2.o(.ARM.Collect$$libshutdown$$00000002)
    .ARM.Collect$$libshutdown$$00000004      0x080002b2   Section        0  libshutdown2.o(.ARM.Collect$$libshutdown$$00000004)
    .ARM.Collect$$libshutdown$$00000006      0x080002b2   Section        0  libshutdown2.o(.ARM.Collect$$libshutdown$$00000006)
    .ARM.Collect$$libshutdown$$00000009      0x080002b2   Section        0  libshutdown2.o(.ARM.Collect$$libshutdown$$00000009)
    .ARM.Collect$$libshutdown$$0000000C      0x080002b2   Section        0  libshutdown2.o(.ARM.Collect$$libshutdown$$0000000C)
    .ARM.Collect$$libshutdown$$0000000E      0x080002b2   Section        0  libshutdown2.o(.ARM.Collect$$libshutdown$$0000000E)
    .ARM.Collect$$libshutdown$$00000011      0x080002b2   Section        0  libshutdown2.o(.ARM.Collect$$libshutdown$$00000011)
    .ARM.Collect$$libshutdown$$00000012      0x080002b2   Section        2  libshutdown2.o(.ARM.Collect$$libshutdown$$00000012)
    .ARM.Collect$$rtentry$$00000000          0x080002b4   Section        0  __rtentry.o(.ARM.Collect$$rtentry$$00000000)
    .ARM.Collect$$rtentry$$00000002          0x080002b4   Section        0  __rtentry2.o(.ARM.Collect$$rtentry$$00000002)
    .ARM.Collect$$rtentry$$00000004          0x080002b4   Section        6  __rtentry4.o(.ARM.Collect$$rtentry$$00000004)
    .ARM.Collect$$rtentry$$00000009          0x080002ba   Section        0  __rtentry2.o(.ARM.Collect$$rtentry$$00000009)
    .ARM.Collect$$rtentry$$0000000A          0x080002ba   Section        4  __rtentry2.o(.ARM.Collect$$rtentry$$0000000A)
    .ARM.Collect$$rtentry$$0000000C          0x080002be   Section        0  __rtentry2.o(.ARM.Collect$$rtentry$$0000000C)
    .ARM.Collect$$rtentry$$0000000D          0x080002be   Section        8  __rtentry2.o(.ARM.Collect$$rtentry$$0000000D)
    .ARM.Collect$$rtexit$$00000000           0x080002c6   Section        2  rtexit.o(.ARM.Collect$$rtexit$$00000000)
    .ARM.Collect$$rtexit$$00000002           0x080002c8   Section        0  rtexit2.o(.ARM.Collect$$rtexit$$00000002)
    .ARM.Collect$$rtexit$$00000003           0x080002c8   Section        4  rtexit2.o(.ARM.Collect$$rtexit$$00000003)
    .ARM.Collect$$rtexit$$00000004           0x080002cc   Section        6  rtexit2.o(.ARM.Collect$$rtexit$$00000004)
    .text                                    0x080002d4   Section       64  startup_stm32f40_41xxx.o(.text)
    $v0                                      0x080002d4   Number         0  startup_stm32f40_41xxx.o(.text)
    .text                                    0x08000314   Section        0  vsnprintf.o(.text)
    .text                                    0x08000348   Section        0  strlen.o(.text)
    .text                                    0x08000386   Section        0  heapauxi.o(.text)
    .text                                    0x0800038c   Section        0  _printf_pad.o(.text)
    .text                                    0x080003da   Section        0  _printf_truncate.o(.text)
    .text                                    0x080003fe   Section        0  _printf_str.o(.text)
    .text                                    0x08000450   Section        0  _printf_dec.o(.text)
    .text                                    0x080004c8   Section        0  _printf_charcount.o(.text)
    .text                                    0x080004f0   Section        0  _printf_char_common.o(.text)
    _printf_input_char                       0x080004f1   Thumb Code    10  _printf_char_common.o(.text)
    .text                                    0x08000520   Section        0  _sputc.o(.text)
    .text                                    0x0800052a   Section        0  _snputc.o(.text)
    .text                                    0x0800053c   Section        0  _printf_wctomb.o(.text)
    .text                                    0x080005f8   Section        0  _printf_longlong_dec.o(.text)
    .text                                    0x08000674   Section        0  _printf_oct_int_ll.o(.text)
    _printf_longlong_oct_internal            0x08000675   Thumb Code     0  _printf_oct_int_ll.o(.text)
    .text                                    0x080006e4   Section        0  _printf_hex_int_ll_ptr.o(.text)
    _printf_hex_common                       0x080006e5   Thumb Code     0  _printf_hex_int_ll_ptr.o(.text)
    .text                                    0x08000778   Section        0  __printf_flags_ss_wp.o(.text)
    .text                                    0x08000900   Section      138  lludiv10.o(.text)
    .text                                    0x0800098a   Section        0  _printf_intcommon.o(.text)
    .text                                    0x08000a3c   Section        0  _printf_fp_dec.o(.text)
    _fp_digits                               0x08000a3f   Thumb Code   432  _printf_fp_dec.o(.text)
    .text                                    0x08000e5c   Section        0  _printf_fp_hex.o(.text)
    .text                                    0x08001158   Section        0  _printf_char.o(.text)
    .text                                    0x08001184   Section        0  _printf_wchar.o(.text)
    .text                                    0x080011b0   Section        0  _wcrtomb.o(.text)
    .text                                    0x080011f0   Section       74  sys_stackheap_outer.o(.text)
    .text                                    0x0800123c   Section       16  rt_ctype_table.o(.text)
    .text                                    0x0800124c   Section        8  rt_locale_intlibspace.o(.text)
    .text                                    0x08001254   Section        0  _printf_fp_infnan.o(.text)
    .text                                    0x080012d4   Section        0  bigflt0.o(.text)
    .text                                    0x080013b8   Section        0  exit.o(.text)
    .text                                    0x080013cc   Section        8  libspace.o(.text)
    .text                                    0x080013d4   Section      128  strcmpv7m.o(.text)
    .text                                    0x08001454   Section        0  sys_exit.o(.text)
    .text                                    0x08001460   Section        2  use_no_semi.o(.text)
    .text                                    0x08001462   Section        0  indicate_semi.o(.text)
    CL$$btod_d2e                             0x08001462   Section       62  btod.o(CL$$btod_d2e)
    CL$$btod_d2e_denorm_low                  0x080014a0   Section       70  btod.o(CL$$btod_d2e_denorm_low)
    CL$$btod_d2e_norm_op1                    0x080014e6   Section       96  btod.o(CL$$btod_d2e_norm_op1)
    CL$$btod_div_common                      0x08001546   Section      824  btod.o(CL$$btod_div_common)
    CL$$btod_e2e                             0x0800187e   Section      220  btod.o(CL$$btod_e2e)
    CL$$btod_ediv                            0x0800195a   Section       42  btod.o(CL$$btod_ediv)
    CL$$btod_emul                            0x08001984   Section       42  btod.o(CL$$btod_emul)
    CL$$btod_mult_common                     0x080019ae   Section      580  btod.o(CL$$btod_mult_common)
    i.EXTI4_IRQHandler                       0x08001bf2   Section        0  key.o(i.EXTI4_IRQHandler)
    i.EXTI_ClearITPendingBit                 0x08001c04   Section        0  stm32f4xx_exti.o(i.EXTI_ClearITPendingBit)
    i.EXTI_Init                              0x08001c10   Section        0  stm32f4xx_exti.o(i.EXTI_Init)
    i.EXTI_StructInit                        0x08001c84   Section        0  stm32f4xx_exti.o(i.EXTI_StructInit)
    i.GPIO_Init                              0x08001c92   Section        0  stm32f4xx_gpio.o(i.GPIO_Init)
    i.GPIO_PinAFConfig                       0x08001d0e   Section        0  stm32f4xx_gpio.o(i.GPIO_PinAFConfig)
    i.GPIO_ReadInputDataBit                  0x08001d2e   Section        0  stm32f4xx_gpio.o(i.GPIO_ReadInputDataBit)
    i.GPIO_ReadOutputDataBit                 0x08001d3c   Section        0  stm32f4xx_gpio.o(i.GPIO_ReadOutputDataBit)
    i.GPIO_StructInit                        0x08001d4a   Section        0  stm32f4xx_gpio.o(i.GPIO_StructInit)
    i.GPIO_WriteBit                          0x08001d5c   Section        0  stm32f4xx_gpio.o(i.GPIO_WriteBit)
    i.I2C_Init                               0x08001d6c   Section        0  stm32f4xx_i2c.o(i.I2C_Init)
    i.I2C_StructInit                         0x08001e28   Section        0  stm32f4xx_i2c.o(i.I2C_StructInit)
    i.NVIC_Init                              0x08001e44   Section        0  misc.o(i.NVIC_Init)
    i.NVIC_PriorityGroupConfig               0x08001eac   Section        0  misc.o(i.NVIC_PriorityGroupConfig)
    i.RCC_AHB1PeriphClockCmd                 0x08001ec0   Section        0  stm32f4xx_rcc.o(i.RCC_AHB1PeriphClockCmd)
    i.RCC_APB1PeriphClockCmd                 0x08001edc   Section        0  stm32f4xx_rcc.o(i.RCC_APB1PeriphClockCmd)
    i.RCC_APB2PeriphClockCmd                 0x08001ef8   Section        0  stm32f4xx_rcc.o(i.RCC_APB2PeriphClockCmd)
    i.RCC_GetClocksFreq                      0x08001f14   Section        0  stm32f4xx_rcc.o(i.RCC_GetClocksFreq)
    i.SYSCFG_EXTILineConfig                  0x08001fb4   Section        0  stm32f4xx_syscfg.o(i.SYSCFG_EXTILineConfig)
    i.SetSysClock                            0x08001fe0   Section        0  system_stm32f4xx.o(i.SetSysClock)
    SetSysClock                              0x08001fe1   Thumb Code   168  system_stm32f4xx.o(i.SetSysClock)
    i.SysTick_Handler                        0x08002098   Section        0  uitls.o(i.SysTick_Handler)
    i.SystemInit                             0x080020a8   Section        0  system_stm32f4xx.o(i.SystemInit)
    i.TIM6_DAC_IRQHandler                    0x08002104   Section        0  timer.o(i.TIM6_DAC_IRQHandler)
    i.TIM_ARRPreloadConfig                   0x08002140   Section        0  stm32f4xx_tim.o(i.TIM_ARRPreloadConfig)
    i.TIM_ClearITPendingBit                  0x08002158   Section        0  stm32f4xx_tim.o(i.TIM_ClearITPendingBit)
    i.TIM_Cmd                                0x0800215e   Section        0  stm32f4xx_tim.o(i.TIM_Cmd)
    i.TIM_GetITStatus                        0x08002176   Section        0  stm32f4xx_tim.o(i.TIM_GetITStatus)
    i.TIM_OC2Init                            0x08002190   Section        0  stm32f4xx_tim.o(i.TIM_OC2Init)
    i.TIM_OC2PreloadConfig                   0x08002218   Section        0  stm32f4xx_tim.o(i.TIM_OC2PreloadConfig)
    i.TIM_OCStructInit                       0x0800222c   Section        0  stm32f4xx_tim.o(i.TIM_OCStructInit)
    i.TIM_TimeBaseInit                       0x08002240   Section        0  stm32f4xx_tim.o(i.TIM_TimeBaseInit)
    i.TIM_TimeBaseStructInit                 0x080022bc   Section        0  stm32f4xx_tim.o(i.TIM_TimeBaseStructInit)
    i.USART1_IRQHandler                      0x080022d0   Section        0  usart.o(i.USART1_IRQHandler)
    i.USART_Cmd                              0x08002304   Section        0  stm32f4xx_usart.o(i.USART_Cmd)
    i.USART_GetFlagStatus                    0x0800231c   Section        0  stm32f4xx_usart.o(i.USART_GetFlagStatus)
    i.USART_GetITStatus                      0x0800232a   Section        0  stm32f4xx_usart.o(i.USART_GetITStatus)
    i.USART_ITConfig                         0x0800236a   Section        0  stm32f4xx_usart.o(i.USART_ITConfig)
    i.USART_Init                             0x080023a0   Section        0  stm32f4xx_usart.o(i.USART_Init)
    i.USART_ReceiveData                      0x0800245c   Section        0  stm32f4xx_usart.o(i.USART_ReceiveData)
    i.USART_SendData                         0x08002464   Section        0  stm32f4xx_usart.o(i.USART_SendData)
    i.USART_StructInit                       0x0800246c   Section        0  stm32f4xx_usart.o(i.USART_StructInit)
    i.__ARM_fpclassify                       0x08002482   Section        0  fpclassify.o(i.__ARM_fpclassify)
    i._is_digit                              0x080024b2   Section        0  __printf_wp.o(i._is_digit)
    i.bl24c512_init                          0x080024c0   Section        0  bl24c512.o(i.bl24c512_init)
    i.board_init                             0x08002540   Section        0  board.o(i.board_init)
    i.delay_init                             0x08002590   Section        0  uitls.o(i.delay_init)
    i.delay_ms                               0x080025c4   Section        0  uitls.o(i.delay_ms)
    i.key_init                               0x080025d8   Section        0  key.o(i.key_init)
    i.key_is_pressed                         0x08002658   Section        0  key.o(i.key_is_pressed)
    i.key_press                              0x08002670   Section        0  main.o(i.key_press)
    key_press                                0x08002671   Thumb Code    26  main.o(i.key_press)
    i.led_init                               0x0800268c   Section        0  led.o(i.led_init)
    i.led_set                                0x080026d0   Section        0  led.o(i.led_set)
    i.led_toggle                             0x08002704   Section        0  led.o(i.led_toggle)
    i.main                                   0x08002724   Section        0  main.o(i.main)
    i.next_head                              0x080027c4   Section        0  ringbuffer.o(i.next_head)
    i.next_tail                              0x080027d8   Section        0  ringbuffer.o(i.next_tail)
    i.rb8_empty                              0x080027ec   Section        0  ringbuffer.o(i.rb8_empty)
    i.rb8_full                               0x080027fa   Section        0  ringbuffer.o(i.rb8_full)
    i.rb8_get                                0x08002812   Section        0  ringbuffer.o(i.rb8_get)
    i.rb8_gets                               0x0800283a   Section        0  ringbuffer.o(i.rb8_gets)
    i.rb8_new                                0x08002866   Section        0  ringbuffer.o(i.rb8_new)
    i.rb8_put                                0x0800286c   Section        0  ringbuffer.o(i.rb8_put)
    i.rb8_puts                               0x08002892   Section        0  ringbuffer.o(i.rb8_puts)
    i.timer_pwm_init                         0x080028c0   Section        0  timer.o(i.timer_pwm_init)
    i.usart_init                             0x08002968   Section        0  usart.o(i.usart_init)
    i.usart_printf                           0x08002a1c   Section        0  usart.o(i.usart_printf)
    i.usart_recv_handler                     0x08002a3c   Section        0  main.o(i.usart_recv_handler)
    i.usart_recv_handler_register            0x08002a50   Section        0  usart.o(i.usart_recv_handler_register)
    i.usart_write_data                       0x08002a5c   Section        0  usart.o(i.usart_write_data)
    i.usart_write_string                     0x08002a98   Section        0  usart.o(i.usart_write_string)
    locale$$code                             0x08002ab0   Section       44  lc_numeric_c.o(locale$$code)
    locale$$code                             0x08002adc   Section       44  lc_ctype_c.o(locale$$code)
    x$fpl$fpinit                             0x08002b08   Section       10  fpinit.o(x$fpl$fpinit)
    $v0                                      0x08002b08   Number         0  fpinit.o(x$fpl$fpinit)
    x$fpl$printf1                            0x08002b12   Section        4  printf1.o(x$fpl$printf1)
    $v0                                      0x08002b12   Number         0  printf1.o(x$fpl$printf1)
    x$fpl$printf2                            0x08002b16   Section        4  printf2.o(x$fpl$printf2)
    $v0                                      0x08002b16   Number         0  printf2.o(x$fpl$printf2)
    x$fpl$usenofp                            0x08002b1a   Section        0  usenofp.o(x$fpl$usenofp)
    .constdata                               0x08002b1c   Section        8  _printf_wctomb.o(.constdata)
    initial_mbstate                          0x08002b1c   Data           8  _printf_wctomb.o(.constdata)
    .constdata                               0x08002b24   Section       40  _printf_hex_int_ll_ptr.o(.constdata)
    uc_hextab                                0x08002b24   Data          20  _printf_hex_int_ll_ptr.o(.constdata)
    lc_hextab                                0x08002b38   Data          20  _printf_hex_int_ll_ptr.o(.constdata)
    .constdata                               0x08002b4c   Section       17  __printf_flags_ss_wp.o(.constdata)
    maptable                                 0x08002b4c   Data          17  __printf_flags_ss_wp.o(.constdata)
    .constdata                               0x08002b5d   Section       38  _printf_fp_hex.o(.constdata)
    lc_hextab                                0x08002b5d   Data          19  _printf_fp_hex.o(.constdata)
    uc_hextab                                0x08002b70   Data          19  _printf_fp_hex.o(.constdata)
    .constdata                               0x08002b84   Section      148  bigflt0.o(.constdata)
    tenpwrs_x                                0x08002b84   Data          60  bigflt0.o(.constdata)
    tenpwrs_i                                0x08002bc0   Data          64  bigflt0.o(.constdata)
    locale$$data                             0x08002c38   Section       28  lc_numeric_c.o(locale$$data)
    __lcnum_c_name                           0x08002c3c   Data           2  lc_numeric_c.o(locale$$data)
    __lcnum_c_start                          0x08002c44   Data           0  lc_numeric_c.o(locale$$data)
    __lcnum_c_point                          0x08002c50   Data           0  lc_numeric_c.o(locale$$data)
    __lcnum_c_thousands                      0x08002c52   Data           0  lc_numeric_c.o(locale$$data)
    __lcnum_c_grouping                       0x08002c53   Data           0  lc_numeric_c.o(locale$$data)
    locale$$data                             0x08002c54   Section      272  lc_ctype_c.o(locale$$data)
    __lcnum_c_end                            0x08002c54   Data           0  lc_numeric_c.o(locale$$data)
    __lcctype_c_name                         0x08002c58   Data           2  lc_ctype_c.o(locale$$data)
    __lcctype_c_start                        0x08002c60   Data           0  lc_ctype_c.o(locale$$data)
    __lcctype_c_end                          0x08002d64   Data           0  lc_ctype_c.o(locale$$data)
    .data                                    0x20000000   Section        4  main.o(.data)
    serial_rb                                0x20000000   Data           4  main.o(.data)
    .data                                    0x20000004   Section        4  uitls.o(.data)
    ticks                                    0x20000004   Data           4  uitls.o(.data)
    .data                                    0x20000008   Section        4  usart.o(.data)
    .data                                    0x2000000c   Section        4  timer.o(.data)
    cnt                                      0x2000000c   Data           4  timer.o(.data)
    .data                                    0x20000010   Section       20  system_stm32f4xx.o(.data)
    .data                                    0x20000024   Section       16  stm32f4xx_rcc.o(.data)
    APBAHBPrescTable                         0x20000024   Data          16  stm32f4xx_rcc.o(.data)
    .bss                                     0x20000034   Section      512  main.o(.bss)
    usart_rx_buffer                          0x20000034   Data         512  main.o(.bss)
    .bss                                     0x20000234   Section       96  libspace.o(.bss)
    HEAP                                     0x20000298   Section      512  startup_stm32f40_41xxx.o(HEAP)
    Heap_Mem                                 0x20000298   Data         512  startup_stm32f40_41xxx.o(HEAP)
    STACK                                    0x20000498   Section     1024  startup_stm32f40_41xxx.o(STACK)
    Stack_Mem                                0x20000498   Data        1024  startup_stm32f40_41xxx.o(STACK)
    __initial_sp                             0x20000898   Data           0  startup_stm32f40_41xxx.o(STACK)

    Global Symbols

    Symbol Name                              Value     Ov Type        Size  Object(Section)

    BuildAttributes$$THM_ISAv4$E$P$D$K$B$S$7EM$VFPi3$EXTD16$VFPS$VFMA$PE$A:L22UL41UL21$X:L11$S22US41US21$IEEE1$IW$USESV6$~STKCKD$USESV7$~SHL$OTIME$ROPI$IEEEJ$EBA8$UX$STANDARDLIB$REQ8$PRES8$EABIv2 0x00000000   Number         0  anon$$obj.o ABSOLUTE
    __ARM_use_no_argv                        0x00000000   Number         0  main.o ABSOLUTE
    _printf_flags                            0x00000000   Number         0  printf_stubs.o ABSOLUTE
    _printf_return_value                     0x00000000   Number         0  printf_stubs.o ABSOLUTE
    _printf_sizespec                         0x00000000   Number         0  printf_stubs.o ABSOLUTE
    _printf_widthprec                        0x00000000   Number         0  printf_stubs.o ABSOLUTE
    __ARM_exceptions_init                     - Undefined Weak Reference
    __alloca_initialize                       - Undefined Weak Reference
    __arm_fini_                               - Undefined Weak Reference
    __arm_preinit_                            - Undefined Weak Reference
    __cpp_initialize__aeabi_                  - Undefined Weak Reference
    __cxa_finalize                            - Undefined Weak Reference
    __sigvec_lookup                           - Undefined Weak Reference
    _atexit_init                              - Undefined Weak Reference
    _call_atexit_fns                          - Undefined Weak Reference
    _clock_init                               - Undefined Weak Reference
    _fp_trap_init                             - Undefined Weak Reference
    _fp_trap_shutdown                         - Undefined Weak Reference
    _get_lc_collate                           - Undefined Weak Reference
    _get_lc_monetary                          - Undefined Weak Reference
    _get_lc_time                              - Undefined Weak Reference
    _getenv_init                              - Undefined Weak Reference
    _handle_redirection                       - Undefined Weak Reference
    _init_alloc                               - Undefined Weak Reference
    _init_user_alloc                          - Undefined Weak Reference
    _initio                                   - Undefined Weak Reference
    _printf_mbtowc                            - Undefined Weak Reference
    _printf_wc                                - Undefined Weak Reference
    _rand_init                                - Undefined Weak Reference
    _signal_finish                            - Undefined Weak Reference
    _signal_init                              - Undefined Weak Reference
    _terminate_alloc                          - Undefined Weak Reference
    _terminate_user_alloc                     - Undefined Weak Reference
    _terminateio                              - Undefined Weak Reference
    __Vectors_Size                           0x00000188   Number         0  startup_stm32f40_41xxx.o ABSOLUTE
    __Vectors                                0x08000000   Data           4  startup_stm32f40_41xxx.o(RESET)
    __Vectors_End                            0x08000188   Data           0  startup_stm32f40_41xxx.o(RESET)
    __main                                   0x08000189   Thumb Code     8  __main.o(!!!main)
    __scatterload                            0x08000191   Thumb Code     0  __scatter.o(!!!scatter)
    __scatterload_rt2                        0x08000191   Thumb Code    44  __scatter.o(!!!scatter)
    __scatterload_rt2_thumb_only             0x08000191   Thumb Code     0  __scatter.o(!!!scatter)
    __scatterload_null                       0x0800019f   Thumb Code     0  __scatter.o(!!!scatter)
    __scatterload_copy                       0x080001c5   Thumb Code    26  __scatter_copy.o(!!handler_copy)
    __scatterload_zeroinit                   0x080001e1   Thumb Code    28  __scatter_zi.o(!!handler_zi)
    _printf_n                                0x080001fd   Thumb Code     0  _printf_n.o(.ARM.Collect$$_printf_percent$$00000001)
    _printf_percent                          0x080001fd   Thumb Code     0  _printf_percent.o(.ARM.Collect$$_printf_percent$$00000000)
    _printf_p                                0x08000203   Thumb Code     0  _printf_p.o(.ARM.Collect$$_printf_percent$$00000002)
    _printf_f                                0x08000209   Thumb Code     0  _printf_f.o(.ARM.Collect$$_printf_percent$$00000003)
    _printf_e                                0x0800020f   Thumb Code     0  _printf_e.o(.ARM.Collect$$_printf_percent$$00000004)
    _printf_g                                0x08000215   Thumb Code     0  _printf_g.o(.ARM.Collect$$_printf_percent$$00000005)
    _printf_a                                0x0800021b   Thumb Code     0  _printf_a.o(.ARM.Collect$$_printf_percent$$00000006)
    _printf_ll                               0x08000221   Thumb Code     0  _printf_ll.o(.ARM.Collect$$_printf_percent$$00000007)
    _printf_i                                0x0800022b   Thumb Code     0  _printf_i.o(.ARM.Collect$$_printf_percent$$00000008)
    _printf_d                                0x08000231   Thumb Code     0  _printf_d.o(.ARM.Collect$$_printf_percent$$00000009)
    _printf_u                                0x08000237   Thumb Code     0  _printf_u.o(.ARM.Collect$$_printf_percent$$0000000A)
    _printf_o                                0x0800023d   Thumb Code     0  _printf_o.o(.ARM.Collect$$_printf_percent$$0000000B)
    _printf_x                                0x08000243   Thumb Code     0  _printf_x.o(.ARM.Collect$$_printf_percent$$0000000C)
    _printf_lli                              0x08000249   Thumb Code     0  _printf_lli.o(.ARM.Collect$$_printf_percent$$0000000D)
    _printf_lld                              0x0800024f   Thumb Code     0  _printf_lld.o(.ARM.Collect$$_printf_percent$$0000000E)
    _printf_llu                              0x08000255   Thumb Code     0  _printf_llu.o(.ARM.Collect$$_printf_percent$$0000000F)
    _printf_llo                              0x0800025b   Thumb Code     0  _printf_llo.o(.ARM.Collect$$_printf_percent$$00000010)
    _printf_llx                              0x08000261   Thumb Code     0  _printf_llx.o(.ARM.Collect$$_printf_percent$$00000011)
    _printf_l                                0x08000267   Thumb Code     0  _printf_l.o(.ARM.Collect$$_printf_percent$$00000012)
    _printf_c                                0x08000271   Thumb Code     0  _printf_c.o(.ARM.Collect$$_printf_percent$$00000013)
    _printf_s                                0x08000277   Thumb Code     0  _printf_s.o(.ARM.Collect$$_printf_percent$$00000014)
    _printf_lc                               0x0800027d   Thumb Code     0  _printf_lc.o(.ARM.Collect$$_printf_percent$$00000015)
    _printf_ls                               0x08000283   Thumb Code     0  _printf_ls.o(.ARM.Collect$$_printf_percent$$00000016)
    _printf_percent_end                      0x08000289   Thumb Code     0  _printf_percent_end.o(.ARM.Collect$$_printf_percent$$00000017)
    __rt_lib_init                            0x0800028d   Thumb Code     0  libinit.o(.ARM.Collect$$libinit$$00000000)
    __rt_lib_init_fp_1                       0x0800028f   Thumb Code     0  libinit2.o(.ARM.Collect$$libinit$$00000001)
    __rt_lib_init_heap_1                     0x08000293   Thumb Code     0  libinit2.o(.ARM.Collect$$libinit$$0000000A)
    __rt_lib_init_lc_common                  0x08000293   Thumb Code     0  libinit2.o(.ARM.Collect$$libinit$$0000000F)
    __rt_lib_init_preinit_1                  0x08000293   Thumb Code     0  libinit2.o(.ARM.Collect$$libinit$$00000004)
    __rt_lib_init_rand_1                     0x08000293   Thumb Code     0  libinit2.o(.ARM.Collect$$libinit$$0000000E)
    __rt_lib_init_user_alloc_1               0x08000293   Thumb Code     0  libinit2.o(.ARM.Collect$$libinit$$0000000C)
    __rt_lib_init_lc_collate_1               0x08000299   Thumb Code     0  libinit2.o(.ARM.Collect$$libinit$$00000011)
    __rt_lib_init_lc_ctype_2                 0x08000299   Thumb Code     0  libinit2.o(.ARM.Collect$$libinit$$00000012)
    __rt_lib_init_lc_ctype_1                 0x080002a5   Thumb Code     0  libinit2.o(.ARM.Collect$$libinit$$00000013)
    __rt_lib_init_lc_monetary_1              0x080002a5   Thumb Code     0  libinit2.o(.ARM.Collect$$libinit$$00000015)
    __rt_lib_init_lc_numeric_2               0x080002a5   Thumb Code     0  libinit2.o(.ARM.Collect$$libinit$$00000016)
    __rt_lib_init_alloca_1                   0x080002af   Thumb Code     0  libinit2.o(.ARM.Collect$$libinit$$0000002E)
    __rt_lib_init_argv_1                     0x080002af   Thumb Code     0  libinit2.o(.ARM.Collect$$libinit$$0000002C)
    __rt_lib_init_atexit_1                   0x080002af   Thumb Code     0  libinit2.o(.ARM.Collect$$libinit$$0000001B)
    __rt_lib_init_clock_1                    0x080002af   Thumb Code     0  libinit2.o(.ARM.Collect$$libinit$$00000021)
    __rt_lib_init_cpp_1                      0x080002af   Thumb Code     0  libinit2.o(.ARM.Collect$$libinit$$00000032)
    __rt_lib_init_exceptions_1               0x080002af   Thumb Code     0  libinit2.o(.ARM.Collect$$libinit$$00000030)
    __rt_lib_init_fp_trap_1                  0x080002af   Thumb Code     0  libinit2.o(.ARM.Collect$$libinit$$0000001F)
    __rt_lib_init_getenv_1                   0x080002af   Thumb Code     0  libinit2.o(.ARM.Collect$$libinit$$00000023)
    __rt_lib_init_lc_numeric_1               0x080002af   Thumb Code     0  libinit2.o(.ARM.Collect$$libinit$$00000017)
    __rt_lib_init_lc_time_1                  0x080002af   Thumb Code     0  libinit2.o(.ARM.Collect$$libinit$$00000019)
    __rt_lib_init_return                     0x080002af   Thumb Code     0  libinit2.o(.ARM.Collect$$libinit$$00000033)
    __rt_lib_init_signal_1                   0x080002af   Thumb Code     0  libinit2.o(.ARM.Collect$$libinit$$0000001D)
    __rt_lib_init_stdio_1                    0x080002af   Thumb Code     0  libinit2.o(.ARM.Collect$$libinit$$00000025)
    __rt_lib_shutdown                        0x080002b1   Thumb Code     0  libshutdown.o(.ARM.Collect$$libshutdown$$00000000)
    __rt_lib_shutdown_cpp_1                  0x080002b3   Thumb Code     0  libshutdown2.o(.ARM.Collect$$libshutdown$$00000004)
    __rt_lib_shutdown_fini_1                 0x080002b3   Thumb Code     0  libshutdown2.o(.ARM.Collect$$libshutdown$$00000002)
    __rt_lib_shutdown_fp_trap_1              0x080002b3   Thumb Code     0  libshutdown2.o(.ARM.Collect$$libshutdown$$00000009)
    __rt_lib_shutdown_heap_1                 0x080002b3   Thumb Code     0  libshutdown2.o(.ARM.Collect$$libshutdown$$00000011)
    __rt_lib_shutdown_return                 0x080002b3   Thumb Code     0  libshutdown2.o(.ARM.Collect$$libshutdown$$00000012)
    __rt_lib_shutdown_signal_1               0x080002b3   Thumb Code     0  libshutdown2.o(.ARM.Collect$$libshutdown$$0000000C)
    __rt_lib_shutdown_stdio_1                0x080002b3   Thumb Code     0  libshutdown2.o(.ARM.Collect$$libshutdown$$00000006)
    __rt_lib_shutdown_user_alloc_1           0x080002b3   Thumb Code     0  libshutdown2.o(.ARM.Collect$$libshutdown$$0000000E)
    __rt_entry                               0x080002b5   Thumb Code     0  __rtentry.o(.ARM.Collect$$rtentry$$00000000)
    __rt_entry_presh_1                       0x080002b5   Thumb Code     0  __rtentry2.o(.ARM.Collect$$rtentry$$00000002)
    __rt_entry_sh                            0x080002b5   Thumb Code     0  __rtentry4.o(.ARM.Collect$$rtentry$$00000004)
    __rt_entry_li                            0x080002bb   Thumb Code     0  __rtentry2.o(.ARM.Collect$$rtentry$$0000000A)
    __rt_entry_postsh_1                      0x080002bb   Thumb Code     0  __rtentry2.o(.ARM.Collect$$rtentry$$00000009)
    __rt_entry_main                          0x080002bf   Thumb Code     0  __rtentry2.o(.ARM.Collect$$rtentry$$0000000D)
    __rt_entry_postli_1                      0x080002bf   Thumb Code     0  __rtentry2.o(.ARM.Collect$$rtentry$$0000000C)
    __rt_exit                                0x080002c7   Thumb Code     0  rtexit.o(.ARM.Collect$$rtexit$$00000000)
    __rt_exit_ls                             0x080002c9   Thumb Code     0  rtexit2.o(.ARM.Collect$$rtexit$$00000003)
    __rt_exit_prels_1                        0x080002c9   Thumb Code     0  rtexit2.o(.ARM.Collect$$rtexit$$00000002)
    __rt_exit_exit                           0x080002cd   Thumb Code     0  rtexit2.o(.ARM.Collect$$rtexit$$00000004)
    Reset_Handler                            0x080002d5   Thumb Code     8  startup_stm32f40_41xxx.o(.text)
    NMI_Handler                              0x080002dd   Thumb Code     2  startup_stm32f40_41xxx.o(.text)
    HardFault_Handler                        0x080002df   Thumb Code     2  startup_stm32f40_41xxx.o(.text)
    MemManage_Handler                        0x080002e1   Thumb Code     2  startup_stm32f40_41xxx.o(.text)
    BusFault_Handler                         0x080002e3   Thumb Code     2  startup_stm32f40_41xxx.o(.text)
    UsageFault_Handler                       0x080002e5   Thumb Code     2  startup_stm32f40_41xxx.o(.text)
    SVC_Handler                              0x080002e7   Thumb Code     2  startup_stm32f40_41xxx.o(.text)
    DebugMon_Handler                         0x080002e9   Thumb Code     2  startup_stm32f40_41xxx.o(.text)
    PendSV_Handler                           0x080002eb   Thumb Code     2  startup_stm32f40_41xxx.o(.text)
    ADC_IRQHandler                           0x080002ef   Thumb Code     0  startup_stm32f40_41xxx.o(.text)
    CAN1_RX0_IRQHandler                      0x080002ef   Thumb Code     0  startup_stm32f40_41xxx.o(.text)
    CAN1_RX1_IRQHandler                      0x080002ef   Thumb Code     0  startup_stm32f40_41xxx.o(.text)
    CAN1_SCE_IRQHandler                      0x080002ef   Thumb Code     0  startup_stm32f40_41xxx.o(.text)
    CAN1_TX_IRQHandler                       0x080002ef   Thumb Code     0  startup_stm32f40_41xxx.o(.text)
    CAN2_RX0_IRQHandler                      0x080002ef   Thumb Code     0  startup_stm32f40_41xxx.o(.text)
    CAN2_RX1_IRQHandler                      0x080002ef   Thumb Code     0  startup_stm32f40_41xxx.o(.text)
    CAN2_SCE_IRQHandler                      0x080002ef   Thumb Code     0  startup_stm32f40_41xxx.o(.text)
    CAN2_TX_IRQHandler                       0x080002ef   Thumb Code     0  startup_stm32f40_41xxx.o(.text)
    CRYP_IRQHandler                          0x080002ef   Thumb Code     0  startup_stm32f40_41xxx.o(.text)
    DCMI_IRQHandler                          0x080002ef   Thumb Code     0  startup_stm32f40_41xxx.o(.text)
    DMA1_Stream0_IRQHandler                  0x080002ef   Thumb Code     0  startup_stm32f40_41xxx.o(.text)
    DMA1_Stream1_IRQHandler                  0x080002ef   Thumb Code     0  startup_stm32f40_41xxx.o(.text)
    DMA1_Stream2_IRQHandler                  0x080002ef   Thumb Code     0  startup_stm32f40_41xxx.o(.text)
    DMA1_Stream3_IRQHandler                  0x080002ef   Thumb Code     0  startup_stm32f40_41xxx.o(.text)
    DMA1_Stream4_IRQHandler                  0x080002ef   Thumb Code     0  startup_stm32f40_41xxx.o(.text)
    DMA1_Stream5_IRQHandler                  0x080002ef   Thumb Code     0  startup_stm32f40_41xxx.o(.text)
    DMA1_Stream6_IRQHandler                  0x080002ef   Thumb Code     0  startup_stm32f40_41xxx.o(.text)
    DMA1_Stream7_IRQHandler                  0x080002ef   Thumb Code     0  startup_stm32f40_41xxx.o(.text)
    DMA2_Stream0_IRQHandler                  0x080002ef   Thumb Code     0  startup_stm32f40_41xxx.o(.text)
    DMA2_Stream1_IRQHandler                  0x080002ef   Thumb Code     0  startup_stm32f40_41xxx.o(.text)
    DMA2_Stream2_IRQHandler                  0x080002ef   Thumb Code     0  startup_stm32f40_41xxx.o(.text)
    DMA2_Stream3_IRQHandler                  0x080002ef   Thumb Code     0  startup_stm32f40_41xxx.o(.text)
    DMA2_Stream4_IRQHandler                  0x080002ef   Thumb Code     0  startup_stm32f40_41xxx.o(.text)
    DMA2_Stream5_IRQHandler                  0x080002ef   Thumb Code     0  startup_stm32f40_41xxx.o(.text)
    DMA2_Stream6_IRQHandler                  0x080002ef   Thumb Code     0  startup_stm32f40_41xxx.o(.text)
    DMA2_Stream7_IRQHandler                  0x080002ef   Thumb Code     0  startup_stm32f40_41xxx.o(.text)
    ETH_IRQHandler                           0x080002ef   Thumb Code     0  startup_stm32f40_41xxx.o(.text)
    ETH_WKUP_IRQHandler                      0x080002ef   Thumb Code     0  startup_stm32f40_41xxx.o(.text)
    EXTI0_IRQHandler                         0x080002ef   Thumb Code     0  startup_stm32f40_41xxx.o(.text)
    EXTI15_10_IRQHandler                     0x080002ef   Thumb Code     0  startup_stm32f40_41xxx.o(.text)
    EXTI1_IRQHandler                         0x080002ef   Thumb Code     0  startup_stm32f40_41xxx.o(.text)
    EXTI2_IRQHandler                         0x080002ef   Thumb Code     0  startup_stm32f40_41xxx.o(.text)
    EXTI3_IRQHandler                         0x080002ef   Thumb Code     0  startup_stm32f40_41xxx.o(.text)
    EXTI9_5_IRQHandler                       0x080002ef   Thumb Code     0  startup_stm32f40_41xxx.o(.text)
    FLASH_IRQHandler                         0x080002ef   Thumb Code     0  startup_stm32f40_41xxx.o(.text)
    FPU_IRQHandler                           0x080002ef   Thumb Code     0  startup_stm32f40_41xxx.o(.text)
    FSMC_IRQHandler                          0x080002ef   Thumb Code     0  startup_stm32f40_41xxx.o(.text)
    HASH_RNG_IRQHandler                      0x080002ef   Thumb Code     0  startup_stm32f40_41xxx.o(.text)
    I2C1_ER_IRQHandler                       0x080002ef   Thumb Code     0  startup_stm32f40_41xxx.o(.text)
    I2C1_EV_IRQHandler                       0x080002ef   Thumb Code     0  startup_stm32f40_41xxx.o(.text)
    I2C2_ER_IRQHandler                       0x080002ef   Thumb Code     0  startup_stm32f40_41xxx.o(.text)
    I2C2_EV_IRQHandler                       0x080002ef   Thumb Code     0  startup_stm32f40_41xxx.o(.text)
    I2C3_ER_IRQHandler                       0x080002ef   Thumb Code     0  startup_stm32f40_41xxx.o(.text)
    I2C3_EV_IRQHandler                       0x080002ef   Thumb Code     0  startup_stm32f40_41xxx.o(.text)
    OTG_FS_IRQHandler                        0x080002ef   Thumb Code     0  startup_stm32f40_41xxx.o(.text)
    OTG_FS_WKUP_IRQHandler                   0x080002ef   Thumb Code     0  startup_stm32f40_41xxx.o(.text)
    OTG_HS_EP1_IN_IRQHandler                 0x080002ef   Thumb Code     0  startup_stm32f40_41xxx.o(.text)
    OTG_HS_EP1_OUT_IRQHandler                0x080002ef   Thumb Code     0  startup_stm32f40_41xxx.o(.text)
    OTG_HS_IRQHandler                        0x080002ef   Thumb Code     0  startup_stm32f40_41xxx.o(.text)
    OTG_HS_WKUP_IRQHandler                   0x080002ef   Thumb Code     0  startup_stm32f40_41xxx.o(.text)
    PVD_IRQHandler                           0x080002ef   Thumb Code     0  startup_stm32f40_41xxx.o(.text)
    RCC_IRQHandler                           0x080002ef   Thumb Code     0  startup_stm32f40_41xxx.o(.text)
    RTC_Alarm_IRQHandler                     0x080002ef   Thumb Code     0  startup_stm32f40_41xxx.o(.text)
    RTC_WKUP_IRQHandler                      0x080002ef   Thumb Code     0  startup_stm32f40_41xxx.o(.text)
    SDIO_IRQHandler                          0x080002ef   Thumb Code     0  startup_stm32f40_41xxx.o(.text)
    SPI1_IRQHandler                          0x080002ef   Thumb Code     0  startup_stm32f40_41xxx.o(.text)
    SPI2_IRQHandler                          0x080002ef   Thumb Code     0  startup_stm32f40_41xxx.o(.text)
    SPI3_IRQHandler                          0x080002ef   Thumb Code     0  startup_stm32f40_41xxx.o(.text)
    TAMP_STAMP_IRQHandler                    0x080002ef   Thumb Code     0  startup_stm32f40_41xxx.o(.text)
    TIM1_BRK_TIM9_IRQHandler                 0x080002ef   Thumb Code     0  startup_stm32f40_41xxx.o(.text)
    TIM1_CC_IRQHandler                       0x080002ef   Thumb Code     0  startup_stm32f40_41xxx.o(.text)
    TIM1_TRG_COM_TIM11_IRQHandler            0x080002ef   Thumb Code     0  startup_stm32f40_41xxx.o(.text)
    TIM1_UP_TIM10_IRQHandler                 0x080002ef   Thumb Code     0  startup_stm32f40_41xxx.o(.text)
    TIM2_IRQHandler                          0x080002ef   Thumb Code     0  startup_stm32f40_41xxx.o(.text)
    TIM3_IRQHandler                          0x080002ef   Thumb Code     0  startup_stm32f40_41xxx.o(.text)
    TIM4_IRQHandler                          0x080002ef   Thumb Code     0  startup_stm32f40_41xxx.o(.text)
    TIM5_IRQHandler                          0x080002ef   Thumb Code     0  startup_stm32f40_41xxx.o(.text)
    TIM7_IRQHandler                          0x080002ef   Thumb Code     0  startup_stm32f40_41xxx.o(.text)
    TIM8_BRK_TIM12_IRQHandler                0x080002ef   Thumb Code     0  startup_stm32f40_41xxx.o(.text)
    TIM8_CC_IRQHandler                       0x080002ef   Thumb Code     0  startup_stm32f40_41xxx.o(.text)
    TIM8_TRG_COM_TIM14_IRQHandler            0x080002ef   Thumb Code     0  startup_stm32f40_41xxx.o(.text)
    TIM8_UP_TIM13_IRQHandler                 0x080002ef   Thumb Code     0  startup_stm32f40_41xxx.o(.text)
    UART4_IRQHandler                         0x080002ef   Thumb Code     0  startup_stm32f40_41xxx.o(.text)
    UART5_IRQHandler                         0x080002ef   Thumb Code     0  startup_stm32f40_41xxx.o(.text)
    USART2_IRQHandler                        0x080002ef   Thumb Code     0  startup_stm32f40_41xxx.o(.text)
    USART3_IRQHandler                        0x080002ef   Thumb Code     0  startup_stm32f40_41xxx.o(.text)
    USART6_IRQHandler                        0x080002ef   Thumb Code     0  startup_stm32f40_41xxx.o(.text)
    WWDG_IRQHandler                          0x080002ef   Thumb Code     0  startup_stm32f40_41xxx.o(.text)
    __user_initial_stackheap                 0x080002f1   Thumb Code     0  startup_stm32f40_41xxx.o(.text)
    vsnprintf                                0x08000315   Thumb Code    48  vsnprintf.o(.text)
    strlen                                   0x08000349   Thumb Code    62  strlen.o(.text)
    __use_two_region_memory                  0x08000387   Thumb Code     2  heapauxi.o(.text)
    __rt_heap_escrow$2region                 0x08000389   Thumb Code     2  heapauxi.o(.text)
    __rt_heap_expand$2region                 0x0800038b   Thumb Code     2  heapauxi.o(.text)
    _printf_pre_padding                      0x0800038d   Thumb Code    44  _printf_pad.o(.text)
    _printf_post_padding                     0x080003b9   Thumb Code    34  _printf_pad.o(.text)
    _printf_truncate_signed                  0x080003db   Thumb Code    18  _printf_truncate.o(.text)
    _printf_truncate_unsigned                0x080003ed   Thumb Code    18  _printf_truncate.o(.text)
    _printf_str                              0x080003ff   Thumb Code    82  _printf_str.o(.text)
    _printf_int_dec                          0x08000451   Thumb Code   104  _printf_dec.o(.text)
    _printf_charcount                        0x080004c9   Thumb Code    40  _printf_charcount.o(.text)
    _printf_char_common                      0x080004fb   Thumb Code    32  _printf_char_common.o(.text)
    _sputc                                   0x08000521   Thumb Code    10  _sputc.o(.text)
    _snputc                                  0x0800052b   Thumb Code    16  _snputc.o(.text)
    _printf_wctomb                           0x0800053d   Thumb Code   182  _printf_wctomb.o(.text)
    _printf_longlong_dec                     0x080005f9   Thumb Code   108  _printf_longlong_dec.o(.text)
    _printf_longlong_oct                     0x08000675   Thumb Code    66  _printf_oct_int_ll.o(.text)
    _printf_int_oct                          0x080006b7   Thumb Code    24  _printf_oct_int_ll.o(.text)
    _printf_ll_oct                           0x080006cf   Thumb Code    12  _printf_oct_int_ll.o(.text)
    _printf_longlong_hex                     0x080006e5   Thumb Code    86  _printf_hex_int_ll_ptr.o(.text)
    _printf_int_hex                          0x0800073b   Thumb Code    28  _printf_hex_int_ll_ptr.o(.text)
    _printf_ll_hex                           0x08000757   Thumb Code    12  _printf_hex_int_ll_ptr.o(.text)
    _printf_hex_ptr                          0x08000763   Thumb Code    18  _printf_hex_int_ll_ptr.o(.text)
    __printf                                 0x08000779   Thumb Code   388  __printf_flags_ss_wp.o(.text)
    _ll_udiv10                               0x08000901   Thumb Code   138  lludiv10.o(.text)
    _printf_int_common                       0x0800098b   Thumb Code   178  _printf_intcommon.o(.text)
    __lib_sel_fp_printf                      0x08000a3d   Thumb Code     2  _printf_fp_dec.o(.text)
    _printf_fp_dec_real                      0x08000bef   Thumb Code   620  _printf_fp_dec.o(.text)
    _printf_fp_hex_real                      0x08000e5d   Thumb Code   756  _printf_fp_hex.o(.text)
    _printf_cs_common                        0x08001159   Thumb Code    20  _printf_char.o(.text)
    _printf_char                             0x0800116d   Thumb Code    16  _printf_char.o(.text)
    _printf_string                           0x0800117d   Thumb Code     8  _printf_char.o(.text)
    _printf_lcs_common                       0x08001185   Thumb Code    20  _printf_wchar.o(.text)
    _printf_wchar                            0x08001199   Thumb Code    16  _printf_wchar.o(.text)
    _printf_wstring                          0x080011a9   Thumb Code     8  _printf_wchar.o(.text)
    _wcrtomb                                 0x080011b1   Thumb Code    64  _wcrtomb.o(.text)
    __user_setup_stackheap                   0x080011f1   Thumb Code    74  sys_stackheap_outer.o(.text)
    __rt_ctype_table                         0x0800123d   Thumb Code    16  rt_ctype_table.o(.text)
    __rt_locale                              0x0800124d   Thumb Code     8  rt_locale_intlibspace.o(.text)
    _printf_fp_infnan                        0x08001255   Thumb Code   112  _printf_fp_infnan.o(.text)
    _btod_etento                             0x080012d5   Thumb Code   224  bigflt0.o(.text)
    exit                                     0x080013b9   Thumb Code    18  exit.o(.text)
    __user_libspace                          0x080013cd   Thumb Code     8  libspace.o(.text)
    __user_perproc_libspace                  0x080013cd   Thumb Code     0  libspace.o(.text)
    __user_perthread_libspace                0x080013cd   Thumb Code     0  libspace.o(.text)
    strcmp                                   0x080013d5   Thumb Code   128  strcmpv7m.o(.text)
    _sys_exit                                0x08001455   Thumb Code     8  sys_exit.o(.text)
    __I$use$semihosting                      0x08001461   Thumb Code     0  use_no_semi.o(.text)
    __use_no_semihosting_swi                 0x08001461   Thumb Code     2  use_no_semi.o(.text)
    __semihosting_library_function           0x08001463   Thumb Code     0  indicate_semi.o(.text)
    _btod_d2e                                0x08001463   Thumb Code    62  btod.o(CL$$btod_d2e)
    _d2e_denorm_low                          0x080014a1   Thumb Code    70  btod.o(CL$$btod_d2e_denorm_low)
    _d2e_norm_op1                            0x080014e7   Thumb Code    96  btod.o(CL$$btod_d2e_norm_op1)
    __btod_div_common                        0x08001547   Thumb Code   696  btod.o(CL$$btod_div_common)
    _e2e                                     0x0800187f   Thumb Code   220  btod.o(CL$$btod_e2e)
    _btod_ediv                               0x0800195b   Thumb Code    42  btod.o(CL$$btod_ediv)
    _btod_emul                               0x08001985   Thumb Code    42  btod.o(CL$$btod_emul)
    __btod_mult_common                       0x080019af   Thumb Code   580  btod.o(CL$$btod_mult_common)
    EXTI4_IRQHandler                         0x08001bf3   Thumb Code    18  key.o(i.EXTI4_IRQHandler)
    EXTI_ClearITPendingBit                   0x08001c05   Thumb Code     6  stm32f4xx_exti.o(i.EXTI_ClearITPendingBit)
    EXTI_Init                                0x08001c11   Thumb Code   110  stm32f4xx_exti.o(i.EXTI_Init)
    EXTI_StructInit                          0x08001c85   Thumb Code    14  stm32f4xx_exti.o(i.EXTI_StructInit)
    GPIO_Init                                0x08001c93   Thumb Code   124  stm32f4xx_gpio.o(i.GPIO_Init)
    GPIO_PinAFConfig                         0x08001d0f   Thumb Code    32  stm32f4xx_gpio.o(i.GPIO_PinAFConfig)
    GPIO_ReadInputDataBit                    0x08001d2f   Thumb Code    14  stm32f4xx_gpio.o(i.GPIO_ReadInputDataBit)
    GPIO_ReadOutputDataBit                   0x08001d3d   Thumb Code    14  stm32f4xx_gpio.o(i.GPIO_ReadOutputDataBit)
    GPIO_StructInit                          0x08001d4b   Thumb Code    18  stm32f4xx_gpio.o(i.GPIO_StructInit)
    GPIO_WriteBit                            0x08001d5d   Thumb Code    14  stm32f4xx_gpio.o(i.GPIO_WriteBit)
    I2C_Init                                 0x08001d6d   Thumb Code   178  stm32f4xx_i2c.o(i.I2C_Init)
    I2C_StructInit                           0x08001e29   Thumb Code    28  stm32f4xx_i2c.o(i.I2C_StructInit)
    NVIC_Init                                0x08001e45   Thumb Code    98  misc.o(i.NVIC_Init)
    NVIC_PriorityGroupConfig                 0x08001ead   Thumb Code    10  misc.o(i.NVIC_PriorityGroupConfig)
    RCC_AHB1PeriphClockCmd                   0x08001ec1   Thumb Code    22  stm32f4xx_rcc.o(i.RCC_AHB1PeriphClockCmd)
    RCC_APB1PeriphClockCmd                   0x08001edd   Thumb Code    22  stm32f4xx_rcc.o(i.RCC_APB1PeriphClockCmd)
    RCC_APB2PeriphClockCmd                   0x08001ef9   Thumb Code    22  stm32f4xx_rcc.o(i.RCC_APB2PeriphClockCmd)
    RCC_GetClocksFreq                        0x08001f15   Thumb Code   148  stm32f4xx_rcc.o(i.RCC_GetClocksFreq)
    SYSCFG_EXTILineConfig                    0x08001fb5   Thumb Code    38  stm32f4xx_syscfg.o(i.SYSCFG_EXTILineConfig)
    SysTick_Handler                          0x08002099   Thumb Code    10  uitls.o(i.SysTick_Handler)
    SystemInit                               0x080020a9   Thumb Code    74  system_stm32f4xx.o(i.SystemInit)
    TIM6_DAC_IRQHandler                      0x08002105   Thumb Code    52  timer.o(i.TIM6_DAC_IRQHandler)
    TIM_ARRPreloadConfig                     0x08002141   Thumb Code    24  stm32f4xx_tim.o(i.TIM_ARRPreloadConfig)
    TIM_ClearITPendingBit                    0x08002159   Thumb Code     6  stm32f4xx_tim.o(i.TIM_ClearITPendingBit)
    TIM_Cmd                                  0x0800215f   Thumb Code    24  stm32f4xx_tim.o(i.TIM_Cmd)
    TIM_GetITStatus                          0x08002177   Thumb Code    24  stm32f4xx_tim.o(i.TIM_GetITStatus)
    TIM_OC2Init                              0x08002191   Thumb Code   128  stm32f4xx_tim.o(i.TIM_OC2Init)
    TIM_OC2PreloadConfig                     0x08002219   Thumb Code    20  stm32f4xx_tim.o(i.TIM_OC2PreloadConfig)
    TIM_OCStructInit                         0x0800222d   Thumb Code    20  stm32f4xx_tim.o(i.TIM_OCStructInit)
    TIM_TimeBaseInit                         0x08002241   Thumb Code    96  stm32f4xx_tim.o(i.TIM_TimeBaseInit)
    TIM_TimeBaseStructInit                   0x080022bd   Thumb Code    18  stm32f4xx_tim.o(i.TIM_TimeBaseStructInit)
    USART1_IRQHandler                        0x080022d1   Thumb Code    42  usart.o(i.USART1_IRQHandler)
    USART_Cmd                                0x08002305   Thumb Code    24  stm32f4xx_usart.o(i.USART_Cmd)
    USART_GetFlagStatus                      0x0800231d   Thumb Code    14  stm32f4xx_usart.o(i.USART_GetFlagStatus)
    USART_GetITStatus                        0x0800232b   Thumb Code    64  stm32f4xx_usart.o(i.USART_GetITStatus)
    USART_ITConfig                           0x0800236b   Thumb Code    54  stm32f4xx_usart.o(i.USART_ITConfig)
    USART_Init                               0x080023a1   Thumb Code   180  stm32f4xx_usart.o(i.USART_Init)
    USART_ReceiveData                        0x0800245d   Thumb Code     8  stm32f4xx_usart.o(i.USART_ReceiveData)
    USART_SendData                           0x08002465   Thumb Code     8  stm32f4xx_usart.o(i.USART_SendData)
    USART_StructInit                         0x0800246d   Thumb Code    22  stm32f4xx_usart.o(i.USART_StructInit)
    __ARM_fpclassify                         0x08002483   Thumb Code    48  fpclassify.o(i.__ARM_fpclassify)
    _is_digit                                0x080024b3   Thumb Code    14  __printf_wp.o(i._is_digit)
    bl24c512_init                            0x080024c1   Thumb Code   116  bl24c512.o(i.bl24c512_init)
    board_init                               0x08002541   Thumb Code    78  board.o(i.board_init)
    delay_init                               0x08002591   Thumb Code    40  uitls.o(i.delay_init)
    delay_ms                                 0x080025c5   Thumb Code    14  uitls.o(i.delay_ms)
    key_init                                 0x080025d9   Thumb Code   120  key.o(i.key_init)
    key_is_pressed                           0x08002659   Thumb Code    20  key.o(i.key_is_pressed)
    led_init                                 0x0800268d   Thumb Code    58  led.o(i.led_init)
    led_set                                  0x080026d1   Thumb Code    44  led.o(i.led_set)
    led_toggle                               0x08002705   Thumb Code    26  led.o(i.led_toggle)
    main                                     0x08002725   Thumb Code    98  main.o(i.main)
    next_head                                0x080027c5   Thumb Code    20  ringbuffer.o(i.next_head)
    next_tail                                0x080027d9   Thumb Code    20  ringbuffer.o(i.next_tail)
    rb8_empty                                0x080027ed   Thumb Code    14  ringbuffer.o(i.rb8_empty)
    rb8_full                                 0x080027fb   Thumb Code    24  ringbuffer.o(i.rb8_full)
    rb8_get                                  0x08002813   Thumb Code    40  ringbuffer.o(i.rb8_get)
    rb8_gets                                 0x0800283b   Thumb Code    44  ringbuffer.o(i.rb8_gets)
    rb8_new                                  0x08002867   Thumb Code     6  ringbuffer.o(i.rb8_new)
    rb8_put                                  0x0800286d   Thumb Code    38  ringbuffer.o(i.rb8_put)
    rb8_puts                                 0x08002893   Thumb Code    44  ringbuffer.o(i.rb8_puts)
    timer_pwm_init                           0x080028c1   Thumb Code   162  timer.o(i.timer_pwm_init)
    usart_init                               0x08002969   Thumb Code   170  usart.o(i.usart_init)
    usart_printf                             0x08002a1d   Thumb Code    30  usart.o(i.usart_printf)
    usart_recv_handler                       0x08002a3d   Thumb Code    16  main.o(i.usart_recv_handler)
    usart_recv_handler_register              0x08002a51   Thumb Code     6  usart.o(i.usart_recv_handler_register)
    usart_write_data                         0x08002a5d   Thumb Code    56  usart.o(i.usart_write_data)
    usart_write_string                       0x08002a99   Thumb Code    22  usart.o(i.usart_write_string)
    _get_lc_numeric                          0x08002ab1   Thumb Code    44  lc_numeric_c.o(locale$$code)
    _get_lc_ctype                            0x08002add   Thumb Code    44  lc_ctype_c.o(locale$$code)
    _fp_init                                 0x08002b09   Thumb Code    10  fpinit.o(x$fpl$fpinit)
    __fplib_config_fpu_vfp                   0x08002b11   Thumb Code     0  fpinit.o(x$fpl$fpinit)
    __fplib_config_pureend_doubles           0x08002b11   Thumb Code     0  fpinit.o(x$fpl$fpinit)
    _printf_fp_dec                           0x08002b13   Thumb Code     4  printf1.o(x$fpl$printf1)
    _printf_fp_hex                           0x08002b17   Thumb Code     4  printf2.o(x$fpl$printf2)
    __I$use$fp                               0x08002b1a   Number         0  usenofp.o(x$fpl$usenofp)
    Region$$Table$$Base                      0x08002c18   Number         0  anon$$obj.o(Region$$Table)
    Region$$Table$$Limit                     0x08002c38   Number         0  anon$$obj.o(Region$$Table)
    __ctype                                  0x08002c61   Data           0  lc_ctype_c.o(locale$$data)
    usart_recv_callback                      0x20000008   Data           4  usart.o(.data)
    SystemCoreClock                          0x20000010   Data           4  system_stm32f4xx.o(.data)
    AHBPrescTable                            0x20000014   Data          16  system_stm32f4xx.o(.data)
    __libspace_start                         0x20000234   Data          96  libspace.o(.bss)
    __temporary_stack_top$libspace           0x20000294   Data           0  libspace.o(.bss)



==============================================================================

Memory Map of the image

  Image Entry point : 0x08000189

  Load Region LR_IROM1 (Base: 0x08000000, Size: 0x00002d98, Max: 0x00080000, ABSOLUTE)

    Execution Region ER_IROM1 (Exec base: 0x08000000, Load base: 0x08000000, Size: 0x00002d64, Max: 0x00080000, ABSOLUTE)

    Exec Addr    Load Addr    Size         Type   Attr      Idx    E Section Name        Object

    0x08000000   0x08000000   0x00000188   Data   RO          484    RESET               startup_stm32f40_41xxx.o
    0x08000188   0x08000188   0x00000008   Code   RO         5622  * !!!main             c_w.l(__main.o)
    0x08000190   0x08000190   0x00000034   Code   RO         5947    !!!scatter          c_w.l(__scatter.o)
    0x080001c4   0x080001c4   0x0000001a   Code   RO         5949    !!handler_copy      c_w.l(__scatter_copy.o)
    0x080001de   0x080001de   0x00000002   PAD
    0x080001e0   0x080001e0   0x0000001c   Code   RO         5951    !!handler_zi        c_w.l(__scatter_zi.o)
    0x080001fc   0x080001fc   0x00000000   Code   RO         5708    .ARM.Collect$$_printf_percent$$00000000  c_w.l(_printf_percent.o)
    0x080001fc   0x080001fc   0x00000006   Code   RO         5697    .ARM.Collect$$_printf_percent$$00000001  c_w.l(_printf_n.o)
    0x08000202   0x08000202   0x00000006   Code   RO         5699    .ARM.Collect$$_printf_percent$$00000002  c_w.l(_printf_p.o)
    0x08000208   0x08000208   0x00000006   Code   RO         5704    .ARM.Collect$$_printf_percent$$00000003  c_w.l(_printf_f.o)
    0x0800020e   0x0800020e   0x00000006   Code   RO         5705    .ARM.Collect$$_printf_percent$$00000004  c_w.l(_printf_e.o)
    0x08000214   0x08000214   0x00000006   Code   RO         5706    .ARM.Collect$$_printf_percent$$00000005  c_w.l(_printf_g.o)
    0x0800021a   0x0800021a   0x00000006   Code   RO         5707    .ARM.Collect$$_printf_percent$$00000006  c_w.l(_printf_a.o)
    0x08000220   0x08000220   0x0000000a   Code   RO         5712    .ARM.Collect$$_printf_percent$$00000007  c_w.l(_printf_ll.o)
    0x0800022a   0x0800022a   0x00000006   Code   RO         5701    .ARM.Collect$$_printf_percent$$00000008  c_w.l(_printf_i.o)
    0x08000230   0x08000230   0x00000006   Code   RO         5702    .ARM.Collect$$_printf_percent$$00000009  c_w.l(_printf_d.o)
    0x08000236   0x08000236   0x00000006   Code   RO         5703    .ARM.Collect$$_printf_percent$$0000000A  c_w.l(_printf_u.o)
    0x0800023c   0x0800023c   0x00000006   Code   RO         5700    .ARM.Collect$$_printf_percent$$0000000B  c_w.l(_printf_o.o)
    0x08000242   0x08000242   0x00000006   Code   RO         5698    .ARM.Collect$$_printf_percent$$0000000C  c_w.l(_printf_x.o)
    0x08000248   0x08000248   0x00000006   Code   RO         5709    .ARM.Collect$$_printf_percent$$0000000D  c_w.l(_printf_lli.o)
    0x0800024e   0x0800024e   0x00000006   Code   RO         5710    .ARM.Collect$$_printf_percent$$0000000E  c_w.l(_printf_lld.o)
    0x08000254   0x08000254   0x00000006   Code   RO         5711    .ARM.Collect$$_printf_percent$$0000000F  c_w.l(_printf_llu.o)
    0x0800025a   0x0800025a   0x00000006   Code   RO         5716    .ARM.Collect$$_printf_percent$$00000010  c_w.l(_printf_llo.o)
    0x08000260   0x08000260   0x00000006   Code   RO         5717    .ARM.Collect$$_printf_percent$$00000011  c_w.l(_printf_llx.o)
    0x08000266   0x08000266   0x0000000a   Code   RO         5713    .ARM.Collect$$_printf_percent$$00000012  c_w.l(_printf_l.o)
    0x08000270   0x08000270   0x00000006   Code   RO         5695    .ARM.Collect$$_printf_percent$$00000013  c_w.l(_printf_c.o)
    0x08000276   0x08000276   0x00000006   Code   RO         5696    .ARM.Collect$$_printf_percent$$00000014  c_w.l(_printf_s.o)
    0x0800027c   0x0800027c   0x00000006   Code   RO         5714    .ARM.Collect$$_printf_percent$$00000015  c_w.l(_printf_lc.o)
    0x08000282   0x08000282   0x00000006   Code   RO         5715    .ARM.Collect$$_printf_percent$$00000016  c_w.l(_printf_ls.o)
    0x08000288   0x08000288   0x00000004   Code   RO         5756    .ARM.Collect$$_printf_percent$$00000017  c_w.l(_printf_percent_end.o)
    0x0800028c   0x0800028c   0x00000002   Code   RO         5805    .ARM.Collect$$libinit$$00000000  c_w.l(libinit.o)
    0x0800028e   0x0800028e   0x00000004   Code   RO         5821    .ARM.Collect$$libinit$$00000001  c_w.l(libinit2.o)
    0x08000292   0x08000292   0x00000000   Code   RO         5824    .ARM.Collect$$libinit$$00000004  c_w.l(libinit2.o)
    0x08000292   0x08000292   0x00000000   Code   RO         5827    .ARM.Collect$$libinit$$0000000A  c_w.l(libinit2.o)
    0x08000292   0x08000292   0x00000000   Code   RO         5829    .ARM.Collect$$libinit$$0000000C  c_w.l(libinit2.o)
    0x08000292   0x08000292   0x00000000   Code   RO         5831    .ARM.Collect$$libinit$$0000000E  c_w.l(libinit2.o)
    0x08000292   0x08000292   0x00000006   Code   RO         5832    .ARM.Collect$$libinit$$0000000F  c_w.l(libinit2.o)
    0x08000298   0x08000298   0x00000000   Code   RO         5834    .ARM.Collect$$libinit$$00000011  c_w.l(libinit2.o)
    0x08000298   0x08000298   0x0000000c   Code   RO         5835    .ARM.Collect$$libinit$$00000012  c_w.l(libinit2.o)
    0x080002a4   0x080002a4   0x00000000   Code   RO         5836    .ARM.Collect$$libinit$$00000013  c_w.l(libinit2.o)
    0x080002a4   0x080002a4   0x00000000   Code   RO         5838    .ARM.Collect$$libinit$$00000015  c_w.l(libinit2.o)
    0x080002a4   0x080002a4   0x0000000a   Code   RO         5839    .ARM.Collect$$libinit$$00000016  c_w.l(libinit2.o)
    0x080002ae   0x080002ae   0x00000000   Code   RO         5840    .ARM.Collect$$libinit$$00000017  c_w.l(libinit2.o)
    0x080002ae   0x080002ae   0x00000000   Code   RO         5842    .ARM.Collect$$libinit$$00000019  c_w.l(libinit2.o)
    0x080002ae   0x080002ae   0x00000000   Code   RO         5844    .ARM.Collect$$libinit$$0000001B  c_w.l(libinit2.o)
    0x080002ae   0x080002ae   0x00000000   Code   RO         5846    .ARM.Collect$$libinit$$0000001D  c_w.l(libinit2.o)
    0x080002ae   0x080002ae   0x00000000   Code   RO         5848    .ARM.Collect$$libinit$$0000001F  c_w.l(libinit2.o)
    0x080002ae   0x080002ae   0x00000000   Code   RO         5850    .ARM.Collect$$libinit$$00000021  c_w.l(libinit2.o)
    0x080002ae   0x080002ae   0x00000000   Code   RO         5852    .ARM.Collect$$libinit$$00000023  c_w.l(libinit2.o)
    0x080002ae   0x080002ae   0x00000000   Code   RO         5854    .ARM.Collect$$libinit$$00000025  c_w.l(libinit2.o)
    0x080002ae   0x080002ae   0x00000000   Code   RO         5858    .ARM.Collect$$libinit$$0000002C  c_w.l(libinit2.o)
    0x080002ae   0x080002ae   0x00000000   Code   RO         5860    .ARM.Collect$$libinit$$0000002E  c_w.l(libinit2.o)
    0x080002ae   0x080002ae   0x00000000   Code   RO         5862    .ARM.Collect$$libinit$$00000030  c_w.l(libinit2.o)
    0x080002ae   0x080002ae   0x00000000   Code   RO         5864    .ARM.Collect$$libinit$$00000032  c_w.l(libinit2.o)
    0x080002ae   0x080002ae   0x00000002   Code   RO         5865    .ARM.Collect$$libinit$$00000033  c_w.l(libinit2.o)
    0x080002b0   0x080002b0   0x00000002   Code   RO         5885    .ARM.Collect$$libshutdown$$00000000  c_w.l(libshutdown.o)
    0x080002b2   0x080002b2   0x00000000   Code   RO         5898    .ARM.Collect$$libshutdown$$00000002  c_w.l(libshutdown2.o)
    0x080002b2   0x080002b2   0x00000000   Code   RO         5900    .ARM.Collect$$libshutdown$$00000004  c_w.l(libshutdown2.o)
    0x080002b2   0x080002b2   0x00000000   Code   RO         5902    .ARM.Collect$$libshutdown$$00000006  c_w.l(libshutdown2.o)
    0x080002b2   0x080002b2   0x00000000   Code   RO         5905    .ARM.Collect$$libshutdown$$00000009  c_w.l(libshutdown2.o)
    0x080002b2   0x080002b2   0x00000000   Code   RO         5908    .ARM.Collect$$libshutdown$$0000000C  c_w.l(libshutdown2.o)
    0x080002b2   0x080002b2   0x00000000   Code   RO         5910    .ARM.Collect$$libshutdown$$0000000E  c_w.l(libshutdown2.o)
    0x080002b2   0x080002b2   0x00000000   Code   RO         5913    .ARM.Collect$$libshutdown$$00000011  c_w.l(libshutdown2.o)
    0x080002b2   0x080002b2   0x00000002   Code   RO         5914    .ARM.Collect$$libshutdown$$00000012  c_w.l(libshutdown2.o)
    0x080002b4   0x080002b4   0x00000000   Code   RO         5624    .ARM.Collect$$rtentry$$00000000  c_w.l(__rtentry.o)
    0x080002b4   0x080002b4   0x00000000   Code   RO         5727    .ARM.Collect$$rtentry$$00000002  c_w.l(__rtentry2.o)
    0x080002b4   0x080002b4   0x00000006   Code   RO         5739    .ARM.Collect$$rtentry$$00000004  c_w.l(__rtentry4.o)
    0x080002ba   0x080002ba   0x00000000   Code   RO         5729    .ARM.Collect$$rtentry$$00000009  c_w.l(__rtentry2.o)
    0x080002ba   0x080002ba   0x00000004   Code   RO         5730    .ARM.Collect$$rtentry$$0000000A  c_w.l(__rtentry2.o)
    0x080002be   0x080002be   0x00000000   Code   RO         5732    .ARM.Collect$$rtentry$$0000000C  c_w.l(__rtentry2.o)
    0x080002be   0x080002be   0x00000008   Code   RO         5733    .ARM.Collect$$rtentry$$0000000D  c_w.l(__rtentry2.o)
    0x080002c6   0x080002c6   0x00000002   Code   RO         5814    .ARM.Collect$$rtexit$$00000000  c_w.l(rtexit.o)
    0x080002c8   0x080002c8   0x00000000   Code   RO         5867    .ARM.Collect$$rtexit$$00000002  c_w.l(rtexit2.o)
    0x080002c8   0x080002c8   0x00000004   Code   RO         5868    .ARM.Collect$$rtexit$$00000003  c_w.l(rtexit2.o)
    0x080002cc   0x080002cc   0x00000006   Code   RO         5869    .ARM.Collect$$rtexit$$00000004  c_w.l(rtexit2.o)
    0x080002d2   0x080002d2   0x00000002   PAD
    0x080002d4   0x080002d4   0x00000040   Code   RO          485    .text               startup_stm32f40_41xxx.o
    0x08000314   0x08000314   0x00000034   Code   RO         5616    .text               c_w.l(vsnprintf.o)
    0x08000348   0x08000348   0x0000003e   Code   RO         5618    .text               c_w.l(strlen.o)
    0x08000386   0x08000386   0x00000006   Code   RO         5620    .text               c_w.l(heapauxi.o)
    0x0800038c   0x0800038c   0x0000004e   Code   RO         5627    .text               c_w.l(_printf_pad.o)
    0x080003da   0x080003da   0x00000024   Code   RO         5629    .text               c_w.l(_printf_truncate.o)
    0x080003fe   0x080003fe   0x00000052   Code   RO         5631    .text               c_w.l(_printf_str.o)
    0x08000450   0x08000450   0x00000078   Code   RO         5633    .text               c_w.l(_printf_dec.o)
    0x080004c8   0x080004c8   0x00000028   Code   RO         5635    .text               c_w.l(_printf_charcount.o)
    0x080004f0   0x080004f0   0x00000030   Code   RO         5637    .text               c_w.l(_printf_char_common.o)
    0x08000520   0x08000520   0x0000000a   Code   RO         5639    .text               c_w.l(_sputc.o)
    0x0800052a   0x0800052a   0x00000010   Code   RO         5641    .text               c_w.l(_snputc.o)
    0x0800053a   0x0800053a   0x00000002   PAD
    0x0800053c   0x0800053c   0x000000bc   Code   RO         5643    .text               c_w.l(_printf_wctomb.o)
    0x080005f8   0x080005f8   0x0000007c   Code   RO         5646    .text               c_w.l(_printf_longlong_dec.o)
    0x08000674   0x08000674   0x00000070   Code   RO         5652    .text               c_w.l(_printf_oct_int_ll.o)
    0x080006e4   0x080006e4   0x00000094   Code   RO         5672    .text               c_w.l(_printf_hex_int_ll_ptr.o)
    0x08000778   0x08000778   0x00000188   Code   RO         5692    .text               c_w.l(__printf_flags_ss_wp.o)
    0x08000900   0x08000900   0x0000008a   Code   RO         5741    .text               c_w.l(lludiv10.o)
    0x0800098a   0x0800098a   0x000000b2   Code   RO         5743    .text               c_w.l(_printf_intcommon.o)
    0x08000a3c   0x08000a3c   0x0000041e   Code   RO         5745    .text               c_w.l(_printf_fp_dec.o)
    0x08000e5a   0x08000e5a   0x00000002   PAD
    0x08000e5c   0x08000e5c   0x000002fc   Code   RO         5747    .text               c_w.l(_printf_fp_hex.o)
    0x08001158   0x08001158   0x0000002c   Code   RO         5752    .text               c_w.l(_printf_char.o)
    0x08001184   0x08001184   0x0000002c   Code   RO         5754    .text               c_w.l(_printf_wchar.o)
    0x080011b0   0x080011b0   0x00000040   Code   RO         5757    .text               c_w.l(_wcrtomb.o)
    0x080011f0   0x080011f0   0x0000004a   Code   RO         5759    .text               c_w.l(sys_stackheap_outer.o)
    0x0800123a   0x0800123a   0x00000002   PAD
    0x0800123c   0x0800123c   0x00000010   Code   RO         5761    .text               c_w.l(rt_ctype_table.o)
    0x0800124c   0x0800124c   0x00000008   Code   RO         5766    .text               c_w.l(rt_locale_intlibspace.o)
    0x08001254   0x08001254   0x00000080   Code   RO         5768    .text               c_w.l(_printf_fp_infnan.o)
    0x080012d4   0x080012d4   0x000000e4   Code   RO         5770    .text               c_w.l(bigflt0.o)
    0x080013b8   0x080013b8   0x00000012   Code   RO         5798    .text               c_w.l(exit.o)
    0x080013ca   0x080013ca   0x00000002   PAD
    0x080013cc   0x080013cc   0x00000008   Code   RO         5811    .text               c_w.l(libspace.o)
    0x080013d4   0x080013d4   0x00000080   Code   RO         5819    .text               c_w.l(strcmpv7m.o)
    0x08001454   0x08001454   0x0000000c   Code   RO         5877    .text               c_w.l(sys_exit.o)
    0x08001460   0x08001460   0x00000002   Code   RO         5888    .text               c_w.l(use_no_semi.o)
    0x08001462   0x08001462   0x00000000   Code   RO         5890    .text               c_w.l(indicate_semi.o)
    0x08001462   0x08001462   0x0000003e   Code   RO         5773    CL$$btod_d2e        c_w.l(btod.o)
    0x080014a0   0x080014a0   0x00000046   Code   RO         5775    CL$$btod_d2e_denorm_low  c_w.l(btod.o)
    0x080014e6   0x080014e6   0x00000060   Code   RO         5774    CL$$btod_d2e_norm_op1  c_w.l(btod.o)
    0x08001546   0x08001546   0x00000338   Code   RO         5783    CL$$btod_div_common  c_w.l(btod.o)
    0x0800187e   0x0800187e   0x000000dc   Code   RO         5780    CL$$btod_e2e        c_w.l(btod.o)
    0x0800195a   0x0800195a   0x0000002a   Code   RO         5777    CL$$btod_ediv       c_w.l(btod.o)
    0x08001984   0x08001984   0x0000002a   Code   RO         5776    CL$$btod_emul       c_w.l(btod.o)
    0x080019ae   0x080019ae   0x00000244   Code   RO         5782    CL$$btod_mult_common  c_w.l(btod.o)
    0x08001bf2   0x08001bf2   0x00000012   Code   RO          356    i.EXTI4_IRQHandler  key.o
    0x08001c04   0x08001c04   0x0000000c   Code   RO         1895    i.EXTI_ClearITPendingBit  stm32f4xx_exti.o
    0x08001c10   0x08001c10   0x00000074   Code   RO         1900    i.EXTI_Init         stm32f4xx_exti.o
    0x08001c84   0x08001c84   0x0000000e   Code   RO         1901    i.EXTI_StructInit   stm32f4xx_exti.o
    0x08001c92   0x08001c92   0x0000007c   Code   RO         2408    i.GPIO_Init         stm32f4xx_gpio.o
    0x08001d0e   0x08001d0e   0x00000020   Code   RO         2409    i.GPIO_PinAFConfig  stm32f4xx_gpio.o
    0x08001d2e   0x08001d2e   0x0000000e   Code   RO         2412    i.GPIO_ReadInputDataBit  stm32f4xx_gpio.o
    0x08001d3c   0x08001d3c   0x0000000e   Code   RO         2414    i.GPIO_ReadOutputDataBit  stm32f4xx_gpio.o
    0x08001d4a   0x08001d4a   0x00000012   Code   RO         2417    i.GPIO_StructInit   stm32f4xx_gpio.o
    0x08001d5c   0x08001d5c   0x0000000e   Code   RO         2420    i.GPIO_WriteBit     stm32f4xx_gpio.o
    0x08001d6a   0x08001d6a   0x00000002   PAD
    0x08001d6c   0x08001d6c   0x000000bc   Code   RO         2717    i.I2C_Init          stm32f4xx_i2c.o
    0x08001e28   0x08001e28   0x0000001c   Code   RO         2728    i.I2C_StructInit    stm32f4xx_i2c.o
    0x08001e44   0x08001e44   0x00000068   Code   RO          533    i.NVIC_Init         misc.o
    0x08001eac   0x08001eac   0x00000014   Code   RO          534    i.NVIC_PriorityGroupConfig  misc.o
    0x08001ec0   0x08001ec0   0x0000001c   Code   RO         3334    i.RCC_AHB1PeriphClockCmd  stm32f4xx_rcc.o
    0x08001edc   0x08001edc   0x0000001c   Code   RO         3343    i.RCC_APB1PeriphClockCmd  stm32f4xx_rcc.o
    0x08001ef8   0x08001ef8   0x0000001c   Code   RO         3346    i.RCC_APB2PeriphClockCmd  stm32f4xx_rcc.o
    0x08001f14   0x08001f14   0x000000a0   Code   RO         3355    i.RCC_GetClocksFreq  stm32f4xx_rcc.o
    0x08001fb4   0x08001fb4   0x0000002c   Code   RO         4657    i.SYSCFG_EXTILineConfig  stm32f4xx_syscfg.o
    0x08001fe0   0x08001fe0   0x000000b8   Code   RO          492    i.SetSysClock       system_stm32f4xx.o
    0x08002098   0x08002098   0x00000010   Code   RO          207    i.SysTick_Handler   uitls.o
    0x080020a8   0x080020a8   0x0000005c   Code   RO          494    i.SystemInit        system_stm32f4xx.o
    0x08002104   0x08002104   0x0000003c   Code   RO          392    i.TIM6_DAC_IRQHandler  timer.o
    0x08002140   0x08002140   0x00000018   Code   RO         4718    i.TIM_ARRPreloadConfig  stm32f4xx_tim.o
    0x08002158   0x08002158   0x00000006   Code   RO         4725    i.TIM_ClearITPendingBit  stm32f4xx_tim.o
    0x0800215e   0x0800215e   0x00000018   Code   RO         4730    i.TIM_Cmd           stm32f4xx_tim.o
    0x08002176   0x08002176   0x00000018   Code   RO         4751    i.TIM_GetITStatus   stm32f4xx_tim.o
    0x0800218e   0x0800218e   0x00000002   PAD
    0x08002190   0x08002190   0x00000088   Code   RO         4764    i.TIM_OC2Init       stm32f4xx_tim.o
    0x08002218   0x08002218   0x00000014   Code   RO         4767    i.TIM_OC2PreloadConfig  stm32f4xx_tim.o
    0x0800222c   0x0800222c   0x00000014   Code   RO         4777    i.TIM_OCStructInit  stm32f4xx_tim.o
    0x08002240   0x08002240   0x0000007c   Code   RO         4802    i.TIM_TimeBaseInit  stm32f4xx_tim.o
    0x080022bc   0x080022bc   0x00000012   Code   RO         4803    i.TIM_TimeBaseStructInit  stm32f4xx_tim.o
    0x080022ce   0x080022ce   0x00000002   PAD
    0x080022d0   0x080022d0   0x00000034   Code   RO          259    i.USART1_IRQHandler  usart.o
    0x08002304   0x08002304   0x00000018   Code   RO         5284    i.USART_Cmd         stm32f4xx_usart.o
    0x0800231c   0x0800231c   0x0000000e   Code   RO         5287    i.USART_GetFlagStatus  stm32f4xx_usart.o
    0x0800232a   0x0800232a   0x00000040   Code   RO         5288    i.USART_GetITStatus  stm32f4xx_usart.o
    0x0800236a   0x0800236a   0x00000036   Code   RO         5290    i.USART_ITConfig    stm32f4xx_usart.o
    0x080023a0   0x080023a0   0x000000bc   Code   RO         5291    i.USART_Init        stm32f4xx_usart.o
    0x0800245c   0x0800245c   0x00000008   Code   RO         5298    i.USART_ReceiveData  stm32f4xx_usart.o
    0x08002464   0x08002464   0x00000008   Code   RO         5301    i.USART_SendData    stm32f4xx_usart.o
    0x0800246c   0x0800246c   0x00000016   Code   RO         5307    i.USART_StructInit  stm32f4xx_usart.o
    0x08002482   0x08002482   0x00000030   Code   RO         5809    i.__ARM_fpclassify  m_wm.l(fpclassify.o)
    0x080024b2   0x080024b2   0x0000000e   Code   RO         5685    i._is_digit         c_w.l(__printf_wp.o)
    0x080024c0   0x080024c0   0x00000080   Code   RO          429    i.bl24c512_init     bl24c512.o
    0x08002540   0x08002540   0x0000004e   Code   RO          183    i.board_init        board.o
    0x0800258e   0x0800258e   0x00000002   PAD
    0x08002590   0x08002590   0x00000034   Code   RO          209    i.delay_init        uitls.o
    0x080025c4   0x080025c4   0x00000014   Code   RO          210    i.delay_ms          uitls.o
    0x080025d8   0x080025d8   0x00000080   Code   RO          357    i.key_init          key.o
    0x08002658   0x08002658   0x00000018   Code   RO          358    i.key_is_pressed    key.o
    0x08002670   0x08002670   0x0000001a   Code   RO            4    i.key_press         main.o
    0x0800268a   0x0800268a   0x00000002   PAD
    0x0800268c   0x0800268c   0x00000044   Code   RO          316    i.led_init          led.o
    0x080026d0   0x080026d0   0x00000034   Code   RO          317    i.led_set           led.o
    0x08002704   0x08002704   0x00000020   Code   RO          318    i.led_toggle        led.o
    0x08002724   0x08002724   0x000000a0   Code   RO            5    i.main              main.o
    0x080027c4   0x080027c4   0x00000014   Code   RO         5538    i.next_head         ringbuffer.o
    0x080027d8   0x080027d8   0x00000014   Code   RO         5539    i.next_tail         ringbuffer.o
    0x080027ec   0x080027ec   0x0000000e   Code   RO         5540    i.rb8_empty         ringbuffer.o
    0x080027fa   0x080027fa   0x00000018   Code   RO         5541    i.rb8_full          ringbuffer.o
    0x08002812   0x08002812   0x00000028   Code   RO         5542    i.rb8_get           ringbuffer.o
    0x0800283a   0x0800283a   0x0000002c   Code   RO         5543    i.rb8_gets          ringbuffer.o
    0x08002866   0x08002866   0x00000006   Code   RO         5544    i.rb8_new           ringbuffer.o
    0x0800286c   0x0800286c   0x00000026   Code   RO         5545    i.rb8_put           ringbuffer.o
    0x08002892   0x08002892   0x0000002c   Code   RO         5546    i.rb8_puts          ringbuffer.o
    0x080028be   0x080028be   0x00000002   PAD
    0x080028c0   0x080028c0   0x000000a8   Code   RO          394    i.timer_pwm_init    timer.o
    0x08002968   0x08002968   0x000000b4   Code   RO          260    i.usart_init        usart.o
    0x08002a1c   0x08002a1c   0x0000001e   Code   RO          261    i.usart_printf      usart.o
    0x08002a3a   0x08002a3a   0x00000002   PAD
    0x08002a3c   0x08002a3c   0x00000014   Code   RO            6    i.usart_recv_handler  main.o
    0x08002a50   0x08002a50   0x0000000c   Code   RO          262    i.usart_recv_handler_register  usart.o
    0x08002a5c   0x08002a5c   0x0000003c   Code   RO          263    i.usart_write_data  usart.o
    0x08002a98   0x08002a98   0x00000016   Code   RO          264    i.usart_write_string  usart.o
    0x08002aae   0x08002aae   0x00000002   PAD
    0x08002ab0   0x08002ab0   0x0000002c   Code   RO         5796    locale$$code        c_w.l(lc_numeric_c.o)
    0x08002adc   0x08002adc   0x0000002c   Code   RO         5817    locale$$code        c_w.l(lc_ctype_c.o)
    0x08002b08   0x08002b08   0x0000000a   Code   RO         5875    x$fpl$fpinit        fz_wm.l(fpinit.o)
    0x08002b12   0x08002b12   0x00000004   Code   RO         5718    x$fpl$printf1       fz_wm.l(printf1.o)
    0x08002b16   0x08002b16   0x00000004   Code   RO         5720    x$fpl$printf2       fz_wm.l(printf2.o)
    0x08002b1a   0x08002b1a   0x00000000   Code   RO         5808    x$fpl$usenofp       fz_wm.l(usenofp.o)
    0x08002b1a   0x08002b1a   0x00000002   PAD
    0x08002b1c   0x08002b1c   0x00000008   Data   RO         5644    .constdata          c_w.l(_printf_wctomb.o)
    0x08002b24   0x08002b24   0x00000028   Data   RO         5673    .constdata          c_w.l(_printf_hex_int_ll_ptr.o)
    0x08002b4c   0x08002b4c   0x00000011   Data   RO         5693    .constdata          c_w.l(__printf_flags_ss_wp.o)
    0x08002b5d   0x08002b5d   0x00000026   Data   RO         5748    .constdata          c_w.l(_printf_fp_hex.o)
    0x08002b83   0x08002b83   0x00000001   PAD
    0x08002b84   0x08002b84   0x00000094   Data   RO         5771    .constdata          c_w.l(bigflt0.o)
    0x08002c18   0x08002c18   0x00000020   Data   RO         5945    Region$$Table       anon$$obj.o
    0x08002c38   0x08002c38   0x0000001c   Data   RO         5795    locale$$data        c_w.l(lc_numeric_c.o)
    0x08002c54   0x08002c54   0x00000110   Data   RO         5816    locale$$data        c_w.l(lc_ctype_c.o)


    Execution Region RW_IRAM1 (Exec base: 0x20000000, Load base: 0x08002d64, Size: 0x00000898, Max: 0x00020000, ABSOLUTE)

    Exec Addr    Load Addr    Size         Type   Attr      Idx    E Section Name        Object

    0x20000000   0x08002d64   0x00000004   Data   RW            8    .data               main.o
    0x20000004   0x08002d68   0x00000004   Data   RW          211    .data               uitls.o
    0x20000008   0x08002d6c   0x00000004   Data   RW          265    .data               usart.o
    0x2000000c   0x08002d70   0x00000004   Data   RW          395    .data               timer.o
    0x20000010   0x08002d74   0x00000014   Data   RW          495    .data               system_stm32f4xx.o
    0x20000024   0x08002d88   0x00000010   Data   RW         3387    .data               stm32f4xx_rcc.o
    0x20000034        -       0x00000200   Zero   RW            7    .bss                main.o
    0x20000234        -       0x00000060   Zero   RW         5812    .bss                c_w.l(libspace.o)
    0x20000294   0x08002d98   0x00000004   PAD
    0x20000298        -       0x00000200   Zero   RW          483    HEAP                startup_stm32f40_41xxx.o
    0x20000498        -       0x00000400   Zero   RW          482    STACK               startup_stm32f40_41xxx.o


==============================================================================

Image component sizes


      Code (inc. data)   RO Data    RW Data    ZI Data      Debug   Object Name

       128         12          0          0          0        600   bl24c512.o
        78          0          0          0          0        477   board.o
       170         12          0          0          0       1611   key.o
       152         24          0          0          0       1502   led.o
       206         66          0          4        512     305000   main.o
       124         16          0          0          0       1671   misc.o
       250          0          0          0          0       6555   ringbuffer.o
        64         26        392          0       1536        844   startup_stm32f40_41xxx.o
       142         12          0          0          0       2215   stm32f4xx_exti.o
       216          0          0          0          0       4290   stm32f4xx_gpio.o
       216         10          0          0          0       2040   stm32f4xx_i2c.o
       244         30          0         16          0       4907   stm32f4xx_rcc.o
        44          6          0          0          0        648   stm32f4xx_syscfg.o
       396         36          0          0          0       6399   stm32f4xx_tim.o
       382          8          0          0          0       6356   stm32f4xx_usart.o
       276         34          0         20          0       1937   system_stm32f4xx.o
       228         14          0          4          0       1211   timer.o
        88         24          0          4          0      28185   uitls.o
       356         30          0          4          0       4068   usart.o

    ----------------------------------------------------------------------
      3776        360        424         52       2048     380516   Object Totals
         0          0         32          0          0          0   (incl. Generated)
        16          0          0          0          0          0   (incl. Padding)

    ----------------------------------------------------------------------

      Code (inc. data)   RO Data    RW Data    ZI Data      Debug   Library Member Name

         8          0          0          0          0         68   __main.o
       392          4         17          0          0         92   __printf_flags_ss_wp.o
        14          0          0          0          0         68   __printf_wp.o
         0          0          0          0          0          0   __rtentry.o
        12          0          0          0          0          0   __rtentry2.o
         6          0          0          0          0          0   __rtentry4.o
        52          8          0          0          0          0   __scatter.o
        26          0          0          0          0          0   __scatter_copy.o
        28          0          0          0          0          0   __scatter_zi.o
         6          0          0          0          0          0   _printf_a.o
         6          0          0          0          0          0   _printf_c.o
        44          0          0          0          0        108   _printf_char.o
        48          6          0          0          0         96   _printf_char_common.o
        40          0          0          0          0         68   _printf_charcount.o
         6          0          0          0          0          0   _printf_d.o
       120         16          0          0          0         92   _printf_dec.o
         6          0          0          0          0          0   _printf_e.o
         6          0          0          0          0          0   _printf_f.o
      1054          0          0          0          0        216   _printf_fp_dec.o
       764          8         38          0          0        100   _printf_fp_hex.o
       128         16          0          0          0         84   _printf_fp_infnan.o
         6          0          0          0          0          0   _printf_g.o
       148          4         40          0          0        160   _printf_hex_int_ll_ptr.o
         6          0          0          0          0          0   _printf_i.o
       178          0          0          0          0         88   _printf_intcommon.o
        10          0          0          0          0          0   _printf_l.o
         6          0          0          0          0          0   _printf_lc.o
        10          0          0          0          0          0   _printf_ll.o
         6          0          0          0          0          0   _printf_lld.o
         6          0          0          0          0          0   _printf_lli.o
         6          0          0          0          0          0   _printf_llo.o
         6          0          0          0          0          0   _printf_llu.o
         6          0          0          0          0          0   _printf_llx.o
       124         16          0          0          0         92   _printf_longlong_dec.o
         6          0          0          0          0          0   _printf_ls.o
         6          0          0          0          0          0   _printf_n.o
         6          0          0          0          0          0   _printf_o.o
       112         10          0          0          0        124   _printf_oct_int_ll.o
         6          0          0          0          0          0   _printf_p.o
        78          0          0          0          0        108   _printf_pad.o
         0          0          0          0          0          0   _printf_percent.o
         4          0          0          0          0          0   _printf_percent_end.o
         6          0          0          0          0          0   _printf_s.o
        82          0          0          0          0         80   _printf_str.o
        36          0          0          0          0         84   _printf_truncate.o
         6          0          0          0          0          0   _printf_u.o
        44          0          0          0          0        108   _printf_wchar.o
       188          6          8          0          0         92   _printf_wctomb.o
         6          0          0          0          0          0   _printf_x.o
        16          0          0          0          0         68   _snputc.o
        10          0          0          0          0         68   _sputc.o
        64          0          0          0          0         92   _wcrtomb.o
       228          4        148          0          0         96   bigflt0.o
      1936        128          0          0          0        672   btod.o
        18          0          0          0          0         80   exit.o
         6          0          0          0          0        152   heapauxi.o
         0          0          0          0          0          0   indicate_semi.o
        44         10        272          0          0         76   lc_ctype_c.o
        44         10         28          0          0         76   lc_numeric_c.o
         2          0          0          0          0          0   libinit.o
        34          0          0          0          0          0   libinit2.o
         2          0          0          0          0          0   libshutdown.o
         2          0          0          0          0          0   libshutdown2.o
         8          4          0          0         96         68   libspace.o
       138          0          0          0          0         80   lludiv10.o
        16          4          0          0          0         76   rt_ctype_table.o
         8          4          0          0          0         68   rt_locale_intlibspace.o
         2          0          0          0          0          0   rtexit.o
        10          0          0          0          0          0   rtexit2.o
       128          0          0          0          0         68   strcmpv7m.o
        62          0          0          0          0         76   strlen.o
        12          4          0          0          0         68   sys_exit.o
        74          0          0          0          0         80   sys_stackheap_outer.o
         2          0          0          0          0         68   use_no_semi.o
        52          4          0          0          0         80   vsnprintf.o
        10          0          0          0          0        116   fpinit.o
         4          0          0          0          0        116   printf1.o
         4          0          0          0          0        116   printf2.o
         0          0          0          0          0          0   usenofp.o
        48          0          0          0          0        124   fpclassify.o

    ----------------------------------------------------------------------
      6868        266        552          0        100       4512   Library Totals
        14          0          1          0          4          0   (incl. Padding)

    ----------------------------------------------------------------------

      Code (inc. data)   RO Data    RW Data    ZI Data      Debug   Library Name

      6788        266        551          0         96       4040   c_w.l
        18          0          0          0          0        348   fz_wm.l
        48          0          0          0          0        124   m_wm.l

    ----------------------------------------------------------------------
      6868        266        552          0        100       4512   Library Totals

    ----------------------------------------------------------------------

==============================================================================


      Code (inc. data)   RO Data    RW Data    ZI Data      Debug   

     10644        626        976         52       2148     376244   Grand Totals
     10644        626        976         52       2148     376244   ELF Image Totals
     10644        626        976         52          0          0   ROM Totals

==============================================================================

    Total RO  Size (Code + RO Data)                11620 (  11.35kB)
    Total RW  Size (RW Data + ZI Data)              2200 (   2.15kB)
    Total ROM Size (Code + RO Data + RW Data)      11672 (  11.40kB)

==============================================================================

