<html>
<body>
<pre>
<h1>µVision Build Log</h1>
<h2>Tool Versions:</h2>
IDE-Version: ¦ÌVision V5.42.0.0
Copyright (C) 2025 ARM Ltd and ARM Germany GmbH. All rights reserved.
License Information: È¥ Administrator, È¥, LIC=VGXG8-354EG-HLBCL-00D0N-S14VU-6MP4N
 
Tool Versions:
Toolchain:       MDK-ARM Plus  Version: 5.42.0.0
Toolchain Path:  F:\Keil_v5\ARM\ARMCOMPLIER506\Bin
C Compiler:      Armcc.exe V5.06 update 7 (build 960)
Assembler:       Armasm.exe V5.06 update 7 (build 960)
Linker/Locator:  ArmLink.exe V5.06 update 7 (build 960)
Library Manager: ArmAr.exe V5.06 update 7 (build 960)
Hex Converter:   FromElf.exe V5.06 update 7 (build 960)
CPU DLL:         SARMCM3.DLL V5.42.0.0
Dialog DLL:      DCM.DLL V1.17.5.0
Target DLL:      STLink\ST-LINKIII-KEIL_SWO.dll V3.3.0.0
Dialog DLL:      TCM.DLL V1.56.6.0
 
<h2>Project:</h2>
E:\STM32F4_clock\mdk\stm32f407.uvprojx
Project File Date:  01/20/2026

<h2>Output:</h2>
*** Using Compiler 'V5.06 update 7 (build 960)', folder: 'F:\Keil_v5\ARM\ARMCOMPLIER506\Bin'
Rebuild target 'stm32f407'
compiling font54_maple_bold.c...
..\app\font\font54_maple_bold.c(387): warning:  #177-D: variable "chinese_model"  was declared but never referenced
  static const font_chinese_t chinese_model[] =
..\app\font\font54_maple_bold.c: 1 warning, 0 errors
compiling font16_maple.c...
compiling font24_maple_bold.c...
compiling font76_maple_extrabold.c...
compiling icon_qing.c...
compiling main.c...
..\app\main.c(38): warning:  #111-D: statement is unreachable
      return 0;
..\app\main.c: 1 warning, 0 errors
compiling icon_na.c...
compiling mloop.c...
..\app\usart\usart.h(18): warning:  #1-D: last line of file ends without a newline
  /*USART_H */
..\driver\esp_at\esp_at.h(45): warning:  #1-D: last line of file ends without a newline
  /*ESP_AT_H */
..\app\weather\weather.h(26): warning:  #1-D: last line of file ends without a newline
  /*WEATHER_H */
..\app\mloop.c(35): warning:  #1565-D: white space between backslash and newline in line splice ignored
                              MLOOP_EVT_TIME_SYNC     |\    
..\app\mloop.c(36): warning:  #1565-D: white space between backslash and newline in line splice ignored
                              MLOOP_EVT_WIFI_UPDATE   |\    
..\app\mloop.c(37): warning:  #1565-D: white space between backslash and newline in line splice ignored
                              MLOOP_EVT_TIME_UPDATE   |\    
..\app\mloop.c(38): warning:  #1565-D: white space between backslash and newline in line splice ignored
                              MLOOP_EVT_INNER_UPDATE  |\    
..\app\mloop.c(60): warning:  #546-D: transfer of control bypasses initialization of:
            variable "rtc_date"  (declared at line 74)
          goto err;
          ^
..\app\mloop.c(67): warning:  #546-D: transfer of control bypasses initialization of:
            variable "rtc_date"  (declared at line 74)
          goto err;
          ^
..\app\mloop.c(247): warning:  #167-D: argument of type "void (*)(void *)" is incompatible with parameter of type "TaskHandle_t"
      xTaskNotify(main_loop_func,event,eSetBits);
..\app\mloop.c: 10 warnings, 0 errors
compiling font64_maple_extrabold.c...
compiling icon_leizhenyu.c...
compiling font24_maple_semibold.c...
compiling font20_maple_bold.c...
compiling font32_maple_bold.c...
compiling font54_maple_semibold.c...
compiling icon_duoyun.c...
compiling icon_wenduji.c...
compiling icon_wifi.c...
compiling icon_yintian.c...
compiling icon_yueliang.c...
compiling icon_zhongxue.c...
compiling icon_zhongyu.c...
compiling img_error.c...
compiling error_page.c...
..\app\page\error_page.c(17): warning:  #167-D: argument of type "const char *" is incompatible with parameter of type "char *"
      st7789_write_string(startx, 245, msg, mkcolor(255, 255, 0), color_bg, &font20_maple_bold);
..\app\page\error_page.c: 1 warning, 0 errors
compiling img_meihua.c...
compiling img_wifi.c...
compiling main_page.c...
compiling welcome_page.c...
compiling wifi_page.c...
..\app\page\wifi_page.c(20): warning:  #167-D: argument of type "const char *" is incompatible with parameter of type "char *"
      st7789_write_string(ssid_startx, 231, ssid, mkcolor(255, 255, 255), color_bg, &font20_maple_bold);
..\app\page\wifi_page.c: 1 warning, 0 errors
compiling board.c...
..\driver\led\led.h(12): warning:  #1-D: last line of file ends without a newline
  /*LED_H */
..\app\usart\usart.h(18): warning:  #1-D: last line of file ends without a newline
  /*USART_H */
..\driver\key\key.h(16): warning:  #1-D: last line of file ends without a newline
  /*KEY_H */
..\driver\timer\timer.h(15): warning:  #1-D: last line of file ends without a newline
  /*TIMER_H */
..\driver\esp_at\esp_at.h(45): warning:  #1-D: last line of file ends without a newline
  /*ESP_AT_H */
..\app\weather\weather.h(26): warning:  #1-D: last line of file ends without a newline
  /*WEATHER_H */
..\app\wifi\wifi.h(16): warning:  #1-D: last line of file ends without a newline
  /*WIFI_H */
..\app\board\board.h(29): warning:  #1-D: last line of file ends without a newline
  /*BOARD_H */
..\app\board\board.c: 8 warnings, 0 errors
compiling wifi.c...
..\app\usart\usart.h(18): warning:  #1-D: last line of file ends without a newline
  /*USART_H */
..\driver\esp_at\esp_at.h(45): warning:  #1-D: last line of file ends without a newline
  /*ESP_AT_H */
..\app\wifi\wifi.h(16): warning:  #1-D: last line of file ends without a newline
  /*WIFI_H */
..\app\wifi\wifi.c(27): warning:  #223-D: function "esp_at_sntp_init" declared implicitly
  	if (!esp_at_sntp_init())
..\app\wifi\wifi.c: 4 warnings, 0 errors
assembling startup_stm32f40_41xxx.s...
compiling weather.c...
..\app\usart\usart.h(18): warning:  #1-D: last line of file ends without a newline
  /*USART_H */
..\driver\esp_at\esp_at.h(45): warning:  #1-D: last line of file ends without a newline
  /*ESP_AT_H */
..\app\weather\weather.h(26): warning:  #1-D: last line of file ends without a newline
  /*WEATHER_H */
..\app\weather\weather.c(36): warning:  #181-D: argument is incompatible with corresponding format string conversion
          sscanf(code_response,"\"text\": \"%d\"",info->weather_code);
..\app\weather\weather.c(3): warning:  #177-D: variable "weather"  was declared but never referenced
  static weather_info_t weather = { 0 };
..\app\weather\weather.c: 5 warnings, 0 errors
compiling led.c...
..\driver\led\led.h(12): warning:  #1-D: last line of file ends without a newline
  /*LED_H */
..\driver\led\led.c(37): warning:  #1-D: last line of file ends without a newline
  }
..\driver\led\led.c: 2 warnings, 0 errors
compiling timer.c...
..\driver\led\led.h(12): warning:  #1-D: last line of file ends without a newline
  /*LED_H */
..\app\usart\usart.h(18): warning:  #1-D: last line of file ends without a newline
  /*USART_H */
..\driver\timer\timer.h(15): warning:  #1-D: last line of file ends without a newline
  /*TIMER_H */
..\driver\timer\timer.c(83): warning:  #1-D: last line of file ends without a newline
  }
..\driver\timer\timer.c: 4 warnings, 0 errors
compiling usart.c...
..\app\usart\usart.h(18): warning:  #1-D: last line of file ends without a newline
  /*USART_H */
..\app\usart\usart.c(277): warning:  #1-D: last line of file ends without a newline
  }
..\app\usart\usart.c: 2 warnings, 0 errors
compiling key.c...
..\driver\led\led.h(12): warning:  #1-D: last line of file ends without a newline
  /*LED_H */
..\app\usart\usart.h(18): warning:  #1-D: last line of file ends without a newline
  /*USART_H */
..\driver\key\key.h(16): warning:  #1-D: last line of file ends without a newline
  /*KEY_H */
..\driver\key\key.c: 3 warnings, 0 errors
compiling rtc.c...
compiling esp_at.c...
..\app\usart\usart.h(18): warning:  #1-D: last line of file ends without a newline
  /*USART_H */
..\driver\esp_at\esp_at.h(45): warning:  #1-D: last line of file ends without a newline
  /*ESP_AT_H */
..\driver\esp_at\esp_at.c(146): warning:  #223-D: function "esp_at_wait_ready" declared implicitly
      if (!esp_at_wait_ready(5000))
..\driver\esp_at\esp_at.c(182): warning:  #159-D: declaration is incompatible with previous "esp_at_wait_ready"  (declared at line 146)
  bool esp_at_wait_ready(uint32_t timeout)
..\driver\esp_at\esp_at.c(378): warning:  #1-D: last line of file ends without a newline
  }
..\driver\esp_at\esp_at.c: 5 warnings, 0 errors
compiling st7789.c...
..\driver\st7789\st7789.c(40): warning:  #167-D: argument of type "uint16_t" is incompatible with parameter of type "GPIO_TypeDef *"
      GPIO_ResetBits(LED_PIN, LED_PIN);
..\driver\st7789\st7789.c(40): warning:  #152-D: conversion of nonzero integer to pointer
      GPIO_ResetBits(LED_PIN, LED_PIN);
..\driver\st7789\st7789.c(378): warning:  #1-D: last line of file ends without a newline
  }
..\driver\st7789\st7789.c: 3 warnings, 0 errors
compiling system_stm32f4xx.c...
compiling aht20.c...
compiling misc.c...
compiling stm32f4xx_adc.c...
compiling stm32f4xx_can.c...
compiling stm32f4xx_cec.c...
compiling stm32f4xx_crc.c...
compiling stm32f4xx_cryp.c...
compiling stm32f4xx_cryp_aes.c...
compiling stm32f4xx_cryp_des.c...
compiling stm32f4xx_cryp_tdes.c...
compiling stm32f4xx_dbgmcu.c...
compiling stm32f4xx_dac.c...
compiling stm32f4xx_dcmi.c...
compiling stm32f4xx_dsi.c...
compiling stm32f4xx_dfsdm.c...
compiling stm32f4xx_exti.c...
compiling stm32f4xx_dma2d.c...
compiling stm32f4xx_dma.c...
compiling stm32f4xx_fmpi2c.c...
compiling stm32f4xx_flash_ramfunc.c...
compiling stm32f4xx_flash.c...
compiling stm32f4xx_fsmc.c...
compiling stm32f4xx_gpio.c...
compiling stm32f4xx_hash_md5.c...
compiling stm32f4xx_hash.c...
compiling stm32f4xx_hash_sha1.c...
compiling stm32f4xx_i2c.c...
compiling stm32f4xx_iwdg.c...
compiling stm32f4xx_lptim.c...
compiling stm32f4xx_qspi.c...
compiling stm32f4xx_ltdc.c...
compiling stm32f4xx_pwr.c...
compiling stm32f4xx_rng.c...
compiling stm32f4xx_rcc.c...
compiling stm32f4xx_sai.c...
compiling stm32f4xx_spdifrx.c...
compiling stm32f4xx_rtc.c...
compiling stm32f4xx_sdio.c...
compiling stm32f4xx_spi.c...
compiling stm32f4xx_syscfg.c...
compiling stm32f4xx_tim.c...
compiling stm32f4xx_wwdg.c...
compiling stm32f4xx_usart.c...
compiling heap_4.c...
compiling port.c...
compiling croutine.c...
compiling event_groups.c...
compiling list.c...
compiling stream_buffer.c...
compiling ringbuffer.c...
compiling queue.c...
compiling timers.c...
compiling tasks.c...
linking...
Program Size: Code=36648 RO-data=277656 RW-data=244 ZI-data=115196  
".\Objects\stm32f407.axf" - 0 Error(s), 50 Warning(s).

<h2>Software Packages used:</h2>

Package Vendor: Keil
                https://www.keil.com/pack/Keil.STM32F4xx_DFP.3.0.0.pack
                Keil::STM32F4xx_DFP@3.0.0
                STMicroelectronics STM32F4 Series Device Support

<h2>Collection of Component include folders:</h2>

<h2>Collection of Component Files used:</h2>
Build Time Elapsed:  00:00:08
</pre>
</body>
</html>
